10-31 18:42:09.302 17580 17580 I MultiDex: Installing application
10-31 18:42:09.302 17580 17580 I MultiDex: VM has multidex support, MultiDex support library is disabled.
10-31 18:42:09.312 17580 17620 E earchbox:search: BBinder_init Processname  com.google.android.googlequicksearchbox:search  
10-31 18:42:09.312 17580 17620 E earchbox:search: BBinder_init hasGetProcessName  com.google.android.googlequicksearchbox:search
10-31 18:42:09.350 17629 17629 I .DeviceAsWebcam: Using CollectorTypeCC GC.
10-31 18:42:09.354 17629 17629 E .DeviceAsWebcam: Not starting debugger since process cannot load the jdwp agent.
10-31 18:42:09.363 17629 17629 E VivoConfigStore: hasVivoFeature hidl get exception
10-31 18:42:09.364 17629 17629 W System.err: java.util.NoSuchElementException
10-31 18:42:09.367 17629 17629 W System.err: 	at android.os.HwBinder.getService(Native Method)
10-31 18:42:09.368 17629 17629 W System.err: 	at android.os.HwBinder.getService(HwBinder.java:93)
10-31 18:42:09.368 17629 17629 W System.err: 	at vendor.vivo.hardware.configstore.V1_0.IVivoConfigStore.getService(IVivoConfigStore.java:74)
10-31 18:42:09.368 17629 17629 W System.err: 	at vendor.vivo.hardware.configstore.V1_0.IVivoConfigStore.getService(IVivoConfigStore.java:84)
10-31 18:42:09.368 17629 17629 W System.err: 	at android.util.VivoConfigStoreHelper.getservice(VivoConfigStoreHelper.java:53)
10-31 18:42:09.368 17629 17629 W System.err: 	at android.util.VivoConfigStoreHelper.getFeatureContent(VivoConfigStoreHelper.java:115)
10-31 18:42:09.368 17629 17629 W System.err: 	at android.util.VivoConfigStoreHelper.init(VivoConfigStoreHelper.java:71)
10-31 18:42:09.368 17629 17629 W System.err: 	at android.util.VivoConfigStoreHelper.hasVivoFeature(VivoConfigStoreHelper.java:139)
10-31 18:42:09.368 17629 17629 W System.err: 	at android.util.FtFeature.isFeatureSupport(FtFeature.java:1016)
10-31 18:42:09.368 17629 17629 W System.err: 	at com.vivo.framework.wifiview.VivoWifiViewManager.initFeature(VivoWifiViewManager.java:133)
10-31 18:42:09.368 17629 17629 W System.err: 	at com.vivo.framework.wifiview.VivoWifiViewManager.<init>(VivoWifiViewManager.java:114)
10-31 18:42:09.368 17629 17629 W System.err: 	at com.vivo.framework.wifiview.VivoWifiViewManager.getInstance(VivoWifiViewManager.java:125)
10-31 18:42:09.368 17629 17629 W System.err: 	at com.vivo.framework.FrameworkFactoryImpl.getVivoWifiViewManager(FrameworkFactoryImpl.java:262)
10-31 18:42:09.369 17629 17629 W System.err: 	at android.app.ActivityThread.<init>(ActivityThread.java:3546)
10-31 18:42:09.369 17629 17629 W System.err: 	at android.app.ActivityThread.main(ActivityThread.java:9859)
10-31 18:42:09.369 17629 17629 W System.err: 	at java.lang.reflect.Method.invoke(Native Method)
10-31 18:42:09.369 17629 17629 W System.err: 	at com.android.internal.os.RuntimeInit$MethodAndArgsCaller.run(RuntimeInit.java:625)
10-31 18:42:09.369 17629 17629 W System.err: 	at com.android.internal.os.ZygoteInit.main(ZygoteInit.java:957)
10-31 18:42:09.369 17629 17629 E VivoConfigStore: getFeatureContent return 
10-31 18:42:09.370 17629 17629 E VivoConfigStore: hasVivoFeature hidl get exception
10-31 18:42:09.371 17629 17629 W System.err: java.util.NoSuchElementException
10-31 18:42:09.371 17629 17629 W System.err: 	at android.os.HwBinder.getService(Native Method)
10-31 18:42:09.371 17629 17629 W System.err: 	at android.os.HwBinder.getService(HwBinder.java:93)
10-31 18:42:09.371 17629 17629 W System.err: 	at vendor.vivo.hardware.configstore.V1_0.IVivoConfigStore.getService(IVivoConfigStore.java:74)
10-31 18:42:09.371 17629 17629 W System.err: 	at vendor.vivo.hardware.configstore.V1_0.IVivoConfigStore.getService(IVivoConfigStore.java:84)
10-31 18:42:09.371 17629 17629 W System.err: 	at android.util.VivoConfigStoreHelper.getservice(VivoConfigStoreHelper.java:53)
10-31 18:42:09.371 17629 17629 W System.err: 	at android.util.VivoConfigStoreHelper.hasVivoFeature(VivoConfigStoreHelper.java:169)
10-31 18:42:09.371 17629 17629 W System.err: 	at android.util.FtFeature.isFeatureSupport(FtFeature.java:1016)
10-31 18:42:09.371 17629 17629 W System.err: 	at com.vivo.framework.wifiview.VivoWifiViewManager.initFeature(VivoWifiViewManager.java:133)
10-31 18:42:09.372 17629 17629 W System.err: 	at com.vivo.framework.wifiview.VivoWifiViewManager.<init>(VivoWifiViewManager.java:114)
10-31 18:42:09.372 17629 17629 W System.err: 	at com.vivo.framework.wifiview.VivoWifiViewManager.getInstance(VivoWifiViewManager.java:125)
10-31 18:42:09.372 17629 17629 W System.err: 	at com.vivo.framework.FrameworkFactoryImpl.getVivoWifiViewManager(FrameworkFactoryImpl.java:262)
10-31 18:42:09.372 17629 17629 W System.err: 	at android.app.ActivityThread.<init>(ActivityThread.java:3546)
10-31 18:42:09.372 17629 17629 W System.err: 	at android.app.ActivityThread.main(ActivityThread.java:9859)
10-31 18:42:09.372 17629 17629 W System.err: 	at java.lang.reflect.Method.invoke(Native Method)
10-31 18:42:09.372 17629 17629 W System.err: 	at com.android.internal.os.RuntimeInit$MethodAndArgsCaller.run(RuntimeInit.java:625)
10-31 18:42:09.372 17629 17629 W System.err: 	at com.android.internal.os.ZygoteInit.main(ZygoteInit.java:957)
10-31 18:42:09.373 17629 17629 E .DeviceAsWebcam: BBinder_init Processname  <pre-initialized>  
10-31 18:42:09.438 17629 17629 E VivoConfigStore: hasVivoFeature hidl get exception
10-31 18:42:09.439 17629 17629 W System.err: java.util.NoSuchElementException
10-31 18:42:09.439 17629 17629 W System.err: 	at android.os.HwBinder.getService(Native Method)
10-31 18:42:09.439 17629 17629 W System.err: 	at android.os.HwBinder.getService(HwBinder.java:93)
10-31 18:42:09.439 17629 17629 W System.err: 	at vendor.vivo.hardware.configstore.V1_0.IVivoConfigStore.getService(IVivoConfigStore.java:74)
10-31 18:42:09.439 17629 17629 W System.err: 	at vendor.vivo.hardware.configstore.V1_0.IVivoConfigStore.getService(IVivoConfigStore.java:84)
10-31 18:42:09.439 17629 17629 W System.err: 	at android.util.VivoConfigStoreHelper.getservice(VivoConfigStoreHelper.java:53)
10-31 18:42:09.439 17629 17629 W System.err: 	at android.util.VivoConfigStoreHelper.hasVivoFeature(VivoConfigStoreHelper.java:169)
10-31 18:42:09.439 17629 17629 W System.err: 	at android.util.FtFeature.isFeatureSupport(FtFeature.java:1016)
10-31 18:42:09.439 17629 17629 W System.err: 	at com.vivo.perf.bigdata.JavaHeapGcWatcher.<clinit>(JavaHeapGcWatcher.java:27)
10-31 18:42:09.439 17629 17629 W System.err: 	at android.app.VivoActivityThreadImpl.initialize(VivoActivityThreadImpl.java:167)
10-31 18:42:09.439 17629 17629 W System.err: 	at android.app.ActivityThread.handleBindApplication(ActivityThread.java:8378)
10-31 18:42:09.439 17629 17629 W System.err: 	at android.app.ActivityThread.-$$Nest$mhandleBindApplication(Unknown Source:0)
10-31 18:42:09.439 17629 17629 W System.err: 	at android.app.ActivityThread$H.handleMessage(ActivityThread.java:2871)
10-31 18:42:09.439 17629 17629 W System.err: 	at android.os.Handler.dispatchMessage(Handler.java:109)
10-31 18:42:09.439 17629 17629 W System.err: 	at android.os.Looper.loopOnce(Looper.java:250)
10-31 18:42:09.439 17629 17629 W System.err: 	at android.os.Looper.loop(Looper.java:340)
10-31 18:42:09.439 17629 17629 W System.err: 	at android.app.ActivityThread.main(ActivityThread.java:9889)
10-31 18:42:09.439 17629 17629 W System.err: 	at java.lang.reflect.Method.invoke(Native Method)
10-31 18:42:09.439 17629 17629 W System.err: 	at com.android.internal.os.RuntimeInit$MethodAndArgsCaller.run(RuntimeInit.java:625)
10-31 18:42:09.439 17629 17629 W System.err: 	at com.android.internal.os.ZygoteInit.main(ZygoteInit.java:957)
10-31 18:42:09.456 17629 17629 E VivoConfigStore: hasVivoFeature hidl get exception
10-31 18:42:09.456 17629 17629 W System.err: java.util.NoSuchElementException
10-31 18:42:09.457 17629 17629 W System.err: 	at android.os.HwBinder.getService(Native Method)
10-31 18:42:09.457 17629 17629 W System.err: 	at android.os.HwBinder.getService(HwBinder.java:93)
10-31 18:42:09.457 17629 17629 W System.err: 	at vendor.vivo.hardware.configstore.V1_0.IVivoConfigStore.getService(IVivoConfigStore.java:74)
10-31 18:42:09.457 17629 17629 W System.err: 	at vendor.vivo.hardware.configstore.V1_0.IVivoConfigStore.getService(IVivoConfigStore.java:84)
10-31 18:42:09.457 17629 17629 W System.err: 	at android.util.VivoConfigStoreHelper.getservice(VivoConfigStoreHelper.java:53)
10-31 18:42:09.457 17629 17629 W System.err: 	at android.util.VivoConfigStoreHelper.hasVivoFeature(VivoConfigStoreHelper.java:169)
10-31 18:42:09.457 17629 17629 W System.err: 	at android.util.FtFeature.isFeatureSupport(FtFeature.java:1016)
10-31 18:42:09.457 17629 17629 W System.err: 	at vivo.app.adaptiveui.manager.AdaptiveUiManager.onBindApplication(AdaptiveUiManager.java:388)
10-31 18:42:09.457 17629 17629 W System.err: 	at android.app.ActivityThread.handleBindApplication(ActivityThread.java:8500)
10-31 18:42:09.457 17629 17629 W System.err: 	at android.app.ActivityThread.-$$Nest$mhandleBindApplication(Unknown Source:0)
10-31 18:42:09.457 17629 17629 W System.err: 	at android.app.ActivityThread$H.handleMessage(ActivityThread.java:2871)
10-31 18:42:09.457 17629 17629 W System.err: 	at android.os.Handler.dispatchMessage(Handler.java:109)
10-31 18:42:09.457 17629 17629 W System.err: 	at android.os.Looper.loopOnce(Looper.java:250)
10-31 18:42:09.457 17629 17629 W System.err: 	at android.os.Looper.loop(Looper.java:340)
10-31 18:42:09.457 17629 17629 W System.err: 	at android.app.ActivityThread.main(ActivityThread.java:9889)
10-31 18:42:09.457 17629 17629 W System.err: 	at java.lang.reflect.Method.invoke(Native Method)
10-31 18:42:09.457 17629 17629 W System.err: 	at com.android.internal.os.RuntimeInit$MethodAndArgsCaller.run(RuntimeInit.java:625)
10-31 18:42:09.457 17629 17629 W System.err: 	at com.android.internal.os.ZygoteInit.main(ZygoteInit.java:957)
10-31 18:42:09.461 17580 17580 I djug    : Scheduling one-off OpaEnabledBroadcastWorker in 30 seconds
10-31 18:42:09.466 17629 17629 E .DeviceAsWebcam: BBinder_init Processname  com.android.DeviceAsWebcam  
10-31 18:42:09.466 17629 17629 E .DeviceAsWebcam: BBinder_init hasGetProcessName  com.android.DeviceAsWebcam
10-31 18:42:09.480 17629 17629 I .DeviceAsWebcam: Thread[1,tid=17629,Native,Thread*=0xb400006db000e2c0,peer=0x74934868,"main"] recursive attempt to load library "/system/priv-app/DeviceAsWebcam/lib/arm64/libjni_deviceAsWebcam.so"
10-31 18:42:09.480 17629 17629 E DeviceAsWebcamReceiver: UVC support isn't enabled, why do we have DeviceAsWebcam installed ?
10-31 18:42:09.487 17580 17580 I cnzx    : Initializing GMS Compliance Client Library...
10-31 18:42:09.487 17580 17580 I cnzx    : Checking for device compliance...
10-31 18:42:09.487 17580 17580 I cnzx    : Completed library init.
10-31 18:42:09.499 17580 17580 I efaj    : Validating WorkManager process
10-31 18:42:09.501 17580 17650 I efaj    : (REDACTED) Processes: %s, %s, %s, %s
10-31 18:42:09.534 17580 17664 I dcbx    : (REDACTED) Shared storage file not found for %s
10-31 18:42:09.536 17580 17664 I dcbx    : (REDACTED) Unable to retrieve flag snapshot for %s, using defaults.
10-31 18:42:09.541 17580 17657 I cnzx    : (REDACTED) Device Compliance Fetch time taken = %sms
10-31 18:42:09.541 17580 17657 I cnzx    : Device is compliant!
10-31 18:42:09.544 17580 17657 I cnzx    : Invoking "compliant" action...
10-31 18:42:09.547 17580 17649 E FilePhenotypeFlags: Config package com.google.android.gms.gmscompliance cannot use FILE backing without declarative registration. See go/phenotype-android-integration#phenotype for more information. This will lead to stale flags.
10-31 18:42:09.599 17629 17629 E DeviceAsWebcamReceiver: UVC support isn't enabled, why do we have DeviceAsWebcam installed ?
10-31 18:42:09.633 17629 17629 E DeviceAsWebcamReceiver: UVC support isn't enabled, why do we have DeviceAsWebcam installed ?
10-31 18:42:09.856 17580 17660 I evcx    : (REDACTED) Scoped context discovery schemas: %s.
10-31 18:42:09.934 17580 17580 I vxn     : Local calendar periodic scheduler worker starts.
10-31 18:42:09.935 17580 17580 I A       : Scheduling the PCP local calendar update worker.
10-31 18:42:09.940 31785 31785 E ContrastColorUtil: background can not be translucent: #a6000000
10-31 18:42:09.943 31785 31785 E ContrastColorUtil: background can not be translucent: #a6000000
10-31 18:42:09.944 31785 31785 E ContrastColorUtil: background can not be translucent: #a6000000
10-31 18:42:09.945 31785 31785 E ContrastColorUtil: background can not be translucent: #a6000000
10-31 18:42:09.945 31785 31785 E ContrastColorUtil: background can not be translucent: #a6000000
10-31 18:42:09.946 31785 31785 E ContrastColorUtil: background can not be translucent: #a6000000
10-31 18:42:09.946 31785 31785 E ContrastColorUtil: background can not be translucent: #a6000000
10-31 18:42:09.946 31785 31785 E ContrastColorUtil: background can not be translucent: #a6000000
10-31 18:42:09.947 31785 31785 E ContrastColorUtil: background can not be translucent: #a6000000
10-31 18:42:09.947 31785 31785 E ContrastColorUtil: background can not be translucent: #a6000000
10-31 18:42:09.947 31785 31785 E ContrastColorUtil: background can not be translucent: #a6000000
10-31 18:42:09.947 31785 31785 E ContrastColorUtil: background can not be translucent: #a6000000
10-31 18:42:09.948 31785 31785 E ContrastColorUtil: background can not be translucent: #a6000000
10-31 18:42:09.948 17580 17661 I A       : Calendar refresh worker found. Do not schedule new one.
10-31 18:42:09.948 31785 31785 E ContrastColorUtil: background can not be translucent: #a6000000
10-31 18:42:09.948 31785 31785 E ContrastColorUtil: background can not be translucent: #a6000000
10-31 18:42:09.949 31785 31785 E ContrastColorUtil: background can not be translucent: #a6000000
10-31 18:42:09.949 31785 31785 E ContrastColorUtil: background can not be translucent: #a6000000
10-31 18:42:09.978 17580 17660 I WM-WorkerWrapper: Worker result SUCCESS for Work [ id=85892b63-bba8-4148-822b-f54517263751, tags={ com.google.apps.tiktok.contrib.work.TikTokListenableWorker,TikTokWorker#com.google.android.apps.search.assistant.platform.pcp.featuredata.localcalendar.LocalCalendarPeriodicSchedulerWorker } ]
10-31 18:42:10.300 31785 31826 W WallpaperManager: getBlurWallpaper = isFoldable false changeValue =0 outDisplay =false
10-31 18:42:10.570 17357 17512 I BugleDataModel: ExecuteActionRunnable: running action FixupMessageStatusOnStartupAction
10-31 18:42:10.572 17357 17357 I BugleDataModel: ActionExecutorImpl: ACTION_EXECUTE_QUEUED_FixupMessageStatusOnStartupAction
10-31 18:42:10.573 17357 17357 I BugleDataModel: ActionExecutorImpl: ACTION_EXECUTE_QUEUED_ProcessPendingMessagesAction
10-31 18:42:10.576 17357 17357 I BugleDataModel: ActionExecutorImpl: ACTION_EXECUTE_QUEUED_SelfParticipantsRefreshAction
10-31 18:42:10.671 17357 17512 I BugleDataModel: FixupMessageStatusOnStartupAction: sendFailedCnt: 0, downloadFailedCnt: 0, partsProcessingFailedCnt: 0
10-31 18:42:10.715 17357 17357 I BugleDataModel: ActionExecutorImpl: ACTION_EXECUTE_QUEUED_GenericWorkerQueueAction
10-31 18:42:10.734 17357 17401 I Bugle   : kickOffPendingIfNowConnected: RCS is ready and it was off. Trigger scheduling: [scheduleProcessPendingMessagesActionForStartup, scheduleOnlyForCurrentProcess, maybeScheduleImmediately]
10-31 18:42:10.738 17357 17401 I BugleDataModel: ActionExecutorImpl: ACTION_EXECUTE_QUEUED_ProcessPendingMessagesAction
10-31 18:42:10.743 17357 17357 I BugleDataModel: ActionExecutorImpl: ACTION_EXECUTE_QUEUED_SendReportAction
10-31 18:42:10.743 17357 17357 I BugleDataModel: ActionExecutorImpl: ACTION_EXECUTE_QUEUED_ProcessPendingRevocationsAction
10-31 18:42:10.744 17357 17401 I BugleDataModel: ProcessPendingRevocationsActionScheduler: scheduled next action. back off seconds: 0
10-31 18:42:10.745 17357 17401 I BugleGroupManagement: Skipping RCS group identifiers telephony batch migration. Disabled by phenotype.
10-31 18:42:10.821 17357 17512 I BugleDataModel: PendingMessagesProcessor process from FixupMessageStatusOnStartupAction due to process restarts throttled  with delay 0s with queues smsMessagesToSend:0 mmsMessagesToSend:0 rcsMessagesToSend:0 rcsFTMessagesToSend:0 messagesToDownload:0
10-31 18:42:10.824 17357 17512 I BugleDataModel: Cleared next retry time for channel: sms_send 
10-31 18:42:10.824 17357 17512 I BugleDataModel: Cleared next retry time for channel: mms_send 
10-31 18:42:10.825 17357 17512 I BugleDataModel: Cleared next retry time for channel: mms_download 
10-31 18:42:10.825 17357 17512 I BugleDataModel: Cleared next retry time for channel: rcs_send 
10-31 18:42:10.826 17357 17512 I BugleDataModel: Cleared next retry time for channel: rcs_ft_upload 
10-31 18:42:10.827 17357 17512 I BugleDataModel: Cleared next retry time for channel: rcs_ft_download 
10-31 18:42:10.827 17357 17512 I BugleDataModel: Cleared next retry time for channel: cloud_sync_send 
10-31 18:42:10.828 17357 17512 I BugleDataModel: Cleared next retry time for channel: cloud_sync_attachment_download 
10-31 18:42:10.830 17357 17512 I BugleDataModel: ExecuteActionRunnable: running action ProcessPendingMessagesAction
10-31 18:42:10.840 17357 17512 I BugleDataModel: PendingMessagesProcessor process from ProcessPendingMessagesAction due to scheduled processing  with delay 0s with queues smsMessagesToSend:0 mmsMessagesToSend:0 rcsMessagesToSend:0 rcsFTMessagesToSend:0 messagesToDownload:0
10-31 18:42:10.842 17357 17512 I BugleDataModel: ExecuteActionRunnable: running action SelfParticipantsRefreshAction
10-31 18:42:10.843 17357 17512 I BugleDataModel: ActionExecutorImpl: ACTION_BACKGROUND_QUEUED_SelfParticipantsRefreshAction
10-31 18:42:10.844 17357 17512 I BugleDataModel: ExecuteActionRunnable: running action GenericWorkerQueueAction
10-31 18:42:10.845 17357 17512 I BugleDataModel: ActionExecutorImpl: ACTION_BACKGROUND_QUEUED_GenericWorkerQueueAction
10-31 18:42:10.846 17357 17401 I BugleDataModel: ParticipantRefresh: ContactContentObserver created
10-31 18:42:10.847 17357 17512 I BugleDataModel: ExecuteActionRunnable: running action ProcessPendingMessagesAction
10-31 18:42:10.855 17357 17512 I BugleDataModel: PendingMessagesProcessor process from ProcessPendingMessagesAction due to connectivity state changed  with delay 0s with queues smsMessagesToSend:0 mmsMessagesToSend:0 rcsMessagesToSend:0 rcsFTMessagesToSend:0 messagesToDownload:0
10-31 18:42:10.856 17357 17512 I BugleDataModel: Cleared next retry time for channel: sms_send 
10-31 18:42:10.857 17357 17512 I BugleDataModel: Cleared next retry time for channel: mms_send 
10-31 18:42:10.857 17357 17512 I BugleDataModel: Cleared next retry time for channel: mms_download 
10-31 18:42:10.857 17357 17401 I BugleDataModel: ParticipantFullRefresh: Start participant refresh. refreshMode: SELF_ONLY
10-31 18:42:10.858 17357 17512 I BugleDataModel: Cleared next retry time for channel: rcs_send 
10-31 18:42:10.858 17357 17512 I BugleDataModel: Cleared next retry time for channel: rcs_ft_upload 
10-31 18:42:10.859 17357 17512 I BugleDataModel: Cleared next retry time for channel: rcs_ft_download 
10-31 18:42:10.859 17357 17512 I BugleDataModel: Cleared next retry time for channel: cloud_sync_send 
10-31 18:42:10.859 17357 17512 I BugleDataModel: Cleared next retry time for channel: cloud_sync_attachment_download 
10-31 18:42:10.860 17357 17512 I BugleDataModel: ExecuteActionRunnable: running action SendReportAction
10-31 18:42:10.861 17357 17512 I BugleDataModel: ActionExecutorImpl: ACTION_BACKGROUND_QUEUED_SendReportAction
10-31 18:42:10.862 17357 17512 I BugleDataModel: ExecuteActionRunnable: running action ProcessPendingRevocationsAction
10-31 18:42:10.863 17357 17512 I BugleDataModel: ActionExecutorImpl: ACTION_BACKGROUND_QUEUED_ProcessPendingRevocationsAction
10-31 18:42:10.868 17357 17401 I BugleDataModel: SubscriptionsTracker#refreshSelfParticipantList([1])
10-31 18:42:10.891 17357 17401 I Bugle   : getRawTelephonyPhoneNumber redacted-pii[12-chars] [CONTEXT sub_id=1 ]
10-31 18:42:10.901 17357 17401 I Bugle   : SubscriptionUtils.getCanonicalForSelf: self=redacted-pii[13-chars], country=IN [CONTEXT sub_id=1 ]
10-31 18:42:10.908 17357 17401 I Bugle   : CountryCodeDetector: updateSmsNetworkCountry from default subscription network country. detected country: in
10-31 18:42:10.919 17357 17401 I Bugle   : getRawTelephonyPhoneNumber redacted-pii[12-chars] [CONTEXT sub_id=1 ]
10-31 18:42:10.965 17357 17401 I Bugle   : getRawTelephonyPhoneNumber redacted-pii[12-chars] [CONTEXT sub_id=1 ]
10-31 18:42:10.969 17357 17401 I Bugle   : SubscriptionUtils.getCanonicalForSelf: self=redacted-pii[13-chars], country=IN [CONTEXT sub_id=1 ]
10-31 18:42:10.984 17357 17401 I Bugle   : getRawTelephonyPhoneNumber redacted-pii[12-chars] [CONTEXT sub_id=1 ]
10-31 18:42:11.010 17357 17401 I BugleDataModel: SubscriptionsTracker bindToTrackingMap bound participants: [ParticipantId=1 subId=-1, ParticipantId=2 subId=1, ParticipantId=4 subId=2, ParticipantId=455 subId=3]
10-31 18:42:11.011 17357 17401 I BugleDataModel: set orderedRowIdAndTokenPairs: [rowId=2 subId= 1 token=af7749c1-ab0e-4bf0-af36-96e73a14aef6, rowId=1 subId= -1 token=2ec79417-9a61-4c99-a445-03c8c951c14d, rowId=455 subId= 3 token=b5e7296a-a199-4863-a277-1e3cbc8c8752, rowId=4 subId= 2 token=7e403955-d094-456f-a70b-7c03102347a3]
10-31 18:42:11.067 17357 17401 I Bugle   : getRawTelephonyPhoneNumber redacted-pii[12-chars] [CONTEXT sub_id=1 ]
10-31 18:42:11.070 17357 17401 I Bugle   : SubscriptionUtils.getCanonicalForSelf: self=redacted-pii[13-chars], country=IN [CONTEXT sub_id=1 ]
10-31 18:42:11.225 17357 17401 I Bugle   : getRawTelephonyPhoneNumber redacted-pii[12-chars] [CONTEXT sub_id=1 ]
10-31 18:42:11.227 17357 17401 I Bugle   : SubscriptionUtils.getCanonicalForSelf: self=redacted-pii[13-chars], country=IN [CONTEXT sub_id=1 ]
10-31 18:42:11.277 17357 17401 I Bugle   : TelephonyManagerFactory: Returning per-subscription TelephonyManager (>= N) subscription{id:2}
10-31 18:42:11.280 17357 17401 I Bugle   : getRawTelephonyPhoneNumber redacted-pii[13-chars] [CONTEXT sub_id=2 ]
10-31 18:42:11.281 17357 17401 I Bugle   : TelephonySubscriptionInfoAsOfLMR1: getActiveSubscriptionInfo(): empty sub info for subscription{id:2}
10-31 18:42:11.283 17357 17401 I Bugle   : SubscriptionUtils.getCanonicalForSelf: self=redacted-pii[13-chars], country= [CONTEXT sub_id=2 ]
10-31 18:42:11.285 17357 17401 I Bugle   : TelephonySubscriptionInfoAsOfLMR1: getActiveSubscriptionInfo(): empty sub info for subscription{id:2}
10-31 18:42:11.332 17357 17401 I Bugle   : TelephonyManagerFactory: Returning per-subscription TelephonyManager (>= N) subscription{id:3}
10-31 18:42:11.334 17357 17401 I Bugle   : getRawTelephonyPhoneNumber redacted-pii[12-chars] [CONTEXT sub_id=3 ]
10-31 18:42:11.335 17357 17401 I Bugle   : TelephonySubscriptionInfoAsOfLMR1: getActiveSubscriptionInfo(): empty sub info for subscription{id:3}
10-31 18:42:11.336 17357 17401 I Bugle   : Phone number for self is invalid! With country= and number=redacted-pii[12-chars] [CONTEXT sub_id=3 ]
10-31 18:42:11.337 17357 17401 I Bugle   : TelephonySubscriptionInfoAsOfLMR1: getActiveSubscriptionInfo(): empty sub info for subscription{id:3}
10-31 18:42:11.346 11935 16833 I NearbyMediums: No BLE Fast/GATT advertisements found in the latest cycle.
10-31 18:42:11.347 11935 16833 I NearbyMediums: Current Tracked Scanning Clients are : {NearbyConnections.EnvironmentMonitor, NearbySharing}
10-31 18:42:11.354 11935 17009 I NearbyConnections: Processing lost BlePeripheral BlePeripheral{advertisement=BleAdvertisement { version=2, socketVersion=2, isFast=true, serviceIdHash=null, data=[ 0x23 0x46 0x38 0x42 0x45 0x11 0x32 0x33 0xad 0x3b 0xb5 0x7c 0xe0 0x7b 0x16 0xf4 0x4e 0x80 0xf7 0x81 0x34 0x3f 0xd8 ], deviceToken=[ 0xc6 0x79 ], rxAdvertisement=null }, dctAdvertisement=null, address=null, psm=0, deviceToken=<ByteString@6be3feb size=2 contents="\306y">, isSecondProfile=false, rxInstantConnectionAdv=null}.
10-31 18:42:11.354 11935 17009 I NearbyConnections: Lost BleEndpoint for BlePeripheral BlePeripheral{advertisement=BleAdvertisement { version=2, socketVersion=2, isFast=true, serviceIdHash=null, data=[ 0x23 0x46 0x38 0x42 0x45 0x11 0x32 0x33 0xad 0x3b 0xb5 0x7c 0xe0 0x7b 0x16 0xf4 0x4e 0x80 0xf7 0x81 0x34 0x3f 0xd8 ], deviceToken=[ 0xc6 0x79 ], rxAdvertisement=null }, dctAdvertisement=null, address=null, psm=0, deviceToken=<ByteString@6be3feb size=2 contents="\306y">, isSecondProfile=false, rxInstantConnectionAdv=null} (with EndpointId F8BE and EndpointInfo [ 0x32 0x33 0xad 0x3b 0xb5 0x7c 0xe0 0x7b 0x16 0xf4 0x4e 0x80 0xf7 0x81 0x34 0x3f 0xd8 ]).
10-31 18:42:11.356 11935 17009 I NearbyConnections: ClientProxy(29819773) reporting onEndpointLost(F8BE)
10-31 18:42:11.358 11935 16818 I NearbySharing: NearbySharing Internal event EndpointLost(endpointId=F8BE)
10-31 18:42:11.367 17357 17401 I BugleDataModel: ParticipantFullRefresh: Number of participants refreshed: 0
10-31 18:42:11.370 17357 17401 I BugleDataModel: ActionExecutorImpl: ACTION_RESPONSE_QUEUED_SelfParticipantsRefreshAction
10-31 18:42:11.378 17357 17401 I BugleJobs: GenericWorkerQueueAction: Bailing early, no work found, no failed work found
10-31 18:42:11.379 17357 17401 I BugleDataModel: ActionExecutorImpl: ACTION_RESPONSE_QUEUED_GenericWorkerQueueAction
10-31 18:42:11.383 17357 17512 I Bugle   : getRawTelephonyPhoneNumber redacted-pii[12-chars] [CONTEXT sub_id=1 ]
10-31 18:42:11.385 17357 17512 I Bugle   : SubscriptionUtils.getCanonicalForSelf: self=redacted-pii[13-chars], country=IN [CONTEXT sub_id=1 ]
10-31 18:42:11.390 17357 17512 I BugleSelfIdentity: Phone number for MyIdentity af7749c1-ab0e-4bf0-af36-96e73a14aef6 does not change [CONTEXT sub_id=1 icc_id="redacted-pii[20-chars]" messaging_identity="redacted-pii[13-chars]" rcs_provisioning_id="redacted-pii[0-chars]" ]
10-31 18:42:11.403 17357 17512 I Bugle   : getRawTelephonyPhoneNumber redacted-pii[12-chars] [CONTEXT sub_id=1 ]
10-31 18:42:11.404 17357 17512 I Bugle   : SubscriptionUtils.getCanonicalForSelf: self=redacted-pii[13-chars], country=IN [CONTEXT sub_id=1 ]
10-31 18:42:11.408 17357 17512 I BugleSelfIdentity: Phone number for MyIdentity af7749c1-ab0e-4bf0-af36-96e73a14aef6 does not change [CONTEXT sub_id=1 icc_id="redacted-pii[20-chars]" messaging_identity="redacted-pii[13-chars]" rcs_provisioning_id="redacted-pii[0-chars]" ]
10-31 18:42:11.540 17357 17366 I .apps.messaging: Compiler allocated 7233KB to compile erhs bsjw.fK(dwtg)
10-31 18:42:11.563 17357 17366 W .apps.messaging: Missing inline cache for void com.google.android.apps.messaging.shared.datamodel.databasegen.tabledefinitions.ParticipantsTable$BindData.d(dwpe)
10-31 18:42:11.563 17357 17366 W .apps.messaging: Missing inline cache for void com.google.android.apps.messaging.shared.datamodel.databasegen.tabledefinitions.ParticipantsTable$BindData.d(dwpe)
10-31 18:42:11.594 17357 17372 W Binder  : Caught a RuntimeException from the binder stub implementation.
10-31 18:42:11.594 17357 17372 W Binder  : java.lang.UnsupportedOperationException
10-31 18:42:11.594 17357 17372 W Binder  : 	at com.google.android.gms.clearcut.internal.DefaultClearcutLoggerCallbacks.onLogError(PG:3)
10-31 18:42:11.594 17357 17372 W Binder  : 	at com.google.android.gms.clearcut.internal.IClearcutLoggerCallbacks$Stub.dispatchTransaction(PG:33)
10-31 18:42:11.594 17357 17372 W Binder  : 	at com.google.android.aidl.BaseStub.onTransact(PG:13)
10-31 18:42:11.594 17357 17372 W Binder  : 	at android.os.Binder.execTransactInternal(Binder.java:1566)
10-31 18:42:11.594 17357 17372 W Binder  : 	at android.os.Binder.execTransact(Binder.java:1505)
10-31 18:42:11.648 17357 17401 I BugleDataModel: ActionExecutorImpl: ACTION_RESPONSE_QUEUED_SendReportAction
10-31 18:42:11.660 17357 17401 I BugleDataModel: ActionExecutorImpl: ACTION_RESPONSE_QUEUED_ProcessPendingRevocationsAction
10-31 18:42:11.740 17357 17367 I .apps.messaging: Background young concurrent copying GC freed 16MB AllocSpace bytes, 56(2056KB) LOS objects, 54% free, 15MB/34MB, paused 344us,56us total 118.331ms
10-31 18:42:11.843 31785 31785 W AppOpsControllerImpl: Noted op: 1 with result allow for package com.android.phone
10-31 18:42:12.037 17357 17372 W Binder  : Caught a RuntimeException from the binder stub implementation.
10-31 18:42:12.037 17357 17372 W Binder  : java.lang.UnsupportedOperationException
10-31 18:42:12.037 17357 17372 W Binder  : 	at com.google.android.gms.clearcut.internal.DefaultClearcutLoggerCallbacks.onLogError(PG:3)
10-31 18:42:12.037 17357 17372 W Binder  : 	at com.google.android.gms.clearcut.internal.IClearcutLoggerCallbacks$Stub.dispatchTransaction(PG:33)
10-31 18:42:12.037 17357 17372 W Binder  : 	at com.google.android.aidl.BaseStub.onTransact(PG:13)
10-31 18:42:12.037 17357 17372 W Binder  : 	at android.os.Binder.execTransactInternal(Binder.java:1566)
10-31 18:42:12.037 17357 17372 W Binder  : 	at android.os.Binder.execTransact(Binder.java:1505)
10-31 18:42:14.048 31785 31842 W AppOpsControllerImpl: Removed item: AppOpItem(Op code=1, UID=1000, Package name=com.vivo.pem, Paused=false)false)
10-31 18:42:14.049 31785 31842 W AppOpsControllerImpl: Removed item: AppOpItem(Op code=1, UID=1000, Package name=android, Paused=false)false)
10-31 18:42:14.049 31785 31842 W AppOpsControllerImpl: Removed item: AppOpItem(Op code=1, UID=1000, Package name=com.android.server.telecom, Paused=false)false)
10-31 18:42:15.466  1596  2956 W BatteryStatsService: Unknown sensor handle 0 received in noteWakeupSensorEvent
10-31 18:42:16.632 17580 17659 W Binder  : Caught a RuntimeException from the binder stub implementation.
10-31 18:42:16.632 17580 17659 W Binder  : java.lang.UnsupportedOperationException
10-31 18:42:16.632 17580 17659 W Binder  : 	at bznp.a(PG:3)
10-31 18:42:16.632 17580 17659 W Binder  : 	at bznp.dispatchTransaction(PG:33)
10-31 18:42:16.632 17580 17659 W Binder  : 	at pxe.onTransact(PG:13)
10-31 18:42:16.632 17580 17659 W Binder  : 	at android.os.Binder.execTransactInternal(Binder.java:1566)
10-31 18:42:16.632 17580 17659 W Binder  : 	at android.os.Binder.execTransact(Binder.java:1505)
10-31 18:42:16.854 31785 31842 W AppOpsControllerImpl: Removed item: AppOpItem(Op code=1, UID=1001, Package name=com.android.phone, Paused=false)false)
10-31 18:42:18.843 17580 17659 W Binder  : Caught a RuntimeException from the binder stub implementation.
10-31 18:42:18.843 17580 17659 W Binder  : java.lang.UnsupportedOperationException
10-31 18:42:18.843 17580 17659 W Binder  : 	at bznp.a(PG:3)
10-31 18:42:18.843 17580 17659 W Binder  : 	at bznp.dispatchTransaction(PG:33)
10-31 18:42:18.843 17580 17659 W Binder  : 	at pxe.onTransact(PG:13)
10-31 18:42:18.843 17580 17659 W Binder  : 	at android.os.Binder.execTransactInternal(Binder.java:1566)
10-31 18:42:18.843 17580 17659 W Binder  : 	at android.os.Binder.execTransact(Binder.java:1505)
10-31 18:42:21.354 11935 16833 I NearbyMediums: No BLE Fast/GATT advertisements found in the latest cycle.
10-31 18:42:21.355 11935 16833 I NearbyMediums: Current Tracked Scanning Clients are : {NearbyConnections.EnvironmentMonitor, NearbySharing}
10-31 18:42:25.531  1596  2319 W BatteryStatsService: Unknown sensor handle 0 received in noteWakeupSensorEvent
10-31 18:42:31.357 11935 16833 I NearbyMediums: No BLE Fast/GATT advertisements found in the latest cycle.
10-31 18:42:31.357 11935 16833 I NearbyMediums: Current Tracked Scanning Clients are : {NearbyConnections.EnvironmentMonitor, NearbySharing}
10-31 18:42:39.473 17580 17658 I djug    : Scheduling one-off OpaEnabledBroadcastWorker now
10-31 18:42:39.577 17580 17650 I djui    : Broadcasting OPA enabled
10-31 18:42:39.591 17580 17650 I djui    : Broadcasting OPA user enabled
10-31 18:42:39.605 17580 17658 I WM-WorkerWrapper: Worker result SUCCESS for Work [ id=d1904bc3-cd01-4819-8afd-815e5a13df27, tags={ com.google.apps.tiktok.contrib.work.TikTokListenableWorker,TikTokWorker#com.google.android.libraries.search.assistant.launcher.OpaEnabledBroadcastWorker } ]
10-31 18:42:41.359 11935 16833 I NearbyMediums: No BLE Fast/GATT advertisements found in the latest cycle.
10-31 18:42:41.360 11935 16833 I NearbyMediums: Current Tracked Scanning Clients are : {NearbyConnections.EnvironmentMonitor, NearbySharing}
10-31 18:42:47.785 11935 16749 W LogErrorOperation: onLogError callback failed.
10-31 18:42:49.021 12162 12248 I dgqb    : (REDACTED) Probing voice interaction service recovery for condition(%s).
10-31 18:42:49.022 12162 12248 I dgqb    : (REDACTED) Skipping voice interaction service recovery(%s) for condition(%s).
10-31 18:42:49.022 12162 12248 I dgqb    : (REDACTED) Skipping voice interaction service recovery(%s) for condition(%s).
10-31 18:42:49.047 11935 16749 I CastDatabase: Saving the database
10-31 18:42:49.058 11935 16749 I SQLiteCastStore: [CastNetworkInfo] saved: 0, skipped: 0, [CastDeviceInfo]: saved 0, skipped 0, [ProbedNetworks]: saved 0, skipped: 0, [ProbedSocketAddress]: saved 0, skipped: 0, [Network-Device pairs]: saved: 0
10-31 18:42:51.361 11935 17009 I NearbyMediums: No BLE Fast/GATT advertisements found in the latest cycle.
10-31 18:42:51.362 11935 17009 I NearbyMediums: Current Tracked Scanning Clients are : {NearbyConnections.EnvironmentMonitor, NearbySharing}
10-31 18:42:55.213 12162 12178 W Binder  : Caught a RuntimeException from the binder stub implementation.
10-31 18:42:55.213 12162 12178 W Binder  : java.lang.UnsupportedOperationException
10-31 18:42:55.213 12162 12178 W Binder  : 	at bznp.a(PG:3)
10-31 18:42:55.213 12162 12178 W Binder  : 	at bznp.dispatchTransaction(PG:33)
10-31 18:42:55.213 12162 12178 W Binder  : 	at pxe.onTransact(PG:13)
10-31 18:42:55.213 12162 12178 W Binder  : 	at android.os.Binder.execTransactInternal(Binder.java:1566)
10-31 18:42:55.213 12162 12178 W Binder  : 	at android.os.Binder.execTransact(Binder.java:1505)
10-31 18:42:56.049 12162 12178 W Binder  : Caught a RuntimeException from the binder stub implementation.
10-31 18:42:56.049 12162 12178 W Binder  : java.lang.UnsupportedOperationException
10-31 18:42:56.049 12162 12178 W Binder  : 	at bznp.a(PG:3)
10-31 18:42:56.049 12162 12178 W Binder  : 	at bznp.dispatchTransaction(PG:33)
10-31 18:42:56.049 12162 12178 W Binder  : 	at pxe.onTransact(PG:13)
10-31 18:42:56.049 12162 12178 W Binder  : 	at android.os.Binder.execTransactInternal(Binder.java:1566)
10-31 18:42:56.049 12162 12178 W Binder  : 	at android.os.Binder.execTransact(Binder.java:1505)
10-31 18:42:58.225 31785 31804 W System  : A resource failed to call release. 
10-31 18:42:58.225 31785 31804 W System  : A resource failed to call release. 
10-31 18:42:58.227 31785 31804 W System  : A resource failed to call release. 
10-31 18:42:58.229 31785 31804 W System  : A resource failed to call release. 
10-31 18:42:58.231 31785 31804 W System  : A resource failed to call release. 
10-31 18:42:58.231 31785 31804 W System  : A resource failed to call release. 
10-31 18:42:58.233 31785 31804 W System  : A resource failed to call HardwareBuffer.close. 
10-31 18:43:00.311 14111 10961 W JobInfo : Job 'com.vivo.imanager/com.iqoo.secure.notification.NotificationService#0' has a deadline with no functional constraints. The deadline won't improve job execution latency. Consider removing the deadline.
10-31 18:43:00.351 14111 10961 W JobInfo : Job 'com.vivo.imanager/com.iqoo.secure.notification.NotificationService#0' has a deadline with no functional constraints. The deadline won't improve job execution latency. Consider removing the deadline.
10-31 18:43:01.364 11935 17009 I NearbyMediums: No BLE Fast/GATT advertisements found in the latest cycle.
10-31 18:43:01.364 11935 17009 I NearbyMediums: Current Tracked Scanning Clients are : {NearbyConnections.EnvironmentMonitor, NearbySharing}
10-31 18:43:04.704 12162 12162 I xtk     : onReceive
10-31 18:43:04.708 16788 16788 I on.gearhead:car: Using CollectorTypeCC GC.
10-31 18:43:04.729 12162 12239 I zfc     : (REDACTED) bluetoothConnectionStateChanged. Action: %s
10-31 18:43:04.729 12162 12239 I zec     : Registering Gemini service client
10-31 18:43:04.729 12162 12239 I zeh     : Initializing PhoneMediaHandler
10-31 18:43:04.733 16788 16788 E on.gearhead:car: BBinder_init Processname  <pre-initialized>  
10-31 18:43:04.767 11935 13987 I Nearby  : (REDACTED) is blocked device type %s, isAuto=%s, isIot=%s, isLatchsky=%s, isChinaWearable=%s, isTv=%s, isWearable=%s (supportWearOs=%s), isChromeOsDevice=%s (supportChromeOs=%s)
10-31 18:43:04.771 11935 11935 I NearbyDiscovery: (REDACTED) DiscoveryService onStartCommand action: %s
10-31 18:43:04.775 17357 17695 W Binder  : Caught a RuntimeException from the binder stub implementation.
10-31 18:43:04.775 17357 17695 W Binder  : java.lang.UnsupportedOperationException
10-31 18:43:04.775 17357 17695 W Binder  : 	at com.google.android.gms.clearcut.internal.DefaultClearcutLoggerCallbacks.onLogError(PG:3)
10-31 18:43:04.775 17357 17695 W Binder  : 	at com.google.android.gms.clearcut.internal.IClearcutLoggerCallbacks$Stub.dispatchTransaction(PG:33)
10-31 18:43:04.775 17357 17695 W Binder  : 	at com.google.android.aidl.BaseStub.onTransact(PG:13)
10-31 18:43:04.775 17357 17695 W Binder  : 	at android.os.Binder.execTransactInternal(Binder.java:1566)
10-31 18:43:04.775 17357 17695 W Binder  : 	at android.os.Binder.execTransact(Binder.java:1505)
10-31 18:43:04.778 11935 11935 I NearbyDiscovery: (REDACTED) onAclChange: state=%s, %s
10-31 18:43:04.783 11935 17477 I Wear_Controller: Wearable module requires a companion app to be installed.
10-31 18:43:04.783 11935 17477 I WearableService: onCreate: Wearable Services not starting. Wear is not available on this device.
10-31 18:43:04.785 11935 12594 W WearableService: onGetService: Wear is not available on this device.
10-31 18:43:04.785 12162 12228 I zfc     : Reconnect Herbie with input only mode
10-31 18:43:04.786 12162 12229 W GoogleApiManager: Not showing notification since connectionResult is not user-facing: ConnectionResult{statusCode=API_UNAVAILABLE, resolution=null, message=null, clientMethodKey=null}
10-31 18:43:04.789 11935 12511 I NearbyDiscovery: (REDACTED) FastPair: lock scan rate if needed, %s, bondState=%s
10-31 18:43:04.791 11935 12511 I NearbyDiscovery: (REDACTED) OffloadFastPairScanner: eventType=%s, isInternalReq=%s, isOffloadScanning=%s, isOffloadScanningAllowed=%s
10-31 18:43:04.792 11935 12511 I NearbyDiscovery: (REDACTED) FastPairScanner: isScreenOn=%s, isLocationEnabled=%s, disableLocationRequirement=%s, isDiscoveryScanningEnabled=%s, during24GhzWifiWarmingUpPeriod=%s
10-31 18:43:04.792 11935 12511 I NearbyDiscovery: (REDACTED) FastPairScanner: eventType=%s, intReq=%s, scanning=%s, scanAllowed=%s, bleEnabled=%s, lockScanRate=%s, startScanningByLowPowerMode=%s
10-31 18:43:04.793 11935 12511 I NearbyDiscovery: (REDACTED) FastPairScanner: Already in %s scanning
10-31 18:43:04.793 11935 12511 I NearbyDiscovery: (REDACTED) FastPairScanner: set recover event type, from=%s, to=%s
10-31 18:43:04.793 11935 12511 I NearbyDiscovery: FastPairScanner: LockScanRateResult isn't UNLOCK but handled [CONTEXT service_id=265 ]
10-31 18:43:04.800 16788 16788 W on.gearhead:car: Failed to find entry 'classes.dex': Entry not found
10-31 18:43:04.801 16788 16788 W on.gearhead:car: Failed to find entry 'classes.dex': Entry not found
10-31 18:43:04.802 16788 16788 W on.gearhead:car: Failed to find entry 'classes.dex': Entry not found
10-31 18:43:04.845 16788 16788 I CAR.GH  : onCreate
10-31 18:43:04.851 16788 16788 E on.gearhead:car: BBinder_init Processname  com.google.android.projection.gearhead:car  
10-31 18:43:04.851 16788 16788 E on.gearhead:car: BBinder_init hasGetProcessName  com.google.android.projection.gearhead:car
10-31 18:43:04.869 16788 16788 I GH.PrimesMgr: transmitting to prod
10-31 18:43:04.875 16788 16788 I CAR.GH  : Process: CAR
10-31 18:43:04.875 16788 16788 I CAR.GH  : Channel: BETA
10-31 18:43:04.887 16788 16788 I CAR.GH  : onCreate completed
10-31 18:43:07.925 12162 12162 I xtk     : onReceive
10-31 18:43:07.927 12162 12228 I zfc     : (REDACTED) bluetoothConnectionStateChanged. Action: %s
10-31 18:43:07.944 11935 17477 I Nearby  : (REDACTED) is blocked device type %s, isAuto=%s, isIot=%s, isLatchsky=%s, isChinaWearable=%s, isTv=%s, isWearable=%s (supportWearOs=%s), isChromeOsDevice=%s (supportChromeOs=%s)
10-31 18:43:07.947 12162 12228 I zec     : Deinitializing Gemini service client
10-31 18:43:07.948 12162 12228 I zeh     : Deinitializing PhoneMediaHandler
10-31 18:43:07.948 11935 11935 I NearbyDiscovery: (REDACTED) DiscoveryService onStartCommand action: %s
10-31 18:43:07.950 11935 11935 I NearbyDiscovery: (REDACTED) onAclChange: state=%s, %s
10-31 18:43:07.954 11935 12594 W WearableService: onGetService: Wear is not available on this device.
10-31 18:43:07.955 12162 12229 W GoogleApiManager: Not showing notification since connectionResult is not user-facing: ConnectionResult{statusCode=API_UNAVAILABLE, resolution=null, message=null, clientMethodKey=null}
10-31 18:43:09.531 11935 17009 I NearbySharing: Network state changed: NetworkState(isRestricted=false, isOnline=true, isCongested=false, isMetered=true, isWifiConnected=false)
10-31 18:43:09.803 11935 12511 I NearbyDiscovery: (REDACTED) FastPairScanner: isScreenOn=%s, isLocationEnabled=%s, disableLocationRequirement=%s, isDiscoveryScanningEnabled=%s, during24GhzWifiWarmingUpPeriod=%s
10-31 18:43:09.804 11935 12511 I NearbyDiscovery: (REDACTED) FastPairScanner: eventType=%s, intReq=%s, scanning=%s, scanAllowed=%s, bleEnabled=%s, lockScanRate=%s, startScanningByLowPowerMode=%s
10-31 18:43:09.804 11935 12511 I NearbyDiscovery: (REDACTED) FastPairScanner: recover with default scan event, eventType=%s
10-31 18:43:09.804 11935 12511 I NearbyDiscovery: (REDACTED) FastPairScanner: Convert to recover eventType=%s
10-31 18:43:09.804 11935 12511 I NearbyDiscovery: (REDACTED) FastPairScanner: Already in %s scanning
10-31 18:43:09.986 17580 17599 W Binder  : Caught a RuntimeException from the binder stub implementation.
10-31 18:43:09.986 17580 17599 W Binder  : java.lang.UnsupportedOperationException
10-31 18:43:09.986 17580 17599 W Binder  : 	at bznp.a(PG:3)
10-31 18:43:09.986 17580 17599 W Binder  : 	at bznp.dispatchTransaction(PG:33)
10-31 18:43:09.986 17580 17599 W Binder  : 	at pxe.onTransact(PG:13)
10-31 18:43:09.986 17580 17599 W Binder  : 	at android.os.Binder.execTransactInternal(Binder.java:1566)
10-31 18:43:09.986 17580 17599 W Binder  : 	at android.os.Binder.execTransact(Binder.java:1505)
10-31 18:43:11.366 11935 17009 I NearbyMediums: No BLE Fast/GATT advertisements found in the latest cycle.
10-31 18:43:11.367 11935 17009 I NearbyMediums: Current Tracked Scanning Clients are : {NearbyConnections.EnvironmentMonitor, NearbySharing}
10-31 18:43:11.968 16788 17760 W Binder  : Caught a RuntimeException from the binder stub implementation.
10-31 18:43:11.968 16788 17760 W Binder  : java.lang.UnsupportedOperationException
10-31 18:43:11.968 16788 17760 W Binder  : 	at qbb.a(SourceFile:3)
10-31 18:43:11.968 16788 17760 W Binder  : 	at qbb.cV(SourceFile:33)
10-31 18:43:11.968 16788 17760 W Binder  : 	at gna.onTransact(SourceFile:21)
10-31 18:43:11.968 16788 17760 W Binder  : 	at android.os.Binder.execTransactInternal(Binder.java:1566)
10-31 18:43:11.968 16788 17760 W Binder  : 	at android.os.Binder.execTransact(Binder.java:1505)
10-31 18:43:21.369 11935 17009 I NearbyMediums: No BLE Fast/GATT advertisements found in the latest cycle.
10-31 18:43:21.369 11935 17009 I NearbyMediums: Current Tracked Scanning Clients are : {NearbyConnections.EnvironmentMonitor, NearbySharing}
10-31 18:43:30.339 11935 16833 I NearbyConnections: Found BleAdvertisement [ 0x23 0x46 0x38 0x42 0x45 0x11 0x32 0x33 0xad 0x3b 0xb5 0x7c 0xe0 0x7b 0x16 0xf4 0x4e 0x80 0xf7 0x81 0x34 0x3f 0xd8 ] (with EndpointId F8BE and EndpointInfo [ 0x32 0x33 0xad 0x3b 0xb5 0x7c 0xe0 0x7b 0x16 0xf4 0x4e 0x80 0xf7 0x81 0x34 0x3f 0xd8 ])
10-31 18:43:30.348 11935 16833 I NearbyConnections: ClientProxy(29819773 0p:com.google.android.gms.nearby.sharing) reporting onEndpointFound(F8BE)
10-31 18:43:30.354 11935 16833 I NearbyConnections: ClientProxy(29819773) reporting onEndpointDistanceChanged(F8BE, UNKNOWN)
10-31 18:43:30.356 11935 17819 I NearbySharing: NearbySharing Internal event EndpointDiscovered(endpointId=F8BE)
10-31 18:43:30.859 11935 17820 I NearbySharing: Network state changed: NetworkState(isRestricted=false, isOnline=true, isCongested=false, isMetered=true, isWifiConnected=false)
10-31 18:43:31.372 11935 17820 I NearbyMediums: Found Fast Ble Advertisements :
10-31 18:43:31.372 11935 17820 I NearbyMediums: BleAdvertisement { version=2, socketVersion=2, isFast=true, serviceIdHash=null, data=[ 0x23 0x46 0x38 0x42 0x45 0x11 0x32 0x33 0xad 0x3b 0xb5 0x7c 0xe0 0x7b 0x16 0xf4 0x4e 0x80 0xf7 0x81 0x34 0x3f 0xd8 ], deviceToken=[ 0xc6 0x79 ], rxAdvertisement=null } : 1 times.
10-31 18:43:31.372 11935 17820 I NearbyMediums: Total 1 fast advertisements from 1 unique advertisers.
10-31 18:43:31.372 11935 17820 I NearbyMediums: Current Tracked Scanning Clients are : {NearbyConnections.EnvironmentMonitor, NearbySharing}
10-31 18:43:32.021 11935 17352 I NearbyDiscovery: (REDACTED) loadFastPairModule: checkFeaturesAreAvailable:%d
10-31 18:43:32.021 11935 17352 I NearbyDiscovery: loadFastPairModule: FastPair module is downloaded. [CONTEXT service_id=265 ]
10-31 18:43:32.024 11935 12511 I NearbyDiscovery: (REDACTED) %s
10-31 18:43:32.024 11935 12511 I NearbyDiscovery: (REDACTED) %s
10-31 18:43:32.025 11935 12511 I NearbyDiscovery: (REDACTED) %s
10-31 18:43:34.222 12162 12162 I xtk     : onReceive
10-31 18:43:34.227 12162 12250 I zfc     : (REDACTED) bluetoothConnectionStateChanged. Action: %s
10-31 18:43:34.227 12162 12250 I zec     : Registering Gemini service client
10-31 18:43:34.227 12162 12250 I zeh     : Initializing PhoneMediaHandler
10-31 18:43:34.250 12162 12239 I zfc     : Reconnect Herbie with input only mode
10-31 18:43:34.257 11935 13987 I Nearby  : (REDACTED) is blocked device type %s, isAuto=%s, isIot=%s, isLatchsky=%s, isChinaWearable=%s, isTv=%s, isWearable=%s (supportWearOs=%s), isChromeOsDevice=%s (supportChromeOs=%s)
10-31 18:43:34.261 11935 11935 I NearbyDiscovery: (REDACTED) DiscoveryService onStartCommand action: %s
10-31 18:43:34.262 11935 11935 I NearbyDiscovery: (REDACTED) onAclChange: state=%s, %s
10-31 18:43:34.262 11935 12511 I NearbyDiscovery: (REDACTED) FastPair: lock scan rate if needed, %s, bondState=%s
10-31 18:43:34.262 11935 12511 I NearbyDiscovery: (REDACTED) OffloadFastPairScanner: eventType=%s, isInternalReq=%s, isOffloadScanning=%s, isOffloadScanningAllowed=%s
10-31 18:43:34.263 11935 12511 I NearbyDiscovery: (REDACTED) FastPairScanner: isScreenOn=%s, isLocationEnabled=%s, disableLocationRequirement=%s, isDiscoveryScanningEnabled=%s, during24GhzWifiWarmingUpPeriod=%s
10-31 18:43:34.264 11935 12511 I NearbyDiscovery: (REDACTED) FastPairScanner: eventType=%s, intReq=%s, scanning=%s, scanAllowed=%s, bleEnabled=%s, lockScanRate=%s, startScanningByLowPowerMode=%s
10-31 18:43:34.264 11935 12511 I NearbyDiscovery: (REDACTED) FastPairScanner: Already in %s scanning
10-31 18:43:34.264 11935 12511 I NearbyDiscovery: (REDACTED) FastPairScanner: set recover event type, from=%s, to=%s
10-31 18:43:34.264 11935 12511 I NearbyDiscovery: FastPairScanner: LockScanRateResult isn't UNLOCK but handled [CONTEXT service_id=265 ]
10-31 18:43:34.275 11935 17477 I Wear_Controller: Wearable module requires a companion app to be installed.
10-31 18:43:34.275 11935 17477 I WearableService: onCreate: Wearable Services not starting. Wear is not available on this device.
10-31 18:43:34.276 11935 12594 W WearableService: onGetService: Wear is not available on this device.
10-31 18:43:34.277 12162 12229 W GoogleApiManager: Not showing notification since connectionResult is not user-facing: ConnectionResult{statusCode=API_UNAVAILABLE, resolution=null, message=null, clientMethodKey=null}
10-31 18:43:34.637 17357 17824 I RcsProvisioningFlow: Handling SIM state update work request for 2 with updateTrigger 7, scheduledAt 2025-10-31T13:12:04.537Z.
10-31 18:43:34.649 17357 17503 I BugleClearcutLogger: qosTierResolver for LOG_SPEC_SIM_SUBSCRIPTION_INFOS_UPDATE_EVENT is null. Using DEFAULT QoS tier as there's no specific QoS configuration for this log spec.
10-31 18:43:34.652 17357 17503 I BugleConnectivity: Connection state change: SIM removed, data connection: UNKNOWN, manual connection eligibility: false, ntn roaming: false
10-31 18:43:34.654 17357 17503 I BugleSimStateTracker: Broadcasting SimRemoval for: []
10-31 18:43:34.657 17357 17503 I BugleSimStateTracker: default call SIM: redacted-pii:sim_id[chars:20,last3:300], default sms SIM redacted-pii:sim_id[chars:20,last3:300]. default data SIM redacted-pii:sim_id[chars:20,last3:300].
10-31 18:43:34.666 17357 17695 W Binder  : Caught a RuntimeException from the binder stub implementation.
10-31 18:43:34.666 17357 17695 W Binder  : java.lang.UnsupportedOperationException
10-31 18:43:34.666 17357 17695 W Binder  : 	at com.google.android.gms.clearcut.internal.DefaultClearcutLoggerCallbacks.onLogError(PG:3)
10-31 18:43:34.666 17357 17695 W Binder  : 	at com.google.android.gms.clearcut.internal.IClearcutLoggerCallbacks$Stub.dispatchTransaction(PG:33)
10-31 18:43:34.666 17357 17695 W Binder  : 	at com.google.android.aidl.BaseStub.onTransact(PG:13)
10-31 18:43:34.666 17357 17695 W Binder  : 	at android.os.Binder.execTransactInternal(Binder.java:1566)
10-31 18:43:34.666 17357 17695 W Binder  : 	at android.os.Binder.execTransact(Binder.java:1505)
10-31 18:43:35.478 17357 17824 I WM-WorkerWrapper: Worker result SUCCESS for Work [ id=00749832-d173-4f5c-b814-2fc3a436dbac, tags={ com.google.android.apps.messaging.shared.datamodel.workqueue.WorkQueueWorkerShim,sim_state_update_queue-WORK_TYPE_VERIFY_SIM_REMOVAL } ]
10-31 18:43:35.614 17357 17695 W Binder  : Caught a RuntimeException from the binder stub implementation.
10-31 18:43:35.614 17357 17695 W Binder  : java.lang.UnsupportedOperationException
