10-31 18:44:18.917 17357 17831 I BugleDataModel: ActionExecutorImpl: ACTION_RESPONSE_QUEUED_SelfParticipantsRefreshAction
10-31 18:44:18.930 17357 17902 I Bugle   : getRawTelephonyPhoneNumber redacted-pii[12-chars] [CONTEXT sub_id=1 ]
10-31 18:44:18.932 17357 17902 I Bugle   : SubscriptionUtils.getCanonicalForSelf: self=redacted-pii[13-chars], country=IN [CONTEXT sub_id=1 ]
10-31 18:44:18.936 17357 17902 I BugleSelfIdentity: Phone number for MyIdentity af7749c1-ab0e-4bf0-af36-96e73a14aef6 does not change [CONTEXT sub_id=1 icc_id="redacted-pii[20-chars]" messaging_identity="redacted-pii[13-chars]" rcs_provisioning_id="redacted-pii[0-chars]" ]
10-31 18:44:18.952 17357 17902 I Bugle   : getRawTelephonyPhoneNumber redacted-pii[12-chars] [CONTEXT sub_id=1 ]
10-31 18:44:18.954 17357 17902 I Bugle   : SubscriptionUtils.getCanonicalForSelf: self=redacted-pii[13-chars], country=IN [CONTEXT sub_id=1 ]
10-31 18:44:18.957 17357 17902 I BugleSelfIdentity: Phone number for MyIdentity af7749c1-ab0e-4bf0-af36-96e73a14aef6 does not change [CONTEXT sub_id=1 icc_id="redacted-pii[20-chars]" messaging_identity="redacted-pii[13-chars]" rcs_provisioning_id="redacted-pii[0-chars]" ]
10-31 18:44:19.672 17357 17373 W Binder  : Caught a RuntimeException from the binder stub implementation.
10-31 18:44:19.672 17357 17373 W Binder  : java.lang.UnsupportedOperationException
10-31 18:44:19.672 17357 17373 W Binder  : 	at com.google.android.gms.clearcut.internal.DefaultClearcutLoggerCallbacks.onLogError(PG:3)
10-31 18:44:19.672 17357 17373 W Binder  : 	at com.google.android.gms.clearcut.internal.IClearcutLoggerCallbacks$Stub.dispatchTransaction(PG:33)
10-31 18:44:19.672 17357 17373 W Binder  : 	at com.google.android.aidl.BaseStub.onTransact(PG:13)
10-31 18:44:19.672 17357 17373 W Binder  : 	at android.os.Binder.execTransactInternal(Binder.java:1566)
10-31 18:44:19.672 17357 17373 W Binder  : 	at android.os.Binder.execTransact(Binder.java:1505)
10-31 18:44:19.742 17357 17373 W Binder  : Caught a RuntimeException from the binder stub implementation.
10-31 18:44:19.742 17357 17373 W Binder  : java.lang.UnsupportedOperationException
10-31 18:44:19.742 17357 17373 W Binder  : 	at com.google.android.gms.clearcut.internal.DefaultClearcutLoggerCallbacks.onLogError(PG:3)
10-31 18:44:19.742 17357 17373 W Binder  : 	at com.google.android.gms.clearcut.internal.IClearcutLoggerCallbacks$Stub.dispatchTransaction(PG:33)
10-31 18:44:19.742 17357 17373 W Binder  : 	at com.google.android.aidl.BaseStub.onTransact(PG:13)
10-31 18:44:19.742 17357 17373 W Binder  : 	at android.os.Binder.execTransactInternal(Binder.java:1566)
10-31 18:44:19.742 17357 17373 W Binder  : 	at android.os.Binder.execTransact(Binder.java:1505)
10-31 18:44:21.387 11935 17820 I NearbyMediums: No BLE Fast/GATT advertisements found in the latest cycle.
10-31 18:44:21.387 11935 17820 I NearbyMediums: Current Tracked Scanning Clients are : {NearbyConnections.EnvironmentMonitor, NearbySharing}
10-31 18:44:26.382  1596  5538 W BatteryStatsService: Unknown sensor handle 0 received in noteWakeupSensorEvent
10-31 18:44:28.951 31785 31785 I NoBackGesture: Config changed: newConfig={1.0 405mcc854mnc [en_US] ldltr sw436dp w970dp h436dp 396dpi nrml long widecg land night finger -keyb/v/h -nav/h winConfig={ mBounds=Rect(0, 0 - 2400, 1080) mAppBounds=Rect(0, 0 - 2400, 1080) mMaxBounds=Rect(0, 0 - 2400, 1080) mDisplayRotation=ROTATION_270 mWindowingMode=fullscreen mActivityType=undefined mAlwaysOnTop=undefined mRotation=ROTATION_270 isEmbedding:false} s.82731 fontWeightAdjustment=300 themeId=2005000007 themeParameter=0 nightModeLevel = -1 typefaceChanged=0.0 ?spacesystem eaMode=1} lastReportedConfig={1.0 405mcc854mnc [en_US] ldltr sw436dp w436dp h970dp 396dpi nrml long widecg port night finger -keyb/v/h -nav/h winConfig={ mBounds=Rect(0, 0 - 1080, 2400) mAppBounds=Rect(0, 0 - 1080, 2400) mMaxBounds=Rect(0, 0 - 1080, 2400) mDisplayRotation=ROTATION_0 mWindowingMode=fullscreen mActivityType=undefined mAlwaysOnTop=undefined mRotation=ROTATION_0 isEmbedding:false} s.82659 fontWeightAdjustment=300 themeId=2005000007 themeParameter=0 nightModeLevel = -1 typefaceChanged=0.0 ?spacesystem eaMode=1}
10-31 18:44:28.952 31785 31785 I NoBackGesture: NavbarController: newConfig={1.0 405mcc854mnc [en_US] ldltr sw436dp w970dp h436dp 396dpi nrml long widecg land night finger -keyb/v/h -nav/h winConfig={ mBounds=Rect(0, 0 - 2400, 1080) mAppBounds=Rect(0, 0 - 2400, 1080) mMaxBounds=Rect(0, 0 - 2400, 1080) mDisplayRotation=ROTATION_270 mWindowingMode=fullscreen mActivityType=undefined mAlwaysOnTop=undefined mRotation=ROTATION_270 isEmbedding:false} s.82731 fontWeightAdjustment=300 themeId=2005000007 themeParameter=0 nightModeLevel = -1 typefaceChanged=0.0 ?spacesystem eaMode=1} mTaskbarDelegate initialized=false willApplyConfigToNavbars=false mIsLargeScreen=false navBarCount=1
10-31 18:44:29.016 31785 31826 W ImageReader_JNI: Unable to acquire a buffer item, very likely client tried to acquire more than maxImages buffers
10-31 18:44:29.311 31785 31785 W KeyguardSecurityViewFlipper: onMeasure: widthSpec MeasureSpec: EXACTLY 1080 should be AT_MOST
10-31 18:44:29.311 31785 31785 W KeyguardSecurityViewFlipper: onMeasure: heightSpec MeasureSpec: EXACTLY 2400 should be AT_MOST
10-31 18:44:29.311 31785 31785 W KeyguardSecurityViewFlipper: onMeasure: widthSpec MeasureSpec: EXACTLY 1080 should be AT_MOST
10-31 18:44:29.311 31785 31785 W KeyguardSecurityViewFlipper: onMeasure: heightSpec MeasureSpec: EXACTLY 2400 should be AT_MOST
10-31 18:44:29.326 31785 31785 W View    : requestLayout() improperly called by com.vivo.systemuiplugin.android.systemui.qs.QSPanel{19272d8 VFE...... ......ID 0,641-1053,2626 #770b0425 com.vivo.systemuiplugin:id/quick_settings_panel} during layout: running second layout pass
10-31 18:44:29.326 31785 31785 W View    : requestLayout() improperly called by com.vivo.systemuiplugin.android.systemui.qs.NonInterceptingScrollView{59396c4 VFED..... ......ID 22,0-1075,2400 #770b01f3 com.vivo.systemuiplugin:id/expanded_qs_scroll_view} during layout: running second layout pass
10-31 18:44:29.326 31785 31785 W View    : requestLayout() improperly called by com.vivo.systemuiplugin.android.systemui.qs.PagedTileLayout{f6a3a92 VFED..... ......ID -22,132-1075,863 #770b041b com.vivo.systemuiplugin:id/qs_pager} during layout: running second layout pass
10-31 18:44:29.365 12904 12904 W SessionManager: Attempted to add session listener twice, ignoring.
10-31 18:44:29.407 12904 12904 W SessionManager: Attempted to add session listener twice, ignoring.
10-31 18:44:29.425 12904 12904 W SessionManager: Attempted to add session listener twice, ignoring.
10-31 18:44:29.433 12904 12904 W SessionManager: Attempted to add session listener twice, ignoring.
10-31 18:44:29.510 31785 31785 W View    : requestLayout() improperly called by com.vivo.systemuiplugin.android.systemui.qs.NonInterceptingScrollView{59396c4 VFED..... ......ID 22,0-1075,1850 #770b01f3 com.vivo.systemuiplugin:id/expanded_qs_scroll_view} during second layout pass: posting in next frame
10-31 18:44:29.510 31785 31785 W View    : requestLayout() improperly called by com.vivo.systemuiplugin.android.systemui.qs.QSPanel{19272d8 VFE...... ......ID 0,365-1053,1850 #770b0425 com.vivo.systemuiplugin:id/quick_settings_panel} during second layout pass: posting in next frame
10-31 18:44:29.510 31785 31785 W View    : requestLayout() improperly called by com.vivo.systemuiplugin.android.systemui.qs.PageIndicator{ef8e276 VFE...... ......ID 476,33-520,55 #770b0211 com.vivo.systemuiplugin:id/footer_page_indicator} during second layout pass: posting in next frame
10-31 18:44:29.510 31785 31785 W View    : requestLayout() improperly called by com.vivo.systemuiplugin.systemui.qs.brightness.BrightnessSliderView{eb32116 V.E...... ......ID 33,312-1020,444 #770b0103 com.vivo.systemuiplugin:id/brightness_slider} during second layout pass: posting in next frame
10-31 18:44:29.510 31785 31785 W View    : requestLayout() improperly called by com.vivo.systemuiplugin.systemui.qs.footer.FooterContainerLinearLayout{9def142 V.E...... ......ID 33,444-1045,554 #770b0418 com.vivo.systemuiplugin:id/qs_footer_actions} during second layout pass: posting in next frame
10-31 18:44:29.510 31785 31785 W View    : requestLayout() improperly called by android.widget.RelativeLayout{1c234db V.E...... ......ID 0,0-1053,849 #770b0411 com.vivo.systemuiplugin:id/qs_container} during second layout pass: posting in next frame
10-31 18:44:29.510 31785 31785 W View    : requestLayout() improperly called by com.vivo.systemuiplugin.android.systemui.qs.paneltile.QQSPanelTileLayout{bc813fc V.E...... ......ID 0,343-1053,497 #770b0422 com.vivo.systemuiplugin:id/quick_qs_panel_tile_layout} during second layout pass: posting in next frame
10-31 18:44:29.512 31785 31785 W KeyguardSecurityViewFlipper: onMeasure: widthSpec MeasureSpec: EXACTLY 1080 should be AT_MOST
10-31 18:44:29.512 31785 31785 W KeyguardSecurityViewFlipper: onMeasure: heightSpec MeasureSpec: EXACTLY 2400 should be AT_MOST
10-31 18:44:29.514 31785 31785 W KeyguardSecurityViewFlipper: onMeasure: widthSpec MeasureSpec: EXACTLY 1080 should be AT_MOST
10-31 18:44:29.514 31785 31785 W KeyguardSecurityViewFlipper: onMeasure: heightSpec MeasureSpec: EXACTLY 2400 should be AT_MOST
10-31 18:44:29.528 31785 31785 W KeyguardSecurityViewFlipper: onMeasure: widthSpec MeasureSpec: EXACTLY 1080 should be AT_MOST
10-31 18:44:29.528 31785 31785 W KeyguardSecurityViewFlipper: onMeasure: heightSpec MeasureSpec: EXACTLY 2400 should be AT_MOST
10-31 18:44:29.528 31785 31785 W KeyguardSecurityViewFlipper: onMeasure: widthSpec MeasureSpec: EXACTLY 1080 should be AT_MOST
10-31 18:44:29.528 31785 31785 W KeyguardSecurityViewFlipper: onMeasure: heightSpec MeasureSpec: EXACTLY 2400 should be AT_MOST
10-31 18:44:29.596 31785 31785 W AppOpsControllerImpl: Noted op: 1 with result ignore for package com.google.android.apps.messaging
10-31 18:44:29.598 31785 31785 W AppOpsControllerImpl: Noted op: 0 with result ignore for package com.google.android.apps.messaging
10-31 18:44:29.611 31785 31785 W AppOpsControllerImpl: Noted op: 1 with result allow for package com.android.phone
10-31 18:44:29.611 31785 31785 W AppOpsControllerImpl: Added item: AppOpItem(Op code=1, UID=1001, Package name=com.android.phone, Paused=false)
10-31 18:44:29.611 31785 31785 W AppOpsControllerImpl: Noted op: 1 with result allow for package com.vivo.pem
10-31 18:44:29.611 31785 31785 W AppOpsControllerImpl: Added item: AppOpItem(Op code=1, UID=1000, Package name=com.vivo.pem, Paused=false)
10-31 18:44:29.611 31785 31785 W AppOpsControllerImpl: Noted op: 1 with result allow for package android
10-31 18:44:29.611 31785 31785 W AppOpsControllerImpl: Added item: AppOpItem(Op code=1, UID=1000, Package name=android, Paused=false)
10-31 18:44:29.611 31785 31785 W AppOpsControllerImpl: Noted op: 1 with result allow for package com.android.phone
10-31 18:44:29.611 31785 31785 W AppOpsControllerImpl: Noted op: 1 with result allow for package com.android.server.telecom
10-31 18:44:29.611 31785 31785 W AppOpsControllerImpl: Added item: AppOpItem(Op code=1, UID=1000, Package name=com.android.server.telecom, Paused=false)
10-31 18:44:29.611 31785 31785 W AppOpsControllerImpl: Noted op: 1 with result allow for package com.android.phone
10-31 18:44:29.612 31785 31785 W AppOpsControllerImpl: Noted op: 1 with result allow for package com.vivo.pem
10-31 18:44:29.612 31785 31785 W AppOpsControllerImpl: Noted op: 1 with result allow for package android
10-31 18:44:29.612 31785 31785 W AppOpsControllerImpl: Noted op: 1 with result allow for package com.android.server.telecom
10-31 18:44:29.613 31785 31785 W AppOpsControllerImpl: Noted op: 1 with result allow for package com.android.phone
10-31 18:44:29.613 31785 31785 W AppOpsControllerImpl: Noted op: 1 with result allow for package com.vivo.pem
10-31 18:44:29.613 31785 31785 W AppOpsControllerImpl: Noted op: 1 with result allow for package android
10-31 18:44:29.613 31785 31785 W AppOpsControllerImpl: Noted op: 1 with result allow for package com.android.phone
10-31 18:44:29.613 31785 31785 W AppOpsControllerImpl: Noted op: 1 with result allow for package com.android.server.telecom
10-31 18:44:29.765 31785 31785 W AppOpsControllerImpl: Noted op: 1 with result ignore for package com.google.android.apps.messaging
10-31 18:44:29.766 31785 31785 W AppOpsControllerImpl: Noted op: 0 with result ignore for package com.google.android.apps.messaging
10-31 18:44:29.769 31785 31785 W AppOpsControllerImpl: Noted op: 1 with result allow for package com.android.phone
10-31 18:44:29.770 31785 31785 W AppOpsControllerImpl: Noted op: 1 with result allow for package com.vivo.pem
10-31 18:44:29.770 31785 31785 W AppOpsControllerImpl: Noted op: 1 with result allow for package android
10-31 18:44:29.785 31785 31785 W AppOpsControllerImpl: Noted op: 1 with result allow for package com.android.phone
10-31 18:44:29.785 31785 31785 W AppOpsControllerImpl: Noted op: 1 with result allow for package com.android.server.telecom
10-31 18:44:29.785 31785 31785 W AppOpsControllerImpl: Noted op: 1 with result allow for package com.android.phone
10-31 18:44:29.785 31785 31785 W AppOpsControllerImpl: Noted op: 1 with result allow for package com.vivo.pem
10-31 18:44:29.785 31785 31785 W AppOpsControllerImpl: Noted op: 1 with result allow for package android
10-31 18:44:29.785 31785 31785 W AppOpsControllerImpl: Noted op: 1 with result allow for package com.android.server.telecom
10-31 18:44:29.785 31785 31785 W AppOpsControllerImpl: Noted op: 1 with result allow for package com.android.phone
10-31 18:44:29.785 31785 31785 W AppOpsControllerImpl: Noted op: 1 with result allow for package com.vivo.pem
10-31 18:44:29.785 31785 31785 W AppOpsControllerImpl: Noted op: 1 with result allow for package android
10-31 18:44:29.785 31785 31785 W AppOpsControllerImpl: Noted op: 1 with result allow for package com.android.phone
10-31 18:44:29.785 31785 31785 W AppOpsControllerImpl: Noted op: 1 with result allow for package com.android.server.telecom
10-31 18:44:29.844 31785 31785 W AppOpsControllerImpl: Noted op: 1 with result ignore for package com.google.android.apps.messaging
10-31 18:44:29.844 31785 31785 W AppOpsControllerImpl: Noted op: 0 with result ignore for package com.google.android.apps.messaging
10-31 18:44:29.844 31785 31785 W AppOpsControllerImpl: Noted op: 1 with result allow for package com.android.phone
10-31 18:44:29.844 31785 31785 W AppOpsControllerImpl: Noted op: 1 with result allow for package com.vivo.pem
10-31 18:44:29.844 31785 31785 W AppOpsControllerImpl: Noted op: 1 with result allow for package android
10-31 18:44:29.855 13025 13025 I Finsky  : [2] onSubscriptionsChanged
10-31 18:44:29.856 17357 17496 I BugleRcsEngine: SIM state event delay enabled: attempts 2, maxAttempts 3, delaySeconds 90 MSIM delayseconds 90, effective delay seconds 90 [CONTEXT thread_id=339687 ]
10-31 18:44:29.856 17357 17496 I BugleRcsEngine: posted simEventProcessTask to handler with delay 90 [CONTEXT thread_id=339687 ]
10-31 18:44:29.859 17357 17903 I BugleDataModel: Scheduling country code detector action, because a subscription changed its state.
10-31 18:44:29.860 17357 17902 I RcsProvisioningFlow: Scheduling 3 using PWQ with updateTrigger: 2, scheduledAt: 2025-10-31T13:14:29.859Z, initialDelaySeconds: 0.
10-31 18:44:29.861 31785 31785 W AppOpsControllerImpl: Noted op: 1 with result allow for package com.android.phone
10-31 18:44:29.861 31785 31785 W AppOpsControllerImpl: Noted op: 1 with result allow for package com.android.server.telecom
10-31 18:44:29.861 31785 31785 W AppOpsControllerImpl: Noted op: 1 with result allow for package com.android.phone
10-31 18:44:29.861 31785 31785 W AppOpsControllerImpl: Noted op: 1 with result allow for package com.vivo.pem
10-31 18:44:29.861 31785 31785 W AppOpsControllerImpl: Noted op: 1 with result allow for package android
10-31 18:44:29.861 31785 31785 W AppOpsControllerImpl: Noted op: 1 with result allow for package com.android.server.telecom
10-31 18:44:29.865 31785 31785 W AppOpsControllerImpl: Noted op: 1 with result allow for package com.android.phone
10-31 18:44:29.865 31785 31785 W AppOpsControllerImpl: Noted op: 1 with result allow for package com.vivo.pem
10-31 18:44:29.865 31785 31785 W AppOpsControllerImpl: Noted op: 1 with result allow for package android
10-31 18:44:29.865 31785 31785 W AppOpsControllerImpl: Noted op: 1 with result allow for package com.android.phone
10-31 18:44:29.866 31785 31785 W AppOpsControllerImpl: Noted op: 1 with result allow for package com.android.server.telecom
10-31 18:44:29.868 17357 17903 I BugleDataModel: Scheduling self participants refresh action, because a subscription changed its state.
10-31 18:44:29.879 13025 13025 I Finsky  : [2] onSubscriptionsChanged
10-31 18:44:29.882 17357 17496 I BugleRcsEngine: SIM state event delay enabled: attempts 3, maxAttempts 3, delaySeconds 90 MSIM delayseconds 90, effective delay seconds 90 [CONTEXT thread_id=339687 ]
10-31 18:44:29.882 17357 17496 I BugleRcsEngine: reached max delay attempts, do not reschedule  [CONTEXT thread_id=339687 ]
10-31 18:44:29.901 17357 17831 I RcsProvisioningFlow: Scheduling 3 using PWQ with updateTrigger: 2, scheduledAt: 2025-10-31T13:14:29.900Z, initialDelaySeconds: 0.
10-31 18:44:29.910 17357 17905 W Bugle   : BuglePhoneNumberUtils: canonicalizeMccMnc: invalid mccmnc. mcc: null, mnc: null
10-31 18:44:29.919 17357 17831 I BugleDataModel: Scheduling country code detector action, because a subscription changed its state.
10-31 18:44:29.920 17357 17831 I BugleDataModel: Scheduling self participants refresh action, because a subscription changed its state.
10-31 18:44:29.922 17357 17503 I BugleConnectivity: isOnSatellite(1): false
10-31 18:44:29.922 17357 17503 I BugleConnectivity: 1 is not on satellite and no other subscriptions are on satellite
10-31 18:44:29.928 17357 17903 W Bugle   : BuglePhoneNumberUtils: canonicalizeMccMnc: invalid mccmnc. mcc: null, mnc: null
10-31 18:44:29.940 17357 17501 I BugleConnectivity: isOnSatellite(1): false
10-31 18:44:29.941 17357 17501 I BugleConnectivity: 1 is not on satellite and no other subscriptions are on satellite
10-31 18:44:29.953 12877 12877 I dnsmasq : using nameserver 2405:200:800::11#53
10-31 18:44:30.024 17357 17903 I RcsProvisioningFlow: Handling SIM state update work request for 3 with updateTrigger 2, scheduledAt 2025-10-31T13:14:29.859Z.
10-31 18:44:30.025 17357 17903 I RcsProvisioningFlow: Beginning update task for phone SIMs state scheduledAt: 2025-10-31T13:14:29.859Z
10-31 18:44:30.032 17357 17903 I RcsProvisioningFlow: Lock acquired for updatng phone SIMs state with update trigger: 2.
10-31 18:44:30.034 17357 17903 I BugleSimStateTracker: default call SIM: redacted-pii:sim_id[chars:20,last3:300], default sms SIM redacted-pii:sim_id[chars:20,last3:300]. default data SIM redacted-pii:sim_id[chars:20,last3:300].
10-31 18:44:30.040 17357 17903 I BugleSimStateTracker: Is carrier config for identified carrier: true
10-31 18:44:30.053 17357 17903 I BugleSimStateTracker: Looking up Fi through package names.
10-31 18:44:30.060 17357 17903 I RcsProvisioningFlow: All newly built SimSubscriptionInfos: [(simId: redacted-pii:sim_id[chars:20,last3:300],
10-31 18:44:30.060 17357 17903 I RcsProvisioningFlow: subId: 1,
10-31 18:44:30.060 17357 17903 I RcsProvisioningFlow: simSlot: 0,
10-31 18:44:30.060 17357 17903 I RcsProvisioningFlow: imsi: redacted-pii:imsi[chars:15],
10-31 18:44:30.060 17357 17903 I RcsProvisioningFlow: phoneNumber: redacted-pii:phone_number[chars:12,last2:51],
10-31 18:44:30.060 17357 17903 I RcsProvisioningFlow: countryCode: IN,
10-31 18:44:30.060 17357 17903 I RcsProvisioningFlow: networkOperatorName: ,
10-31 18:44:30.060 17357 17903 I RcsProvisioningFlow: subscriptionGroupUuid: ,
10-31 18:44:30.060 17357 17903 I RcsProvisioningFlow: mcc: 405,
10-31 18:44:30.060 17357 17903 I RcsProvisioningFlow: mnc: 854,
10-31 18:44:30.060 17357 17903 I RcsProvisioningFlow: simCarrierId: 2018,
10-31 18:44:30.060 17357 17903 I RcsProvisioningFlow: iccid: redacted-pii:sim_iccid[chars:20],
10-31 18:44:30.060 17357 17903 I RcsProvisioningFlow: isFi: false,
10-31 18:44:30.060 17357 17903 I RcsProvisioningFlow: loggableGuid: 9f724bff-3f9f-4454-9428-4fdceffc2a28,
10-31 18:44:30.060 17357 17903 I RcsProvisioningFlow: formattedMsisdn: redacted-pii:phone_number[chars:13,last2:51],
10-31 18:44:30.060 17357 17903 I RcsProvisioningFlow: simOperatorName: Jio,
10-31 18:44:30.060 17357 17903 I RcsProvisioningFlow: simOperator: 405854,
10-31 18:44:30.060 17357 17903 I RcsProvisioningFlow: groupIdLevel1: FFFFFFFFFFFFFFFFFFFF,
10-31 18:44:30.060 17357 17903 I RcsProvisioningFlow: preferredSubscriptionName: Indla)]
10-31 18:44:30.063 17357 17903 I RcsProvisioningFlow: Storing updatedSimSubscriptionInfos: [(redacted-pii:sim_id[chars:20,last3:300], 9f724bff-3f9f-4454-9428-4fdceffc2a28)]
10-31 18:44:30.064 17357 17903 I RcsProvisioningFlow: No newly loaded SIMs on phone sim state update.
10-31 18:44:30.072 17357 17902 I WM-WorkerWrapper: Worker result SUCCESS for Work [ id=afa14ca8-381a-4341-b1f0-ef7f834fc85e, tags={ com.google.android.apps.messaging.shared.datamodel.workqueue.WorkQueueWorkerShim,sim_state_update_queue-WORK_TYPE_UPDATE_PHONE_SIMS_STATE } ]
10-31 18:44:30.141 31785 31785 I NoBackGesture: Config changed: newConfig={1.0 405mcc854mnc [en_US] ldltr sw436dp w436dp h970dp 396dpi nrml long widecg port night finger -keyb/v/h -nav/h winConfig={ mBounds=Rect(0, 0 - 1080, 2400) mAppBounds=Rect(0, 0 - 1080, 2400) mMaxBounds=Rect(0, 0 - 1080, 2400) mDisplayRotation=ROTATION_0 mWindowingMode=fullscreen mActivityType=undefined mAlwaysOnTop=undefined mRotation=ROTATION_0 isEmbedding:false} s.82808 fontWeightAdjustment=300 themeId=2005000007 themeParameter=0 nightModeLevel = -1 typefaceChanged=0.0 ?spacesystem eaMode=1} lastReportedConfig={1.0 405mcc854mnc [en_US] ldltr sw436dp w970dp h436dp 396dpi nrml long widecg land night finger -keyb/v/h -nav/h winConfig={ mBounds=Rect(0, 0 - 2400, 1080) mAppBounds=Rect(0, 0 - 2400, 1080) mMaxBounds=Rect(0, 0 - 2400, 1080) mDisplayRotation=ROTATION_270 mWindowingMode=fullscreen mActivityType=undefined mAlwaysOnTop=undefined mRotation=ROTATION_270 isEmbedding:false} s.82731 fontWeightAdjustment=300 themeId=2005000007 themeParameter=0 nightModeLevel = -1 typefaceChanged=0.0 ?spacesystem eaMode=1}
10-31 18:44:30.141 31785 31785 I NoBackGesture: NavbarController: newConfig={1.0 405mcc854mnc [en_US] ldltr sw436dp w436dp h970dp 396dpi nrml long widecg port night finger -keyb/v/h -nav/h winConfig={ mBounds=Rect(0, 0 - 1080, 2400) mAppBounds=Rect(0, 0 - 1080, 2400) mMaxBounds=Rect(0, 0 - 1080, 2400) mDisplayRotation=ROTATION_0 mWindowingMode=fullscreen mActivityType=undefined mAlwaysOnTop=undefined mRotation=ROTATION_0 isEmbedding:false} s.82808 fontWeightAdjustment=300 themeId=2005000007 themeParameter=0 nightModeLevel = -1 typefaceChanged=0.0 ?spacesystem eaMode=1} mTaskbarDelegate initialized=false willApplyConfigToNavbars=false mIsLargeScreen=false navBarCount=1
10-31 18:44:30.219 31785 31785 W KeyguardSecurityViewFlipper: onMeasure: widthSpec MeasureSpec: EXACTLY 1080 should be AT_MOST
10-31 18:44:30.220 31785 31785 W KeyguardSecurityViewFlipper: onMeasure: heightSpec MeasureSpec: EXACTLY 2400 should be AT_MOST
10-31 18:44:30.220 31785 31785 W KeyguardSecurityViewFlipper: onMeasure: widthSpec MeasureSpec: EXACTLY 1080 should be AT_MOST
10-31 18:44:30.220 31785 31785 W KeyguardSecurityViewFlipper: onMeasure: heightSpec MeasureSpec: EXACTLY 2400 should be AT_MOST
10-31 18:44:30.224 31785 31826 W ImageReader_JNI: Unable to acquire a buffer item, very likely client tried to acquire more than maxImages buffers
10-31 18:44:30.229 31785 31785 W View    : requestLayout() improperly called by com.vivo.systemuiplugin.android.systemui.qs.QSPanel{19272d8 IFE...... ......ID 0,365-1036,1850 #770b0425 com.vivo.systemuiplugin:id/quick_settings_panel} during layout: running second layout pass
10-31 18:44:30.229 31785 31785 W View    : requestLayout() improperly called by com.vivo.systemuiplugin.android.systemui.qs.NonInterceptingScrollView{59396c4 VFED..... ......ID 22,0-1058,1850 #770b01f3 com.vivo.systemuiplugin:id/expanded_qs_scroll_view} during layout: running second layout pass
10-31 18:44:30.229 31785 31785 W View    : requestLayout() improperly called by com.vivo.systemuiplugin.android.systemui.qs.PagedTileLayout{f6a3a92 VFED..... ......ID -22,132-1058,363 #770b041b com.vivo.systemuiplugin:id/qs_pager} during layout: running second layout pass
10-31 18:44:30.230 12904 12904 W SessionManager: Attempted to add session listener twice, ignoring.
10-31 18:44:30.282 12904 12904 W SessionManager: Attempted to add session listener twice, ignoring.
10-31 18:44:30.317 12904 12904 W SessionManager: Attempted to add session listener twice, ignoring.
10-31 18:44:30.320 12904 12904 W SessionManager: Attempted to add session listener twice, ignoring.
10-31 18:44:30.388 31785 31785 W View    : requestLayout() improperly called by com.vivo.systemuiplugin.android.systemui.qs.NonInterceptingScrollView{59396c4 VFED..... ......ID 22,0-1058,2400 #770b01f3 com.vivo.systemuiplugin:id/expanded_qs_scroll_view} during second layout pass: posting in next frame
10-31 18:44:30.388 31785 31785 W View    : requestLayout() improperly called by com.vivo.systemuiplugin.android.systemui.qs.QSPanel{19272d8 IFE...... ......ID 0,641-1036,2626 #770b0425 com.vivo.systemuiplugin:id/quick_settings_panel} during second layout pass: posting in next frame
10-31 18:44:30.388 31785 31785 W View    : requestLayout() improperly called by com.vivo.systemuiplugin.android.systemui.qs.PageIndicator{ef8e276 VFE...... ......ID 416,33-564,55 #770b0211 com.vivo.systemuiplugin:id/footer_page_indicator} during second layout pass: posting in next frame
10-31 18:44:30.388 31785 31785 W View    : requestLayout() improperly called by com.vivo.systemuiplugin.systemui.qs.brightness.BrightnessSliderView{eb32116 I.E...... ......ID 33,598-1003,730 #770b0103 com.vivo.systemuiplugin:id/brightness_slider} during second layout pass: posting in next frame
10-31 18:44:30.388 31785 31785 W View    : requestLayout() improperly called by com.vivo.systemuiplugin.systemui.qs.footer.FooterContainerLinearLayout{9def142 V.E...... ......ID 33,730-1028,840 #770b0418 com.vivo.systemuiplugin:id/qs_footer_actions} during second layout pass: posting in next frame
10-31 18:44:30.388 31785 31785 W View    : requestLayout() improperly called by android.widget.RelativeLayout{1c234db V.E...... ......ID 0,0-1036,701 #770b0411 com.vivo.systemuiplugin:id/qs_container} during second layout pass: posting in next frame
10-31 18:44:30.388 31785 31785 W View    : requestLayout() improperly called by com.vivo.systemuiplugin.android.systemui.qs.paneltile.QQSPanelTileLayout{bc813fc V.E...... ......ID 0,77-1036,231 #770b0422 com.vivo.systemuiplugin:id/quick_qs_panel_tile_layout} during second layout pass: posting in next frame
10-31 18:44:30.403 31785 31785 W AppOpsControllerImpl: Noted op: 1 with result ignore for package com.google.android.apps.messaging
10-31 18:44:30.403 31785 31785 W AppOpsControllerImpl: Noted op: 0 with result ignore for package com.google.android.apps.messaging
10-31 18:44:30.403 31785 31785 W AppOpsControllerImpl: Noted op: 1 with result allow for package com.android.phone
10-31 18:44:30.403 31785 31785 W AppOpsControllerImpl: Noted op: 1 with result allow for package com.vivo.pem
10-31 18:44:30.403 31785 31785 W AppOpsControllerImpl: Noted op: 1 with result allow for package android
10-31 18:44:30.408 31785 31785 W KeyguardSecurityViewFlipper: onMeasure: widthSpec MeasureSpec: EXACTLY 1080 should be AT_MOST
10-31 18:44:30.408 31785 31785 W KeyguardSecurityViewFlipper: onMeasure: heightSpec MeasureSpec: EXACTLY 2400 should be AT_MOST
10-31 18:44:30.410 31785 31785 W KeyguardSecurityViewFlipper: onMeasure: widthSpec MeasureSpec: EXACTLY 1080 should be AT_MOST
10-31 18:44:30.410 31785 31785 W KeyguardSecurityViewFlipper: onMeasure: heightSpec MeasureSpec: EXACTLY 2400 should be AT_MOST
10-31 18:44:30.415 31785 31785 W AppOpsControllerImpl: Noted op: 1 with result allow for package com.android.phone
10-31 18:44:30.415 31785 31785 W AppOpsControllerImpl: Noted op: 1 with result allow for package com.android.server.telecom
10-31 18:44:30.415 31785 31785 W AppOpsControllerImpl: Noted op: 1 with result allow for package com.android.phone
10-31 18:44:30.415 31785 31785 W AppOpsControllerImpl: Noted op: 1 with result allow for package com.vivo.pem
10-31 18:44:30.415 31785 31785 W AppOpsControllerImpl: Noted op: 1 with result allow for package android
10-31 18:44:30.415 31785 31785 W AppOpsControllerImpl: Noted op: 1 with result allow for package com.android.server.telecom
10-31 18:44:30.415 31785 31785 W AppOpsControllerImpl: Noted op: 1 with result allow for package com.android.phone
10-31 18:44:30.415 31785 31785 W AppOpsControllerImpl: Noted op: 1 with result allow for package com.vivo.pem
10-31 18:44:30.415 31785 31785 W AppOpsControllerImpl: Noted op: 1 with result allow for package android
10-31 18:44:30.415 31785 31785 W AppOpsControllerImpl: Noted op: 1 with result allow for package com.android.phone
10-31 18:44:30.415 31785 31785 W AppOpsControllerImpl: Noted op: 1 with result allow for package com.android.server.telecom
10-31 18:44:30.423 31785 31785 W KeyguardSecurityViewFlipper: onMeasure: widthSpec MeasureSpec: EXACTLY 1080 should be AT_MOST
10-31 18:44:30.423 31785 31785 W KeyguardSecurityViewFlipper: onMeasure: heightSpec MeasureSpec: EXACTLY 2400 should be AT_MOST
10-31 18:44:30.424 31785 31785 W KeyguardSecurityViewFlipper: onMeasure: widthSpec MeasureSpec: EXACTLY 1080 should be AT_MOST
10-31 18:44:30.424 31785 31785 W KeyguardSecurityViewFlipper: onMeasure: heightSpec MeasureSpec: EXACTLY 2400 should be AT_MOST
10-31 18:44:30.430 13025 13025 I Finsky  : [2] onSubscriptionsChanged
10-31 18:44:30.447 13025 13025 I Finsky  : [2] onSubscriptionsChanged
10-31 18:44:30.451 17357 17902 I BugleDataModel: Scheduling country code detector action, because a subscription changed its state.
10-31 18:44:30.452 17357 17831 I RcsProvisioningFlow: Scheduling 3 using PWQ with updateTrigger: 2, scheduledAt: 2025-10-31T13:14:30.450Z, initialDelaySeconds: 0.
10-31 18:44:30.452 17357 17496 I BugleRcsEngine: SIM state event delay enabled: attempts 3, maxAttempts 3, delaySeconds 90 MSIM delayseconds 90, effective delay seconds 90 [CONTEXT thread_id=339687 ]
10-31 18:44:30.452 17357 17496 I BugleRcsEngine: reached max delay attempts, do not reschedule  [CONTEXT thread_id=339687 ]
10-31 18:44:30.453 17357 17902 I BugleDataModel: Scheduling self participants refresh action, because a subscription changed its state.
10-31 18:44:30.454 17357 17496 I BugleRcsEngine: SIM state event delay enabled: attempts 3, maxAttempts 3, delaySeconds 90 MSIM delayseconds 90, effective delay seconds 90 [CONTEXT thread_id=339687 ]
10-31 18:44:30.455 17357 17496 I BugleRcsEngine: reached max delay attempts, do not reschedule  [CONTEXT thread_id=339687 ]
10-31 18:44:30.460 11935 17819 I NearbySharing: Network state changed: NetworkState(isRestricted=false, isOnline=true, isCongested=false, isMetered=true, isWifiConnected=false)
10-31 18:44:30.465 31785 31802 I ndroid.systemui: Background young concurrent copying GC freed 23MB AllocSpace bytes, 72(1440KB) LOS objects, 35% free, 42MB/65MB, paused 296us,85us total 165.425ms
10-31 18:44:30.465 17357 17903 W Bugle   : BuglePhoneNumberUtils: canonicalizeMccMnc: invalid mccmnc. mcc: null, mnc: null
10-31 18:44:30.479 17357 17902 I BugleDataModel: Scheduling country code detector action, because a subscription changed its state.
10-31 18:44:30.481 31785 31804 W System  : A resource failed to call release. 
10-31 18:44:30.481 31785 31804 W System  : A resource failed to call release. 
10-31 18:44:30.481 31785 31804 W System  : A resource failed to call release. 
10-31 18:44:30.485 17357 17902 I BugleDataModel: Scheduling self participants refresh action, because a subscription changed its state.
10-31 18:44:30.490 17357 17501 I BugleConnectivity: isOnSatellite(1): false
10-31 18:44:30.491 17357 17905 W Bugle   : BuglePhoneNumberUtils: canonicalizeMccMnc: invalid mccmnc. mcc: null, mnc: null
10-31 18:44:30.491 17357 17501 I BugleConnectivity: 1 is not on satellite and no other subscriptions are on satellite
10-31 18:44:30.500 17357 17831 I RcsProvisioningFlow: Scheduling 3 using PWQ with updateTrigger: 2, scheduledAt: 2025-10-31T13:14:30.499Z, initialDelaySeconds: 0.
10-31 18:44:30.509 17357 17384 I BugleConnectivity: isOnSatellite(1): false
10-31 18:44:30.510 17357 17384 I BugleConnectivity: 1 is not on satellite and no other subscriptions are on satellite
10-31 18:44:30.588 17357 17905 I RcsProvisioningFlow: Handling SIM state update work request for 3 with updateTrigger 2, scheduledAt 2025-10-31T13:14:30.450Z.
10-31 18:44:30.588 17357 17905 I RcsProvisioningFlow: Beginning update task for phone SIMs state scheduledAt: 2025-10-31T13:14:30.450Z
10-31 18:44:30.595 17357 17905 I RcsProvisioningFlow: Lock acquired for updatng phone SIMs state with update trigger: 2.
10-31 18:44:30.596 17357 17905 I BugleSimStateTracker: default call SIM: redacted-pii:sim_id[chars:20,last3:300], default sms SIM redacted-pii:sim_id[chars:20,last3:300]. default data SIM redacted-pii:sim_id[chars:20,last3:300].
10-31 18:44:30.603 17357 17905 I BugleSimStateTracker: Is carrier config for identified carrier: true
10-31 18:44:30.613 17357 17905 I BugleSimStateTracker: Looking up Fi through package names.
10-31 18:44:30.619 17357 17905 I RcsProvisioningFlow: All newly built SimSubscriptionInfos: [(simId: redacted-pii:sim_id[chars:20,last3:300],
10-31 18:44:30.619 17357 17905 I RcsProvisioningFlow: subId: 1,
10-31 18:44:30.619 17357 17905 I RcsProvisioningFlow: simSlot: 0,
10-31 18:44:30.619 17357 17905 I RcsProvisioningFlow: imsi: redacted-pii:imsi[chars:15],
10-31 18:44:30.619 17357 17905 I RcsProvisioningFlow: phoneNumber: redacted-pii:phone_number[chars:12,last2:51],
10-31 18:44:30.619 17357 17905 I RcsProvisioningFlow: countryCode: IN,
10-31 18:44:30.619 17357 17905 I RcsProvisioningFlow: networkOperatorName: ,
10-31 18:44:30.619 17357 17905 I RcsProvisioningFlow: subscriptionGroupUuid: ,
10-31 18:44:30.619 17357 17905 I RcsProvisioningFlow: mcc: 405,
10-31 18:44:30.619 17357 17905 I RcsProvisioningFlow: mnc: 854,
10-31 18:44:30.619 17357 17905 I RcsProvisioningFlow: simCarrierId: 2018,
10-31 18:44:30.619 17357 17905 I RcsProvisioningFlow: iccid: redacted-pii:sim_iccid[chars:20],
10-31 18:44:30.619 17357 17905 I RcsProvisioningFlow: isFi: false,
10-31 18:44:30.619 17357 17905 I RcsProvisioningFlow: loggableGuid: 9f724bff-3f9f-4454-9428-4fdceffc2a28,
10-31 18:44:30.619 17357 17905 I RcsProvisioningFlow: formattedMsisdn: redacted-pii:phone_number[chars:13,last2:51],
10-31 18:44:30.619 17357 17905 I RcsProvisioningFlow: simOperatorName: Jio,
10-31 18:44:30.619 17357 17905 I RcsProvisioningFlow: simOperator: 405854,
10-31 18:44:30.619 17357 17905 I RcsProvisioningFlow: groupIdLevel1: FFFFFFFFFFFFFFFFFFFF,
10-31 18:44:30.619 17357 17905 I RcsProvisioningFlow: preferredSubscriptionName: Indla)]
10-31 18:44:30.620 17357 17905 I RcsProvisioningFlow: Storing updatedSimSubscriptionInfos: [(redacted-pii:sim_id[chars:20,last3:300], 9f724bff-3f9f-4454-9428-4fdceffc2a28)]
10-31 18:44:30.621 17357 17905 I RcsProvisioningFlow: No newly loaded SIMs on phone sim state update.
10-31 18:44:30.628 17357 17903 I WM-WorkerWrapper: Worker result SUCCESS for Work [ id=7f59ce7b-192e-45e1-8a91-4977cce5c7d9, tags={ com.google.android.apps.messaging.shared.datamodel.workqueue.WorkQueueWorkerShim,sim_state_update_queue-WORK_TYPE_UPDATE_PHONE_SIMS_STATE } ]
10-31 18:44:30.873 17357 17372 W Binder  : Caught a RuntimeException from the binder stub implementation.
10-31 18:44:30.873 17357 17372 W Binder  : java.lang.UnsupportedOperationException
10-31 18:44:30.873 17357 17372 W Binder  : 	at com.google.android.gms.clearcut.internal.DefaultClearcutLoggerCallbacks.onLogError(PG:3)
10-31 18:44:30.873 17357 17372 W Binder  : 	at com.google.android.gms.clearcut.internal.IClearcutLoggerCallbacks$Stub.dispatchTransaction(PG:33)
10-31 18:44:30.873 17357 17372 W Binder  : 	at com.google.android.aidl.BaseStub.onTransact(PG:13)
10-31 18:44:30.873 17357 17372 W Binder  : 	at android.os.Binder.execTransactInternal(Binder.java:1566)
10-31 18:44:30.873 17357 17372 W Binder  : 	at android.os.Binder.execTransact(Binder.java:1505)
10-31 18:44:30.877 17357 17373 W Binder  : Caught a RuntimeException from the binder stub implementation.
10-31 18:44:30.877 17357 17373 W Binder  : java.lang.UnsupportedOperationException
10-31 18:44:30.877 17357 17373 W Binder  : 	at com.google.android.gms.clearcut.internal.DefaultClearcutLoggerCallbacks.onLogError(PG:3)
10-31 18:44:30.877 17357 17373 W Binder  : 	at com.google.android.gms.clearcut.internal.IClearcutLoggerCallbacks$Stub.dispatchTransaction(PG:33)
10-31 18:44:30.877 17357 17373 W Binder  : 	at com.google.android.aidl.BaseStub.onTransact(PG:13)
10-31 18:44:30.877 17357 17373 W Binder  : 	at android.os.Binder.execTransactInternal(Binder.java:1566)
10-31 18:44:30.877 17357 17373 W Binder  : 	at android.os.Binder.execTransact(Binder.java:1505)
10-31 18:44:31.171 11935 17923 I NearbySharing: Network state changed: NetworkState(isRestricted=false, isOnline=true, isCongested=false, isMetered=true, isWifiConnected=false)
10-31 18:44:31.389 11935 17923 I NearbyMediums: No BLE Fast/GATT advertisements found in the latest cycle.
10-31 18:44:31.390 11935 17923 I NearbyMediums: Current Tracked Scanning Clients are : {NearbyConnections.EnvironmentMonitor, NearbySharing}
10-31 18:44:31.887 31785 31785 W AppOpsControllerImpl: Noted op: 1 with result allow for package com.android.phone
10-31 18:44:34.596 12162 12162 I xtk     : onReceive
10-31 18:44:34.612 12162 12248 I zfc     : (REDACTED) bluetoothConnectionStateChanged. Action: %s
10-31 18:44:34.612 12162 12248 I zec     : Registering Gemini service client
10-31 18:44:34.613 12162 12248 I zeh     : Initializing PhoneMediaHandler
10-31 18:44:34.634 12162 12250 I zfc     : Reconnect Herbie with input only mode
10-31 18:44:34.634 11935 17477 I Nearby  : (REDACTED) is blocked device type %s, isAuto=%s, isIot=%s, isLatchsky=%s, isChinaWearable=%s, isTv=%s, isWearable=%s (supportWearOs=%s), isChromeOsDevice=%s (supportChromeOs=%s)
10-31 18:44:34.637 11935 11935 I NearbyDiscovery: (REDACTED) DiscoveryService onStartCommand action: %s
10-31 18:44:34.637 11935 11935 I NearbyDiscovery: (REDACTED) onAclChange: state=%s, %s
10-31 18:44:34.637 11935 12511 I NearbyDiscovery: (REDACTED) FastPair: lock scan rate if needed, %s, bondState=%s
10-31 18:44:34.638 11935 12511 I NearbyDiscovery: (REDACTED) OffloadFastPairScanner: eventType=%s, isInternalReq=%s, isOffloadScanning=%s, isOffloadScanningAllowed=%s
10-31 18:44:34.639 11935 12511 I NearbyDiscovery: (REDACTED) FastPairScanner: isScreenOn=%s, isLocationEnabled=%s, disableLocationRequirement=%s, isDiscoveryScanningEnabled=%s, during24GhzWifiWarmingUpPeriod=%s
10-31 18:44:34.639 11935 12511 I NearbyDiscovery: (REDACTED) FastPairScanner: eventType=%s, intReq=%s, scanning=%s, scanAllowed=%s, bleEnabled=%s, lockScanRate=%s, startScanningByLowPowerMode=%s
10-31 18:44:34.639 11935 12511 I NearbyDiscovery: (REDACTED) FastPairScanner: Already in %s scanning
10-31 18:44:34.639 11935 12511 I NearbyDiscovery: (REDACTED) FastPairScanner: set recover event type, from=%s, to=%s
10-31 18:44:34.639 11935 12511 I NearbyDiscovery: FastPairScanner: LockScanRateResult isn't UNLOCK but handled [CONTEXT service_id=265 ]
10-31 18:44:34.650 11935 13987 I Wear_Controller: Wearable module requires a companion app to be installed.
10-31 18:44:34.650 11935 13987 I WearableService: onCreate: Wearable Services not starting. Wear is not available on this device.
10-31 18:44:34.650 11935 11985 W WearableService: onGetService: Wear is not available on this device.
10-31 18:44:34.651 12162 12229 W GoogleApiManager: Not showing notification since connectionResult is not user-facing: ConnectionResult{statusCode=API_UNAVAILABLE, resolution=null, message=null, clientMethodKey=null}
10-31 18:44:34.882 31785 31785 W AppOpsControllerImpl: Noted op: 1 with result ignore for package com.google.android.projection.gearhead
10-31 18:44:35.422 31785 31842 W AppOpsControllerImpl: Removed item: AppOpItem(Op code=1, UID=1000, Package name=com.vivo.pem, Paused=false)false)
10-31 18:44:35.422 31785 31842 W AppOpsControllerImpl: Removed item: AppOpItem(Op code=1, UID=1000, Package name=android, Paused=false)false)
10-31 18:44:35.423 31785 31842 W AppOpsControllerImpl: Removed item: AppOpItem(Op code=1, UID=1000, Package name=com.android.server.telecom, Paused=false)false)
10-31 18:44:36.063 17984 17984 I chbox:googleapp: Using CollectorTypeCC GC.
10-31 18:44:36.069 17984 17984 E chbox:googleapp: Not starting debugger since process cannot load the jdwp agent.
10-31 18:44:36.091 17984 17984 E chbox:googleapp: BBinder_init Processname  <pre-initialized>  
10-31 18:44:36.206 17984 17984 W chbox:googleapp: Failed to find entry 'classes.dex': Entry not found
10-31 18:44:36.218 17984 17984 W chbox:googleapp: Failed to find entry 'classes.dex': Entry not found
10-31 18:44:36.233 17984 17984 W chbox:googleapp: Failed to find entry 'classes.dex': Entry not found
10-31 18:44:36.241 17984 17984 W chbox:googleapp: Failed to find entry 'classes.dex': Entry not found
10-31 18:44:36.379 17984 17984 I MultiDex: VM with version 2.1.0 has multidex support
10-31 18:44:36.379 17984 17984 I MultiDex: Installing application
10-31 18:44:36.379 17984 17984 I MultiDex: VM has multidex support, MultiDex support library is disabled.
10-31 18:44:36.394 17984 18007 E chbox:googleapp: BBinder_init Processname  com.google.android.googlequicksearchbox:googleapp  
10-31 18:44:36.394 17984 18007 E chbox:googleapp: BBinder_init hasGetProcessName  com.google.android.googlequicksearchbox:googleapp
10-31 18:44:36.492 17357 17357 I BugleDataModel: ActionExecutorImpl: ACTION_EXECUTE_QUEUED_CountryCodeDetectorAction
10-31 18:44:36.492 17357 17357 I BugleDataModel: ActionExecutorImpl: ACTION_EXECUTE_QUEUED_SelfParticipantsRefreshAction
10-31 18:44:36.494 17357 17902 I BugleDataModel: ExecuteActionRunnable: running action CountryCodeDetectorAction
10-31 18:44:36.497 17357 17905 I Bugle   : CountryCodeDetector: updateSmsNetworkCountry from default subscription network country. detected country: in
10-31 18:44:36.497 17357 17902 I BugleDataModel: ActionExecutorImpl: ACTION_BACKGROUND_QUEUED_CountryCodeDetectorAction
10-31 18:44:36.497 17357 17905 I BugleDataModel: ActionExecutorImpl: ACTION_RESPONSE_QUEUED_CountryCodeDetectorAction
10-31 18:44:36.498 17357 17902 I BugleDataModel: ExecuteActionRunnable: running action SelfParticipantsRefreshAction
10-31 18:44:36.498 17357 17902 I BugleDataModel: ActionExecutorImpl: ACTION_BACKGROUND_QUEUED_SelfParticipantsRefreshAction
10-31 18:44:36.500 17357 17905 I BugleDataModel: ParticipantFullRefresh: Start participant refresh. refreshMode: SELF_ONLY
10-31 18:44:36.505 17357 17905 I BugleDataModel: SubscriptionsTracker#refreshSelfParticipantList([1])
10-31 18:44:36.523 17357 17905 I Bugle   : getRawTelephonyPhoneNumber redacted-pii[12-chars] [CONTEXT sub_id=1 ]
10-31 18:44:36.525 17357 17905 I Bugle   : SubscriptionUtils.getCanonicalForSelf: self=redacted-pii[13-chars], country=IN [CONTEXT sub_id=1 ]
10-31 18:44:36.532 17357 17905 I Bugle   : CountryCodeDetector: updateSmsNetworkCountry from default subscription network country. detected country: in
10-31 18:44:36.540 17357 17905 I Bugle   : getRawTelephonyPhoneNumber redacted-pii[12-chars] [CONTEXT sub_id=1 ]
10-31 18:44:36.557 17357 17905 I Bugle   : getRawTelephonyPhoneNumber redacted-pii[12-chars] [CONTEXT sub_id=1 ]
10-31 18:44:36.560 17357 17905 I Bugle   : SubscriptionUtils.getCanonicalForSelf: self=redacted-pii[13-chars], country=IN [CONTEXT sub_id=1 ]
10-31 18:44:36.575 17357 17905 I Bugle   : getRawTelephonyPhoneNumber redacted-pii[12-chars] [CONTEXT sub_id=1 ]
10-31 18:44:36.581 17984 17984 I cnzx    : Initializing GMS Compliance Client Library...
10-31 18:44:36.581 17984 17984 I cnzx    : Checking for device compliance...
10-31 18:44:36.582 17984 17984 I cnzx    : Completed library init.
10-31 18:44:36.591 17357 17905 I BugleDataModel: SubscriptionsTracker bindToTrackingMap bound participants: [ParticipantId=1 subId=-1, ParticipantId=2 subId=1, ParticipantId=4 subId=2, ParticipantId=455 subId=3]
10-31 18:44:36.592 17357 17905 I BugleDataModel: set orderedRowIdAndTokenPairs: [rowId=2 subId= 1 token=af7749c1-ab0e-4bf0-af36-96e73a14aef6, rowId=1 subId= -1 token=2ec79417-9a61-4c99-a445-03c8c951c14d, rowId=455 subId= 3 token=b5e7296a-a199-4863-a277-1e3cbc8c8752, rowId=4 subId= 2 token=7e403955-d094-456f-a70b-7c03102347a3]
10-31 18:44:36.603 17357 17905 I Bugle   : getRawTelephonyPhoneNumber redacted-pii[12-chars] [CONTEXT sub_id=1 ]
10-31 18:44:36.606 17357 17905 I Bugle   : SubscriptionUtils.getCanonicalForSelf: self=redacted-pii[13-chars], country=IN [CONTEXT sub_id=1 ]
10-31 18:44:36.638 17984 18021 I dcbx    : (REDACTED) Shared storage file not found for %s
10-31 18:44:36.641 17984 18021 I dcbx    : (REDACTED) Unable to retrieve flag snapshot for %s, using defaults.
10-31 18:44:36.645 17984 18018 I cnzx    : (REDACTED) Device Compliance Fetch time taken = %sms
10-31 18:44:36.646 17984 18018 I cnzx    : Device is compliant!
10-31 18:44:36.647 17984 18018 I cnzx    : Invoking "compliant" action...
10-31 18:44:36.652 17984 18009 E FilePhenotypeFlags: Config package com.google.android.gms.gmscompliance cannot use FILE backing without declarative registration. See go/phenotype-android-integration#phenotype for more information. This will lead to stale flags.
10-31 18:44:36.675 17357 17905 I Bugle   : getRawTelephonyPhoneNumber redacted-pii[12-chars] [CONTEXT sub_id=1 ]
10-31 18:44:36.677 17357 17905 I Bugle   : SubscriptionUtils.getCanonicalForSelf: self=redacted-pii[13-chars], country=IN [CONTEXT sub_id=1 ]
10-31 18:44:36.731 17357 17905 I Bugle   : getRawTelephonyPhoneNumber redacted-pii[13-chars] [CONTEXT sub_id=2 ]
10-31 18:44:36.732 17357 17905 I Bugle   : TelephonySubscriptionInfoAsOfLMR1: getActiveSubscriptionInfo(): empty sub info for subscription{id:2}
10-31 18:44:36.734 17357 17905 I Bugle   : SubscriptionUtils.getCanonicalForSelf: self=redacted-pii[13-chars], country= [CONTEXT sub_id=2 ]
10-31 18:44:36.736 17357 17905 I Bugle   : TelephonySubscriptionInfoAsOfLMR1: getActiveSubscriptionInfo(): empty sub info for subscription{id:2}
10-31 18:44:36.779 17357 17905 I Bugle   : getRawTelephonyPhoneNumber redacted-pii[12-chars] [CONTEXT sub_id=3 ]
10-31 18:44:36.780 17357 17905 I Bugle   : TelephonySubscriptionInfoAsOfLMR1: getActiveSubscriptionInfo(): empty sub info for subscription{id:3}
10-31 18:44:36.781 17357 17905 I Bugle   : Phone number for self is invalid! With country= and number=redacted-pii[12-chars] [CONTEXT sub_id=3 ]
10-31 18:44:36.782 17357 17905 I Bugle   : TelephonySubscriptionInfoAsOfLMR1: getActiveSubscriptionInfo(): empty sub info for subscription{id:3}
10-31 18:44:36.812 17357 17905 I BugleDataModel: ParticipantFullRefresh: Number of participants refreshed: 0
10-31 18:44:36.815 17357 17905 I BugleDataModel: ActionExecutorImpl: ACTION_RESPONSE_QUEUED_SelfParticipantsRefreshAction
10-31 18:44:36.827 17357 17902 I Bugle   : getRawTelephonyPhoneNumber redacted-pii[12-chars] [CONTEXT sub_id=1 ]
10-31 18:44:36.829 17357 17902 I Bugle   : SubscriptionUtils.getCanonicalForSelf: self=redacted-pii[13-chars], country=IN [CONTEXT sub_id=1 ]
10-31 18:44:36.835 17357 17902 I BugleSelfIdentity: Phone number for MyIdentity af7749c1-ab0e-4bf0-af36-96e73a14aef6 does not change [CONTEXT sub_id=1 icc_id="redacted-pii[20-chars]" messaging_identity="redacted-pii[13-chars]" rcs_provisioning_id="redacted-pii[0-chars]" ]
10-31 18:44:36.846 17357 17902 I Bugle   : getRawTelephonyPhoneNumber redacted-pii[12-chars] [CONTEXT sub_id=1 ]
10-31 18:44:36.848 17357 17902 I Bugle   : SubscriptionUtils.getCanonicalForSelf: self=redacted-pii[13-chars], country=IN [CONTEXT sub_id=1 ]
10-31 18:44:36.852 17357 17902 I BugleSelfIdentity: Phone number for MyIdentity af7749c1-ab0e-4bf0-af36-96e73a14aef6 does not change [CONTEXT sub_id=1 icc_id="redacted-pii[20-chars]" messaging_identity="redacted-pii[13-chars]" rcs_provisioning_id="redacted-pii[0-chars]" ]
10-31 18:44:36.894 31785 31842 W AppOpsControllerImpl: Removed item: AppOpItem(Op code=1, UID=1001, Package name=com.android.phone, Paused=false)false)
10-31 18:44:37.509 17357 17372 W Binder  : Caught a RuntimeException from the binder stub implementation.
10-31 18:44:37.509 17357 17372 W Binder  : java.lang.UnsupportedOperationException
10-31 18:44:37.509 17357 17372 W Binder  : 	at com.google.android.gms.clearcut.internal.DefaultClearcutLoggerCallbacks.onLogError(PG:3)
10-31 18:44:37.509 17357 17372 W Binder  : 	at com.google.android.gms.clearcut.internal.IClearcutLoggerCallbacks$Stub.dispatchTransaction(PG:33)
10-31 18:44:37.509 17357 17372 W Binder  : 	at com.google.android.aidl.BaseStub.onTransact(PG:13)
10-31 18:44:37.509 17357 17372 W Binder  : 	at android.os.Binder.execTransactInternal(Binder.java:1566)
10-31 18:44:37.509 17357 17372 W Binder  : 	at android.os.Binder.execTransact(Binder.java:1505)
10-31 18:44:37.600 17357 17372 W Binder  : Caught a RuntimeException from the binder stub implementation.
10-31 18:44:37.600 17357 17372 W Binder  : java.lang.UnsupportedOperationException
10-31 18:44:37.600 17357 17372 W Binder  : 	at com.google.android.gms.clearcut.internal.DefaultClearcutLoggerCallbacks.onLogError(PG:3)
10-31 18:44:37.600 17357 17372 W Binder  : 	at com.google.android.gms.clearcut.internal.IClearcutLoggerCallbacks$Stub.dispatchTransaction(PG:33)
