10-31 18:42:04.672 17357 17387 I BugleJobs: Starts to observe table change.
10-31 18:42:04.674 17357 17397 I RcsProvisioningFlow: Storing updatedSimSubscriptionInfos: [(redacted-pii:sim_id[chars:20,last3:300], 9f724bff-3f9f-4454-9428-4fdceffc2a28)]
10-31 18:42:04.688 31785 31785 W AppOpsControllerImpl: Noted op: 1 with result ignore for package com.google.android.apps.messaging
10-31 18:42:04.688 31785 31785 W AppOpsControllerImpl: Noted op: 0 with result ignore for package com.google.android.apps.messaging
10-31 18:42:04.693 17357 17397 I RcsProvisioningFlow: Handling SIM loaded event for all SIMs on first update: [(redacted-pii[20-chars], 9f724bff-3f9f-4454-9428-4fdceffc2a28)]
10-31 18:42:04.694 17357 17377 I BugleConnectivity: isOnSatellite(1): false
10-31 18:42:04.694 17357 17377 I BugleConnectivity: 1 is not on satellite and no other subscriptions are on satellite
10-31 18:42:04.711 17357 17398 I RcsProvisioningFlow: EVENT_TYPE_SIM_STATE_UPDATE_SCHEDULED logging skipped for redacted-pii:sim_id[chars:20,last3:300] because an active flow already exists.
10-31 18:42:04.726 17357 17396 I Forking : Starting analysis.
10-31 18:42:04.729 17357 17399 I Bugle   : RcsAvailabilityUtilForProvisioningEngineV2: updateAvailabilityForAllSimsAsync, hint: NO_HINT
10-31 18:42:04.731 17357 17399 I BugleRcsProvisioning: updateAvailabilityForAllSimsAsync: scheduling updateAvailabilityForRcsProvisioningId call. Hint: NO_HINT, enableWelcomePopupWithoutGoogleTos: false, reshowSuccessPopup: false
10-31 18:42:04.733 17357 17396 I Misthreading: Starting analysis.
10-31 18:42:04.741 17357 17499 I BugleRcsProvisioning: updateRcsAvailabilityForMultipleSims: hint: NO_HINT, canReshowWelcomeMessage: false
10-31 18:42:04.742 17357 17499 I RcsAvailabilityCache: Cached availability not found for simId: redacted-pii:sim_id[chars:20,last3:300]
10-31 18:42:04.743 17357 17387 I BugleRcsEngine: getConfigServerUrl without simId [CONTEXT log_prefix="ProvisioningServerUtil" thread_id=339669 ]
10-31 18:42:04.755 17357 17499 I Bugle   : Has Samsung system feature: false
10-31 18:42:04.766 17357 17397 I BugleDataModel: SubscriptionsTracker#refreshSelfParticipantList([1])
10-31 18:42:04.766 11935 16818 E IPCThreadState: Process seems to be sending too many oneway calls.
10-31 18:42:04.768 11935 17009 E JavaBinder: !!! FAILED BINDER TRANSACTION !!!  (parcel size = 96856)
10-31 18:42:04.769 17357 17387 I BugleRcsEngine: Using MCC based URL [CONTEXT log_prefix="ProvisioningServerUtil" thread_id=339669 ]
10-31 18:42:04.778 17357 17387 I ProvisioningServerUtil: ProvisioningServerUtil: Getting mccmnc from SimPreferences.
10-31 18:42:04.785 17357 17401 I MobileConfigurationApi: registerParameters successfully stored 4 parameters
10-31 18:42:04.785 17357 17503 I FirebaseApp: Device unlocked: initializing all Firebase APIs for app [DEFAULT]
10-31 18:42:04.786 17357 17401 I SyncScheduler: scheduling sync for 0 seconds later, policy = KEEP
10-31 18:42:04.787 17357 17371 W Binder  : Caught a RuntimeException from the binder stub implementation.
10-31 18:42:04.787 17357 17371 W Binder  : java.lang.UnsupportedOperationException
10-31 18:42:04.787 17357 17371 W Binder  : 	at com.google.android.gms.clearcut.internal.DefaultClearcutLoggerCallbacks.onLogError(PG:3)
10-31 18:42:04.787 17357 17371 W Binder  : 	at com.google.android.gms.clearcut.internal.IClearcutLoggerCallbacks$Stub.dispatchTransaction(PG:33)
10-31 18:42:04.787 17357 17371 W Binder  : 	at com.google.android.aidl.BaseStub.onTransact(PG:13)
10-31 18:42:04.787 17357 17371 W Binder  : 	at android.os.Binder.execTransactInternal(Binder.java:1566)
10-31 18:42:04.787 17357 17371 W Binder  : 	at android.os.Binder.execTransact(Binder.java:1505)
10-31 18:42:04.815 17357 17400 I BugleRcsProvisioning: BugleSystemBindingManager: onBuglePhenotypeFlagChanged
10-31 18:42:04.817 17357 17400 I BugleTransport: Not kicking off update transport registration because RCS provisioning change has not been received.
10-31 18:42:04.843 11935 16818 E oneway spamming:   #00 pc 0000000000063c88  /system/lib64/libbinder.so (android::BpBinder::transact(unsigned int, android::Parcel const&, android::Parcel*, unsigned int)+168) (BuildId: 5f57e1993803b2fdc20a467156c59ec1)
10-31 18:42:04.843 11935 16818 E oneway spamming:   #01 pc 00000000001a5768  /system/lib64/libandroid_runtime.so (android_os_BinderProxy_transact(_JNIEnv*, _jobject*, int, _jobject*, _jobject*, int)+152) (BuildId: b6f72dd3c5f7af09ed4154bd5df09446)
10-31 18:42:04.843 11935 16818 E oneway spamming:   #02 pc 0000000001997cfc  /data/misc/apexdata/com.android.art/dalvik-cache/arm64/boot.oat (art_jni_trampoline+140)
10-31 18:42:04.843 11935 16818 E oneway spamming:   #03 pc 0000000000ef0d4c  /data/misc/apexdata/com.android.art/dalvik-cache/arm64/boot.oat (android.os.BinderProxy.transact+1260)
10-31 18:42:04.843 11935 16818 E oneway spamming:   #04 pc 00000000022ba378  /data/app/~~YB6SQgbPHwXTonz1uiJkvw==/com.google.android.gms-lTe0xNIQQkKHRkvrVwKEHg==/oat/arm64/base.odex (emwi.g+472)
10-31 18:42:04.843 11935 16818 E oneway spamming:   #05 pc 0000000002d41380  /data/app/~~YB6SQgbPHwXTonz1uiJkvw==/com.google.android.gms-lTe0xNIQQkKHRkvrVwKEHg==/oat/arm64/base.odex (emxo.i+176)
10-31 18:42:04.843 11935 16818 E oneway spamming:   #06 pc 0000000000fb2c0c  /data/app/~~YB6SQgbPHwXTonz1uiJkvw==/com.google.android.gms-lTe0xNIQQkKHRkvrVwKEHg==/oat/arm64/base.odex (emwx.h+444)
10-31 18:42:04.843 11935 16818 E oneway spamming:   #07 pc 0000000000fb294c  /data/app/~~YB6SQgbPHwXTonz1uiJkvw==/com.google.android.gms-lTe0xNIQQkKHRkvrVwKEHg==/oat/arm64/base.odex (emwx.f+316)
10-31 18:42:04.843 11935 16818 E oneway spamming:   #08 pc 0000000000c0dd34  /data/app/~~YB6SQgbPHwXTonz1uiJkvw==/com.google.android.gms-lTe0xNIQQkKHRkvrVwKEHg==/oat/arm64/base.odex (cnfk.fx+52)
10-31 18:42:04.843 11935 16818 E oneway spamming:   #09 pc 0000000000da8a60  /data/app/~~YB6SQgbPHwXTonz1uiJkvw==/com.google.android.gms-lTe0xNIQQkKHRkvrVwKEHg==/oat/arm64/base.odex (cnfo.run+1968)
10-31 18:42:04.843 11935 16818 E oneway spamming:   #10 pc 00000000010c3034  /data/app/~~YB6SQgbPHwXTonz1uiJkvw==/com.google.android.gms-lTe0xNIQQkKHRkvrVwKEHg==/oat/arm64/base.odex (gits.run+1156)
10-31 18:42:04.843 11935 16818 E oneway spamming:   #11 pc 0000000000ce300c  /data/app/~~YB6SQgbPHwXTonz1uiJkvw==/com.google.android.gms-lTe0xNIQQkKHRkvrVwKEHg==/oat/arm64/base.odex (bdkw.c+300)
10-31 18:42:04.843 11935 16818 E oneway spamming:   #12 pc 0000000000ce3bf8  /data/app/~~YB6SQgbPHwXTonz1uiJkvw==/com.google.android.gms-lTe0xNIQQkKHRkvrVwKEHg==/oat/arm64/base.odex (bdkw.run+2120)
10-31 18:42:04.843 11935 16818 E oneway spamming:   #13 pc 00000000006d9e3c  /data/misc/apexdata/com.android.art/dalvik-cache/arm64/boot.oat (java.util.concurrent.ThreadPoolExecutor.runWorker+748)
10-31 18:42:04.843 11935 16818 E oneway spamming:   #14 pc 00000000006de3b0  /data/misc/apexdata/com.android.art/dalvik-cache/arm64/boot.oat (java.util.concurrent.ThreadPoolExecutor$Worker.run+64)
10-31 18:42:04.843 11935 16818 E oneway spamming:   #15 pc 0000000000cefda8  /data/app/~~YB6SQgbPHwXTonz1uiJkvw==/com.google.android.gms-lTe0xNIQQkKHRkvrVwKEHg==/oat/arm64/base.odex (bdqn.run+88)
10-31 18:42:04.843 11935 16818 E oneway spamming:   #16 pc 0000000000555ed8  /data/misc/apexdata/com.android.art/dalvik-cache/arm64/boot.oat (java.lang.Thread.run+72)
10-31 18:42:04.843 11935 16818 E oneway spamming:   #17 pc 0000000000317194  /apex/com.android.art/lib64/libart.so (art_quick_invoke_stub+612) (BuildId: eb4ec0f1d1c7267591d83fa87cb36390)
10-31 18:42:04.843 11935 16818 E oneway spamming:   #18 pc 0000000000302838  /apex/com.android.art/lib64/libart.so (art::ArtMethod::Invoke(art::Thread*, unsigned int*, unsigned int, art::JValue*, char const*)+216) (BuildId: eb4ec0f1d1c7267591d83fa87cb36390)
10-31 18:42:04.843 11935 16818 E oneway spamming:   #19 pc 00000000004c8298  /apex/com.android.art/lib64/libart.so (art::Thread::CreateCallback(void*)+932) (BuildId: eb4ec0f1d1c7267591d83fa87cb36390)
10-31 18:42:04.843 11935 16818 E oneway spamming:   #20 pc 00000000000bb37c  /apex/com.android.runtime/lib64/bionic/libc.so (__pthread_start(void*)+220) (BuildId: 630ff389959e135cd9916adf654830dd)
10-31 18:42:04.843 11935 16818 E oneway spamming:   #21 pc 00000000000ac600  /apex/com.android.runtime/lib64/bionic/libc.so (__start_thread+64) (BuildId: 630ff389959e135cd9916adf654830dd)
10-31 18:42:04.843 11935 16818 W BpBinder: Large outgoing transaction of 454972 bytes, interface descriptor , code 4
10-31 18:42:04.892 17357 17385 I BugleRcsEngine: getConfigServerUrl without simId [CONTEXT log_prefix="ProvisioningServerUtil" thread_id=339667 ]
10-31 18:42:04.893 17357 17383 I BugleNetwork: FirebaseRegistrationStartupTask: Enabling Firebase component
10-31 18:42:04.896 17357 17501 I BugleRcsEngine: SystemBinding enabled: true [CONTEXT log_prefix="SystemBindingManager" thread_id=339692 ]
10-31 18:42:04.899 17357 17501 I BugleRcsEngine: System Binding updated [CONTEXT thread_id=339692 ]
10-31 18:42:04.900 17357 17387 I BugleRcsEngine: getConfigServerUrl without simId [CONTEXT log_prefix="ProvisioningServerUtil" thread_id=339669 ]
10-31 18:42:04.903 17357 17397 I Bugle   : CountryCodeDetector: updateSmsNetworkCountry from default subscription network country. detected country: in
10-31 18:42:04.916 17357 17499 I BugleRcsEngine: [SR]: Single Registration is disabled. Skipping Single Registration capability check for subId: 1, OS.isAtLeastS:[true], enableSingleRegistrationProvisioning:[false] [CONTEXT thread_id=339690 ]
10-31 18:42:04.926 17357 17367 I .apps.messaging: Background concurrent copying GC freed 37MB AllocSpace bytes, 152(4176KB) LOS objects, 49% free, 17MB/34MB, paused 832us,517us total 436.964ms
10-31 18:42:04.952 17357 17499 I BugleRcsProvisioning: RcsAvailability configuration availability and enabled status: simId: redacted-pii:sim_id[chars:20,last3:300], SipConnectionType: DUAL_REG, isConfigurationAvailableAndEnabled: true
10-31 18:42:04.953 17357 17499 I BugleRcsProvisioning: Checking isConfigServerUrlAvailable with simId: redacted-pii:sim_id[chars:20,last3:300], 
10-31 18:42:04.954 17357 17499 I BugleRcsEngine: getConfigServerUrl with simId: redacted-pii:sim_id[chars:20,last3:300] [CONTEXT log_prefix="ProvisioningServerUtil" thread_id=339690 ]
10-31 18:42:04.955 17357 17499 I BugleRcsEngine: Using MCC based URL [CONTEXT log_prefix="ProvisioningServerUtil" thread_id=339690 ]
10-31 18:42:04.956 17357 17499 I ProvisioningServerUtil: ProvisioningServerUtil: Getting mcc from SimSubscriptionInfo.
10-31 18:42:04.965 17357 17385 I BugleRcsEngine: Using MCC based URL [CONTEXT log_prefix="ProvisioningServerUtil" thread_id=339667 ]
10-31 18:42:04.968 17357 17387 I BugleRcsEngine: Using MCC based URL [CONTEXT log_prefix="ProvisioningServerUtil" thread_id=339669 ]
10-31 18:42:04.973 17357 17499 I BugleRcsProvisioning: RcsAvailability: Subscription Id: 1, simId: redacted-pii:sim_id[chars:20,last3:300], sipConnectionType: DUAL_REG, isRcsAvailable: true
10-31 18:42:04.977 17357 17499 I BugleRcsProvisioning: updateAvailabilityForRcsProvisioningId. SimId: redacted-pii:sim_id[chars:20,last3:300], currentAvailability: 1, newAvailability: 7, hint: NO_HINT
10-31 18:42:04.978 17357 17387 I ProvisioningServerUtil: ProvisioningServerUtil: Getting mccmnc from SimPreferences.
10-31 18:42:04.979 17357 17385 I ProvisioningServerUtil: ProvisioningServerUtil: Getting mccmnc from SimPreferences.
10-31 18:42:04.979 17357 17499 I RcsProvisioningManager: Receive onRcsAvailabilityUpdate, SIM = redacted-pii:sim_id[chars:20,last3:300], availability = RcsAvailability{mAvailability=AVAILABLE (RCS is setup)}
10-31 18:42:04.983 17357 17371 W Binder  : Caught a RuntimeException from the binder stub implementation.
10-31 18:42:04.983 17357 17371 W Binder  : java.lang.UnsupportedOperationException
10-31 18:42:04.983 17357 17371 W Binder  : 	at com.google.android.gms.clearcut.internal.DefaultClearcutLoggerCallbacks.onLogError(PG:3)
10-31 18:42:04.983 17357 17371 W Binder  : 	at com.google.android.gms.clearcut.internal.IClearcutLoggerCallbacks$Stub.dispatchTransaction(PG:33)
10-31 18:42:04.983 17357 17371 W Binder  : 	at com.google.android.aidl.BaseStub.onTransact(PG:13)
10-31 18:42:04.983 17357 17371 W Binder  : 	at android.os.Binder.execTransactInternal(Binder.java:1566)
10-31 18:42:04.983 17357 17371 W Binder  : 	at android.os.Binder.execTransact(Binder.java:1505)
10-31 18:42:04.985 17357 17371 W Binder  : Caught a RuntimeException from the binder stub implementation.
10-31 18:42:04.985 17357 17371 W Binder  : java.lang.UnsupportedOperationException
10-31 18:42:04.985 17357 17371 W Binder  : 	at com.google.android.gms.clearcut.internal.DefaultClearcutLoggerCallbacks.onLogError(PG:3)
10-31 18:42:04.985 17357 17371 W Binder  : 	at com.google.android.gms.clearcut.internal.IClearcutLoggerCallbacks$Stub.dispatchTransaction(PG:33)
10-31 18:42:04.985 17357 17371 W Binder  : 	at com.google.android.aidl.BaseStub.onTransact(PG:13)
10-31 18:42:04.985 17357 17371 W Binder  : 	at android.os.Binder.execTransactInternal(Binder.java:1566)
10-31 18:42:04.985 17357 17371 W Binder  : 	at android.os.Binder.execTransact(Binder.java:1505)
10-31 18:42:04.990 17357 17499 I RcsProvisioningManager: Configuration is empty: false for simId: redacted-pii:sim_id[chars:35,last3:00)]
10-31 18:42:05.005 17357 17394 I RcsProvisioningManager: AvailabilityObserver.onUpdate : Notify RcsAvailabilityListener cpdt@2adad31 onRcsAvailabilityUpdate, SIM = redacted-pii:sim_id[chars:20,last3:300], availability = 7
10-31 18:42:05.005 17357 17401 I RcsProvisioningManager: CommonRcsProvisioningChangeListenerHandler.notifyListener : Notify RcsProvisioningChangeListener dfxy@2499997 onRcsProvisioningChange, SIM = redacted-pii:sim_id[chars:35,last3:00)], available rcs provisioning ids  = redacted-pii:sim_id[chars:20,last3:300]
10-31 18:42:05.007 17357 17385 I RcsProvisioningManager: AvailabilityObserver.onUpdate : Notify RcsAvailabilityListener curo@82f2002 onRcsAvailabilityUpdate, SIM = redacted-pii:sim_id[chars:20,last3:300], availability = 7
10-31 18:42:05.009 17357 17401 I RcsClientLib: Service is deprecated skipping connection attempt: EventService
10-31 18:42:05.009 17357 17401 I RcsClientLib: Service is deprecated skipping connection attempt: ContactsService
10-31 18:42:05.010 17357 17401 I RcsClientLib: Service is deprecated skipping connection attempt: FileTransferService
10-31 18:42:05.010 17357 17401 I RcsClientLib: Service is deprecated skipping connection attempt: LocationSharingService
10-31 18:42:05.010 17357 17401 I RcsClientLib: Service is deprecated skipping connection attempt: ImsConnectionTrackerService
10-31 18:42:05.011 17357 17401 I RcsClientLib: Service is deprecated skipping connection attempt: RcsProfileService
10-31 18:42:05.011 17357 17401 I RcsClientLib: Service is deprecated skipping connection attempt: RcsMessagingService
10-31 18:42:05.011 17357 17401 I BugleRcs: connecting to 7 Rcs Services
10-31 18:42:05.014 17357 17399 I RcsProvisioningFlow: EVENT_TYPE_PROVISIONING_SUCCEEDED logging skipped for redacted-pii:sim_id[chars:20,last3:300] because of NOT_ELIGIBLE_PREVIOUS_EVENT_NOT_LOGGED
10-31 18:42:05.021 17357 17513 I BugleTransport: Retrieved RCS available simIds: [redacted-pii[20-chars]]
10-31 18:42:05.031 17357 17513 I BugleTransport: Enabled chat transport for SIM = redacted-pii[20-chars] is TACHYGRAM
10-31 18:42:05.050 17357 17383 I BugleE2eeEtouffee: EtouffeeStateMachine: Ensuring state machine consistency
10-31 18:42:05.051 17357 17383 I RcsProvisioningManager: Identity mapping not empty. Backfill not required.
10-31 18:42:05.054 17357 17397 I BugleDataModel: SubscriptionsTracker bindToTrackingMap bound participants: [ParticipantId=1 subId=-1, ParticipantId=2 subId=1, ParticipantId=4 subId=2, ParticipantId=455 subId=3]
10-31 18:42:05.055 17357 17397 I BugleDataModel: set orderedRowIdAndTokenPairs: [rowId=2 subId= 1 token=af7749c1-ab0e-4bf0-af36-96e73a14aef6, rowId=1 subId= -1 token=2ec79417-9a61-4c99-a445-03c8c951c14d, rowId=455 subId= 3 token=b5e7296a-a199-4863-a277-1e3cbc8c8752, rowId=4 subId= 2 token=7e403955-d094-456f-a70b-7c03102347a3]
10-31 18:42:05.071 17357 17499 I BugleTransport: Deregister all SIMs except for SIMs with subIds: [] from chat transport: SINGLE_REGISTRATION.
10-31 18:42:05.072 17357 17385 I BugleTransport: Deregister all SIMs except for SIMs with subIds: [1] from chat transport: TACHYGRAM.
10-31 18:42:05.072 17357 17498 I BugleTransport: Deregister all SIMs except for SIMs with subIds: [] from chat transport: DUAL_REGISTRATION.
10-31 18:42:05.078 17357 17371 W Binder  : Caught a RuntimeException from the binder stub implementation.
10-31 18:42:05.078 17357 17371 W Binder  : java.lang.UnsupportedOperationException
10-31 18:42:05.078 17357 17371 W Binder  : 	at com.google.android.gms.clearcut.internal.DefaultClearcutLoggerCallbacks.onLogError(PG:3)
10-31 18:42:05.078 17357 17371 W Binder  : 	at com.google.android.gms.clearcut.internal.IClearcutLoggerCallbacks$Stub.dispatchTransaction(PG:33)
10-31 18:42:05.078 17357 17371 W Binder  : 	at com.google.android.aidl.BaseStub.onTransact(PG:13)
10-31 18:42:05.078 17357 17371 W Binder  : 	at android.os.Binder.execTransactInternal(Binder.java:1566)
10-31 18:42:05.078 17357 17371 W Binder  : 	at android.os.Binder.execTransact(Binder.java:1505)
10-31 18:42:05.081 17357 17396 I BugleE2eeEtouffee: EtouffeeStateMachine: onRegistrationUpdate from Tachyon, previousState: REGISTERED_WITH_PREKEYS, newState: REGISTERED_WITH_PREKEYS, reason: STARTUP_ENSURE_CONSISTENCY
10-31 18:42:05.081 17357 17385 I RcsClientLib: Service is deprecated skipping connection attempt: RcsEngineLifecycleServiceV2
10-31 18:42:05.091 17357 17396 I BugleRcsJibe: RcsServiceConnectionException was raised while waiting to connect to RcsEngineLifecycleServiceV2
10-31 18:42:05.092 17357 17395 I BugleE2eeEtouffee: EtouffeeStateMachine: E2EE provisioning state update, Previous Etouffee status: PROVISIONED, New Etouffee status: PROVISIONED
10-31 18:42:05.099 17357 17499 I BugleTransport: Register SIM with subId: 1 on chat transport: TACHYGRAM.
10-31 18:42:05.105 17357 17515 I BugleDataModel: 3 not running because already up to date, upgradeCommand: EXECUTE_UPGRADE, version: 2
10-31 18:42:05.109 17357 17515 I BugleDataModel: 2 not running because already up to date, upgradeCommand: EXECUTE_UPGRADE, version: 2
10-31 18:42:05.111 17357 17398 I BugleDataModel: 4 not running because already up to date, upgradeCommand: EXECUTE_UPGRADE, version: 1
10-31 18:42:05.115 17357 17383 I native  : I0000 00:00:1761916325.114657   17383 db_store.cc:105] Loading an existing database with version 16
10-31 18:42:05.115 17357 17383 I native  : I0000 00:00:1761916325.115224   17383 db_store.cc:517] Checking presence of tables, run_sqlite_master_schema_validation=true, run_per_table_schema_validation=true
10-31 18:42:05.136 17357 17385 I BugleMDD: MddBackgroundStartupTask: Scheduled MDD periodic tasks.
10-31 18:42:05.144 17357 17400 I BugleRcsEngine: Cannot use CS.apk as it's battery optimized [CONTEXT thread_id=339681 ]
10-31 18:42:05.145 17357 17400 I BugleSatellite: Processing Phenotype flag changes.
10-31 18:42:05.146 17357 17401 I BugleSatellite: Reporting to Telephony: SMS supported = true
10-31 18:42:05.155 11935 13987 I Wear_Controller: Wearable module requires a companion app to be installed.
10-31 18:42:05.155 11935 13987 I WearableService: onCreate: Wearable Services not starting. Wear is not available on this device.
10-31 18:42:05.157 11935 11952 W WearableService: onGetService: Wear is not available on this device.
10-31 18:42:05.162 17357 17383 I native  : I0000 00:00:1761916325.162793   17383 db_store.cc:428] Database schema, prefix=scytale_0586887bb1af102d28362f539061c4b2e0d32050d8729f7c987a9e00e3d90d5a4f_
10-31 18:42:05.170 17357 17400 I BugleE2eeEtouffee: PendingFtdMessageProcessor: Removed old pending messages. count: 0
10-31 18:42:05.171 17357 17383 I native  : I0000 00:00:1761916325.168274   17383 db_store.cc:449] Database schema=CREATE TABLE scytale_0586887bb1af102d28362f539061c4b2e0d32050d8729f7c987a9e00e3d90d5a4f_db_configuration(single_row INTEGER NOT NULL DEFAULT 1,schema_version INTEGER NOT NULL,PRIMARY KEY(single_row) CHECK(single_row = 1))
10-31 18:42:05.172 17357 17383 I native  : I0000 00:00:1761916325.172250   17383 db_store.cc:449] Database schema=CREATE TABLE scytale_0586887bb1af102d28362f539061c4b2e0d32050d8729f7c987a9e00e3d90d5a4f_identity_keys(device_id TEXT NOT NULL,identity_key BLOB NOT NULL,revision_timestamp_millis LONG NOT NULL DEFAULT(0),PRIMARY KEY(device_id) )
10-31 18:42:05.172 17357 17514 I BugleE2eeEtouffee: EtouffeeStateMachine: Deleting old data if any.
10-31 18:42:05.173 17357 17383 I native  : I0000 00:00:1761916325.172606   17383 db_store.cc:449] Database schema=CREATE TABLE scytale_0586887bb1af102d28362f539061c4b2e0d32050d8729f7c987a9e00e3d90d5a4f_message_otks(message_id TEXT NOT NULL,device_id TEXT NOT NULL,otk BLOB NOT NULL,insert_timestamp_millis LONG NOT NULL DEFAULT(0),PRIMARY KEY(message_id, device_id) )
10-31 18:42:05.174 17357 17383 I native  : I0000 00:00:1761916325.173975   17383 db_store.cc:449] Database schema=CREATE TABLE scytale_0586887bb1af102d28362f539061c4b2e0d32050d8729f7c987a9e00e3d90d5a4f_prekeys(key_id INTEGER NOT NULL,key_type INTEGER NOT NULL DEFAULT(0),prekey BLOB ,timestamp_millis LONG ,PRIMARY KEY(key_id) )
10-31 18:42:05.174 17357 17383 I native  : I0000 00:00:1761916325.174191   17383 db_store.cc:449] Database schema=CREATE TABLE scytale_0586887bb1af102d28362f539061c4b2e0d32050d8729f7c987a9e00e3d90d5a4f_received_message_state(message_id TEXT NOT NULL,message_state INTEGER NOT NULL DEFAULT(0),insert_timestamp_millis LONG NOT NULL DEFAULT(0),PRIMARY KEY(message_id) )
10-31 18:42:05.175 17357 17383 I native  : I0000 00:00:1761916325.175018   17383 db_store.cc:449] Database schema=CREATE TABLE scytale_0586887bb1af102d28362f539061c4b2e0d32050d8729f7c987a9e00e3d90d5a4f_sent_message_digests(message_id TEXT NOT NULL,device_id TEXT NOT NULL,message_digest BLOB NOT NULL,insert_timestamp_millis LONG NOT NULL DEFAULT(0),PRIMARY KEY(message_id, device_id) )
10-31 18:42:05.175 17357 17383 I native  : I0000 00:00:1761916325.175243   17383 db_store.cc:449] Database schema=CREATE TABLE scytale_0586887bb1af102d28362f539061c4b2e0d32050d8729f7c987a9e00e3d90d5a4f_sessions(device_id TEXT NOT NULL DEFAULT(0),session BLOB ,PRIMARY KEY(device_id) )
10-31 18:42:05.177 17357 17383 I BugleE2eeEtouffee: CryptoV2Provider: Base crypto created
10-31 18:42:05.180 17357 17397 I BugleRcsProvisioning: RcsProvisioningTrigger: Schedule provisioning on app startup
10-31 18:42:05.181 17357 17397 I BugleRcsProvisioning: RcsProvisioningTrigger: updateAvailabilityForAllSimsAsync : hint = NO_HINT logTriggerEvent = false
10-31 18:42:05.181 17357 17397 I Bugle   : RcsAvailabilityUtilForProvisioningEngineV2: updateAvailabilityForAllSimsAsync, hint: NO_HINT
10-31 18:42:05.182 17357 17397 I BugleRcsProvisioning: updateAvailabilityForAllSimsAsync: scheduling updateAvailabilityForRcsProvisioningId call. Hint: NO_HINT, enableWelcomePopupWithoutGoogleTos: false, reshowSuccessPopup: false
10-31 18:42:05.185 17357 17383 I BugleRcsProvisioning: updateRcsAvailabilityForMultipleSims: hint: NO_HINT, canReshowWelcomeMessage: false
10-31 18:42:05.187 17357 17514 I BugleE2eeEtouffee: Removed OTK count: 0
10-31 18:42:05.187 17357 17400 I BugleNetwork: Startup: registering tachyon.
10-31 18:42:05.193 17357 17400 I BugleNetwork: Startup: registering tachyon for phone.
10-31 18:42:05.195 17357 17400 I RcsProvisioningManager: Identity mapping not empty. Backfill not required.
10-31 18:42:05.197 17357 17384 I BugleNetwork: TachyonPhoneRegistration: Ensuring Tachyon phone registration
10-31 18:42:05.200 17357 17383 I BugleRcsEngine: [SR]: Single Registration is disabled. Skipping Single Registration capability check for subId: 1, OS.isAtLeastS:[true], enableSingleRegistrationProvisioning:[false] [CONTEXT thread_id=339665 ]
10-31 18:42:05.210 17357 17383 I BugleRcsProvisioning: RcsAvailability configuration availability and enabled status: simId: redacted-pii:sim_id[chars:20,last3:300], SipConnectionType: DUAL_REG, isConfigurationAvailableAndEnabled: true
10-31 18:42:05.211 17357 17383 I BugleRcsProvisioning: Checking isConfigServerUrlAvailable with simId: redacted-pii:sim_id[chars:20,last3:300], 
10-31 18:42:05.212 17357 17383 I BugleRcsEngine: getConfigServerUrl with simId: redacted-pii:sim_id[chars:20,last3:300] [CONTEXT log_prefix="ProvisioningServerUtil" thread_id=339665 ]
10-31 18:42:05.214 17357 17383 I BugleRcsEngine: Using MCC based URL [CONTEXT log_prefix="ProvisioningServerUtil" thread_id=339665 ]
10-31 18:42:05.215 17357 17383 I ProvisioningServerUtil: ProvisioningServerUtil: Getting mcc from SimSubscriptionInfo.
10-31 18:42:05.223 17357 17383 I BugleRcsProvisioning: RcsAvailability: Subscription Id: 1, simId: redacted-pii:sim_id[chars:20,last3:300], sipConnectionType: DUAL_REG, isRcsAvailable: true
10-31 18:42:05.224 17357 17383 I BugleRcsProvisioning: updateAvailabilityForRcsProvisioningId. SimId: redacted-pii:sim_id[chars:20,last3:300], currentAvailability: 7, newAvailability: 7, hint: NO_HINT
10-31 18:42:05.225 17357 17385 I RcsClientLib: Service is deprecated skipping connection attempt: EventService
10-31 18:42:05.226 17357 17385 I RcsClientLib: Service is deprecated skipping connection attempt: ContactsService
10-31 18:42:05.226 17357 17385 I RcsClientLib: Service is deprecated skipping connection attempt: FileTransferService
10-31 18:42:05.226 17357 17385 I RcsClientLib: Service is deprecated skipping connection attempt: LocationSharingService
10-31 18:42:05.227 17357 17385 I RcsClientLib: Service is deprecated skipping connection attempt: ImsConnectionTrackerService
10-31 18:42:05.227 17357 17401 I BugleRcsProvisioning: scheduleProvisioningForEligibleSims
10-31 18:42:05.227 17357 17385 I RcsClientLib: Service is deprecated skipping connection attempt: RcsProfileService
10-31 18:42:05.227 17357 17385 I RcsClientLib: Service is deprecated skipping connection attempt: RcsMessagingService
10-31 18:42:05.228 17357 17499 I cqas    : scheduleProvisioningForEligibleSims: operationTrigger: 5 bugle trigger event: 4
10-31 18:42:05.228 17357 17385 I BugleRcs: connecting to 7 Rcs Services
10-31 18:42:05.228 17357 17383 I BugleRcsProvisioning: RcsProvisioningTrigger: onRcsAvailabilityUpdate : availability is updated to RCS is setup, lastAvailabilityLocal is null, simId hash = -631854275224936351, simId = redacted-pii:sim_id[chars:20,last3:300], isPev3Enabled = true
10-31 18:42:05.228 17357 17499 I cqas    : scheduleProvisioningForAllEligibleSims: operationTrigger: 5 bugle trigger event: 4
10-31 18:42:05.232 17357 17387 I cqas    : scheduleProvisioningForRcsProvisioningId: rcsProvisioningId: redacted-pii:sim_id[chars:20,last3:300] operationTrigger: 5 bugle trigger event: 4
10-31 18:42:05.232 17357 17383 I BugleRcsEngine: getRcsProvisioningGoogleTosConfiguration # cpnn@2e73f060
10-31 18:42:05.232 17357 17383 I BugleRcsEngine: 4: 1, consentState = 1, ServerUpdateTime = 1698402938
10-31 18:42:05.232 17357 17383 I BugleRcsEngine: [CONTEXT log_prefix="ProvisioningEngineDataRetriever" thread_id=339665 ]
10-31 18:42:05.234 17357 17387 I BugleRcsEngine: [SR]: Single Registration is disabled. Skipping Single Registration capability check for subId: 1, OS.isAtLeastS:[true], enableSingleRegistrationProvisioning:[false] [CONTEXT thread_id=339669 ]
10-31 18:42:05.234 17357 17387 I cqas    : RcsProvisioningTrigger: DR is active, initializing DR provisioning. DUAL_REG
10-31 18:42:05.235 17357 17499 I BugleRcsEngine: [SR]: Single Registration is disabled. Skipping Single Registration capability check for subId: 1, OS.isAtLeastS:[true], enableSingleRegistrationProvisioning:[false] [CONTEXT thread_id=339690 ]
10-31 18:42:05.242 17357 17383 I RcsProvisioningManager: Receive onRcsAvailabilityUpdate, SIM = redacted-pii:sim_id[chars:20,last3:300], availability = RcsAvailability{mAvailability=AVAILABLE (RCS is setup)}
10-31 18:42:05.244 17357 17387 I BugleRcsProvisioning: RcsProvisioningTrigger: Should not schedule Revoke Google Consent Task because availability=7, isGoogleTos=true, isToggleStateUserDisabled=false
10-31 18:42:05.245 17357 17385 I BugleRcsProvisioning: RcsProvisioningTrigger: Did not schedule RevokeGoogleConsentTask
10-31 18:42:05.247 17357 17499 I BugleRcsEngine: Skipping full provisioning scheduling since we already have valid and updated RCS configuration [CONTEXT log_prefix="provisioning" thread_id=339690 ]
10-31 18:42:05.248 17357 17371 W Binder  : Caught a RuntimeException from the binder stub implementation.
10-31 18:42:05.248 17357 17371 W Binder  : java.lang.UnsupportedOperationException
10-31 18:42:05.248 17357 17371 W Binder  : 	at com.google.android.gms.clearcut.internal.DefaultClearcutLoggerCallbacks.onLogError(PG:3)
10-31 18:42:05.248 17357 17371 W Binder  : 	at com.google.android.gms.clearcut.internal.IClearcutLoggerCallbacks$Stub.dispatchTransaction(PG:33)
10-31 18:42:05.248 17357 17371 W Binder  : 	at com.google.android.aidl.BaseStub.onTransact(PG:13)
10-31 18:42:05.248 17357 17371 W Binder  : 	at android.os.Binder.execTransactInternal(Binder.java:1566)
10-31 18:42:05.248 17357 17371 W Binder  : 	at android.os.Binder.execTransact(Binder.java:1505)
10-31 18:42:05.249 17357 17383 I RcsProvisioningManager: Configuration is empty: false for simId: redacted-pii:sim_id[chars:35,last3:00)]
10-31 18:42:05.253 17357 17385 I RcsProvisioningManager: AvailabilityObserver.onUpdate : Notify RcsAvailabilityListener curo@82f2002 onRcsAvailabilityUpdate, SIM = redacted-pii:sim_id[chars:20,last3:300], availability = 7
10-31 18:42:05.255 17357 17397 I BugleTransport: Retrieved RCS available simIds: [redacted-pii[20-chars]]
10-31 18:42:05.258 17357 17401 I RcsProvisioningManager: CommonRcsProvisioningChangeListenerHandler.notifyListener : Notify RcsProvisioningChangeListener dfxy@2499997 onRcsProvisioningChange, SIM = redacted-pii:sim_id[chars:35,last3:00)], available rcs provisioning ids  = redacted-pii:sim_id[chars:20,last3:300]
10-31 18:42:05.258 17357 17515 I RcsProvisioningFlow: EVENT_TYPE_PROVISIONING_SUCCEEDED logging skipped for redacted-pii:sim_id[chars:20,last3:300] because of NOT_ELIGIBLE_PREVIOUS_EVENT_NOT_LOGGED
10-31 18:42:05.259 17357 17387 I RcsProvisioningManager: AvailabilityObserver.onUpdate : Notify RcsAvailabilityListener cpdt@2adad31 onRcsAvailabilityUpdate, SIM = redacted-pii:sim_id[chars:20,last3:300], availability = 7
10-31 18:42:05.259 17357 17397 I BugleTransport: Enabled chat transport for SIM = redacted-pii[20-chars] is TACHYGRAM
10-31 18:42:05.260 17357 17385 I BugleTransport: Deregister all SIMs except for SIMs with subIds: [] from chat transport: SINGLE_REGISTRATION.
10-31 18:42:05.261 17357 17383 I BugleRcsProvisioning: RcsProvisioningTrigger: onRcsAvailabilityUpdate : isPreviousDisabled = true, isCurrentDisabled = false, config[simId:redacted-pii:sim_id[chars:20,last3:300]] = [Type: 1, Version: 183, Validity: 415060, Last updated: 1763123379, Remaining validity: 1622114, Reconfiguration requested: false, Messaging technology: CPM, rcsVolteSingleRegistration: falseInvalid configreason: INVALID_CONFIG_REASON_UNSPECIFIED], hasToken: true, isValidAndUpdated: true
10-31 18:42:05.262 17357 17401 I BugleTransport: Deregister all SIMs except for SIMs with subIds: [1] from chat transport: TACHYGRAM.
10-31 18:42:05.262 17357 17383 I RcsProvisioningManager: Receive onRcsConfigurationUpdate, SIM = redacted-pii:sim_id[chars:20,last3:300], configuration = Type: 1, Version: 183, Validity: 415060, Last updated: 1763123379, Remaining validity: 1622114, Reconfiguration requested: false, Messaging technology: CPM, rcsVolteSingleRegistration: falseInvalid configreason: INVALID_CONFIG_REASON_UNSPECIFIED
10-31 18:42:05.263 17357 17383 I RcsProvisioningManager: Configuration is empty: false for simId: redacted-pii:sim_id[chars:35,last3:00)]
10-31 18:42:05.263 17357 17400 I BugleTransport: Deregister all SIMs except for SIMs with subIds: [] from chat transport: DUAL_REGISTRATION.
10-31 18:42:05.265 17357 17385 I RcsClientLib: Service is deprecated skipping connection attempt: RcsEngineLifecycleServiceV2
10-31 18:42:05.265 17357 17397 I RcsProvisioningManager: combineConfigurationWithAvailability, simId = redacted-pii:sim_id[chars:20,last3:300], hasConfig = true
10-31 18:42:05.266 17357 17400 I RcsProvisioningManager: combineConfigurationWithAvailability, simId = redacted-pii:sim_id[chars:20,last3:300], hasConfig = true
10-31 18:42:05.266 17357 17498 I RcsProvisioningManager: CommonRcsProvisioningChangeListenerHandler.notifyListener : Notify RcsProvisioningChangeListener dfxy@2499997 onRcsProvisioningChange, SIM = redacted-pii:sim_id[chars:35,last3:00)], available rcs provisioning ids  = redacted-pii:sim_id[chars:20,last3:300]
10-31 18:42:05.267 17357 17514 I BugleRcsJibe: RcsServiceConnectionException was raised while waiting to connect to RcsEngineLifecycleServiceV2
10-31 18:42:05.267 17357 17395 I RcsProvisioningManager: combineConfigurationWithAvailability, simId = redacted-pii:sim_id[chars:20,last3:300], hasConfig = true
10-31 18:42:05.268 17357 17395 I RcsProvisioningManager: Notify RcsConfigurationListener curo@82f2002 onRcsConfigurationUpdate, SIM = redacted-pii:sim_id[chars:20,last3:300], hasConfiguration = true
10-31 18:42:05.269 17357 17512 I BugleTransport: Register SIM with subId: 1 on chat transport: TACHYGRAM.
10-31 18:42:05.269 17357 17397 I RcsProvisioningManager: Notify RcsConfigurationListener avgf@e391ab5 onRcsConfigurationUpdate, SIM = redacted-pii:sim_id[chars:20,last3:300], hasConfiguration = true
10-31 18:42:05.270 17357 17400 I RcsProvisioningManager: Notify RcsConfigurationListener LruCache[maxSize=2,hits=1,misses=1,hitRate=50%] onRcsConfigurationUpdate, SIM = redacted-pii:sim_id[chars:20,last3:300], hasConfiguration = true
10-31 18:42:05.270 17357 17401 I RcsProvisioningManager: combineConfigurationWithAvailability, simId = redacted-pii:sim_id[chars:20,last3:300], hasConfig = true
10-31 18:42:05.271 17357 17401 I RcsProvisioningManager: Notify RcsConfigurationListener chri@171b54a onRcsConfigurationUpdate, SIM = redacted-pii:sim_id[chars:20,last3:300], hasConfiguration = true
10-31 18:42:05.273 17357 17383 I BugleRcsEngine: [SR]: Single Registration is disabled. Skipping Single Registration capability check for subId: 1, OS.isAtLeastS:[true], enableSingleRegistrationProvisioning:[false] [CONTEXT thread_id=339665 ]
10-31 18:42:05.273 17357 17385 I BugleTransport: Retrieved RCS available simIds: [redacted-pii[20-chars]]
10-31 18:42:05.274 17357 17383 I BugleRcsEngine: Scheduled config refresh with 1580608 seconds delay, false appendIfExists [CONTEXT thread_id=339665 ]
10-31 18:42:05.274 17357 17383 I BugleRcsProvisioning: RcsProvisioningTrigger: Schedule refresh for valid configuration : refreshDelay = 1580608
10-31 18:42:05.275 17357 17499 I BugleRcsEngine: [SR]: Single Registration is disabled. Skipping Single Registration capability check for subId: 1, OS.isAtLeastS:[true], enableSingleRegistrationProvisioning:[false] [CONTEXT thread_id=339690 ]
10-31 18:42:05.276 17357 17385 I BugleTransport: Enabled chat transport for SIM = redacted-pii[20-chars] is TACHYGRAM
10-31 18:42:05.277 17357 17512 I BugleTransport: Deregister all SIMs except for SIMs with subIds: [] from chat transport: DUAL_REGISTRATION.
10-31 18:42:05.278 17357 17395 I RcsClientLib: Service is deprecated skipping connection attempt: RcsEngineLifecycleServiceV2
10-31 18:42:05.278 17357 17401 I BugleTransport: Deregister all SIMs except for SIMs with subIds: [] from chat transport: SINGLE_REGISTRATION.
10-31 18:42:05.280 17357 17515 I BugleRcsJibe: RcsServiceConnectionException was raised while waiting to connect to RcsEngineLifecycleServiceV2
10-31 18:42:05.280 17357 17498 I BugleTransport: Deregister all SIMs except for SIMs with subIds: [1] from chat transport: TACHYGRAM.
10-31 18:42:05.281 17357 17499 W RcsProvisioningFlow: Invalid RcsProvisioningEventData for flow logging: RcsProvisioningEventData(eventType=9, phoneNumberVerificationType=0, provisioningTriggerEvent=0, simId=89918540400388291300, provisioningPauseReason=0)
10-31 18:42:05.282 17357 17499 I RcsProvisioningWorkMana: Scheduled provisioning task with 1580608 seconds delay, KEEP policy, trigger is UNDEFINED_TRIGGER_EVENT, workerId is d244394e-bd9a-4bda-99eb-a68079c8d7d2, simId is redacted-pii:sim_id[chars:20,last3:300]
10-31 18:42:05.283 17357 17371 W Binder  : Caught a RuntimeException from the binder stub implementation.
10-31 18:42:05.283 17357 17371 W Binder  : java.lang.UnsupportedOperationException
10-31 18:42:05.283 17357 17371 W Binder  : 	at com.google.android.gms.clearcut.internal.DefaultClearcutLoggerCallbacks.onLogError(PG:3)
10-31 18:42:05.283 17357 17371 W Binder  : 	at com.google.android.gms.clearcut.internal.IClearcutLoggerCallbacks$Stub.dispatchTransaction(PG:33)
10-31 18:42:05.283 17357 17371 W Binder  : 	at com.google.android.aidl.BaseStub.onTransact(PG:13)
10-31 18:42:05.283 17357 17371 W Binder  : 	at android.os.Binder.execTransactInternal(Binder.java:1566)
10-31 18:42:05.283 17357 17371 W Binder  : 	at android.os.Binder.execTransact(Binder.java:1505)
10-31 18:42:05.287 17357 17499 I BugleTransport: Register SIM with subId: 1 on chat transport: TACHYGRAM.
10-31 18:42:05.304 17357 17394 W BugleE2eeMls: Provisioning with KDS is disabled, exiting early. [CONTEXT provisioning_session_id="247cfa8c-3b81-42e6-b336-89433f5ebe11" ]
10-31 18:42:05.305 17357 17371 W Binder  : Caught a RuntimeException from the binder stub implementation.
10-31 18:42:05.305 17357 17371 W Binder  : java.lang.UnsupportedOperationException
10-31 18:42:05.305 17357 17371 W Binder  : 	at com.google.android.gms.clearcut.internal.DefaultClearcutLoggerCallbacks.onLogError(PG:3)
10-31 18:42:05.305 17357 17371 W Binder  : 	at com.google.android.gms.clearcut.internal.IClearcutLoggerCallbacks$Stub.dispatchTransaction(PG:33)
10-31 18:42:05.305 17357 17371 W Binder  : 	at com.google.android.aidl.BaseStub.onTransact(PG:13)
10-31 18:42:05.305 17357 17371 W Binder  : 	at android.os.Binder.execTransactInternal(Binder.java:1566)
10-31 18:42:05.305 17357 17371 W Binder  : 	at android.os.Binder.execTransact(Binder.java:1505)
10-31 18:42:05.536 17357 17371 W Binder  : Caught a RuntimeException from the binder stub implementation.
10-31 18:42:05.536 17357 17371 W Binder  : java.lang.UnsupportedOperationException
10-31 18:42:05.536 17357 17371 W Binder  : 	at com.google.android.gms.clearcut.internal.DefaultClearcutLoggerCallbacks.onLogError(PG:3)
10-31 18:42:05.536 17357 17371 W Binder  : 	at com.google.android.gms.clearcut.internal.IClearcutLoggerCallbacks$Stub.dispatchTransaction(PG:33)
10-31 18:42:05.536 17357 17371 W Binder  : 	at com.google.android.aidl.BaseStub.onTransact(PG:13)
10-31 18:42:05.536 17357 17371 W Binder  : 	at android.os.Binder.execTransactInternal(Binder.java:1566)
10-31 18:42:05.536 17357 17371 W Binder  : 	at android.os.Binder.execTransact(Binder.java:1505)
10-31 18:42:05.559 17357 17371 W Binder  : Caught a RuntimeException from the binder stub implementation.
10-31 18:42:05.559 17357 17371 W Binder  : java.lang.UnsupportedOperationException
10-31 18:42:05.559 17357 17371 W Binder  : 	at com.google.android.gms.clearcut.internal.DefaultClearcutLoggerCallbacks.onLogError(PG:3)
10-31 18:42:05.559 17357 17371 W Binder  : 	at com.google.android.gms.clearcut.internal.IClearcutLoggerCallbacks$Stub.dispatchTransaction(PG:33)
10-31 18:42:05.559 17357 17371 W Binder  : 	at com.google.android.aidl.BaseStub.onTransact(PG:13)
10-31 18:42:05.559 17357 17371 W Binder  : 	at android.os.Binder.execTransactInternal(Binder.java:1566)
10-31 18:42:05.559 17357 17371 W Binder  : 	at android.os.Binder.execTransact(Binder.java:1505)
10-31 18:42:05.582 17357 17371 W Binder  : Caught a RuntimeException from the binder stub implementation.
10-31 18:42:05.582 17357 17371 W Binder  : java.lang.UnsupportedOperationException
10-31 18:42:05.582 17357 17371 W Binder  : 	at com.google.android.gms.clearcut.internal.DefaultClearcutLoggerCallbacks.onLogError(PG:3)
10-31 18:42:05.582 17357 17371 W Binder  : 	at com.google.android.gms.clearcut.internal.IClearcutLoggerCallbacks$Stub.dispatchTransaction(PG:33)
10-31 18:42:05.582 17357 17371 W Binder  : 	at com.google.android.aidl.BaseStub.onTransact(PG:13)
10-31 18:42:05.582 17357 17371 W Binder  : 	at android.os.Binder.execTransactInternal(Binder.java:1566)
10-31 18:42:05.582 17357 17371 W Binder  : 	at android.os.Binder.execTransact(Binder.java:1505)
10-31 18:42:05.745 17357 17401 I WM-WorkerWrapper: Worker result SUCCESS for Work [ id=f5d1c26c-1fc1-4202-a0ac-ffd577e64a12, tags={ com.google.android.apps.messaging.shared.datamodel.workqueue.WorkQueueWorkerShim,data_upgrade- } ]
10-31 18:42:05.746 17357 17512 I WM-WorkerWrapper: Worker result SUCCESS for Work [ id=3318c7ad-6350-4cca-9120-81f42834e38a, tags={ com.google.android.apps.messaging.shared.datamodel.workqueue.WorkQueueWorkerShim,ftd_data_clean_up_work- } ]
10-31 18:42:06.745 17357 17371 W Binder  : Caught a RuntimeException from the binder stub implementation.
10-31 18:42:06.745 17357 17371 W Binder  : java.lang.UnsupportedOperationException
10-31 18:42:06.745 17357 17371 W Binder  : 	at com.google.android.gms.clearcut.internal.DefaultClearcutLoggerCallbacks.onLogError(PG:3)
10-31 18:42:06.745 17357 17371 W Binder  : 	at com.google.android.gms.clearcut.internal.IClearcutLoggerCallbacks$Stub.dispatchTransaction(PG:33)
10-31 18:42:06.745 17357 17371 W Binder  : 	at com.google.android.aidl.BaseStub.onTransact(PG:13)
10-31 18:42:06.745 17357 17371 W Binder  : 	at android.os.Binder.execTransactInternal(Binder.java:1566)
10-31 18:42:06.745 17357 17371 W Binder  : 	at android.os.Binder.execTransact(Binder.java:1505)
10-31 18:42:06.751 31785 31785 I LegacyActivityStarterInternalImpl: Invoking dismissKeyguardThenExecute, afterKeyguardGone: true
10-31 18:42:06.763 31785 31785 I ActivityTransitionAnimator: Starting intent with no animation
10-31 18:42:06.859 31785 31833 I ShellStartingWindow: addSplashScreenStartingWindow isAdapted=false splashPolicy=1 suggestType=4 windowInfo.isNeedReplaceForCold=false
10-31 18:42:06.860 31785 31835 I ShellStartingWindow: makeSplashScreenContentView suggestType=4 mTmpAttrs.mIconBgColor=0 mTmpAttrs.mSplashScreenIcon=null mTmpAttrs.mWindowBgColor=0 mTmpAttrs.mBrandingImage=null
10-31 18:42:06.862 31785 31835 W ShellStartingWindow: Window background does not exist, using android.graphics.drawable.ColorDrawable@10f1fc1
10-31 18:42:06.862 31785 31835 I ShellStartingWindow: makeSplashScreenContentView  themeBGColor=ff000000 suggestType=4
10-31 18:42:06.908 31785 31850 I BLASTBufferQueue: QoSAllocBuff Successful. Ret 0 
10-31 18:42:06.925 31785 31785 E QSAnimator: tile is panel tile 
10-31 18:42:06.925 31785 31785 E QSAnimator: tile is panel tile 
10-31 18:42:06.991 31785 31785 W View    : requestLayout() improperly called by com.vivo.systemuiplugin.systemui.qs.brightness.BrightnessSliderView{52ef28d V.E...... ......ID 55,41-1025,173 #770b0103 com.vivo.systemuiplugin:id/brightness_slider} during layout: running second layout pass
10-31 18:42:06.997 31785 31826 W WallpaperManager: getBlurWallpaper = isFoldable false changeValue =0 outDisplay =false
10-31 18:42:07.022 31785 31826 W Looper  : Slow dispatch took 76ms wmshell.main h=android.os.Handler c=com.android.wm.shell.transition.Transitions$TransitionPlayerImpl$$ExternalSyntheticLambda1@47341a3 m=0
10-31 18:42:07.022 31785 31826 W Looper  : Slow delivery took 67ms wmshell.main h=android.os.Handler c=android.hardware.display.DisplayManagerGlobal$DisplayListenerDelegate$$ExternalSyntheticLambda0@a24cca0 m=0
10-31 18:42:07.023 31785 31826 W Looper  : Drained
10-31 18:42:07.041 31785 31785 W View    : requestLayout() improperly called by com.vivo.systemuiplugin.systemui.qs.brightness.BrightnessSliderView{52ef28d V.E...... ......ID 55,41-1025,173 #770b0103 com.vivo.systemuiplugin:id/brightness_slider} during layout: running second layout pass
10-31 18:42:08.204 31785 31833 I startingSurfaceDrawer: Task start finish, remove starting surface for task:6977
10-31 18:42:08.204 31785 31833 I ShellStartingWindow: removeIfPossible insplashrecord, immediately:false
10-31 18:42:08.204 31785 31833 I ShellStartingWindow:  removeWindowInner decorView=android.widget.FrameLayout{a7b9643 V.E...... ........ 0,0-1080,2400} hideView=false
10-31 18:42:08.205 31785 31833 W WindowOnBackDispatcher: sendCancelIfRunning: isInProgress=false callback=android.view.ViewRootImpl$$ExternalSyntheticLambda11@55705f9
10-31 18:42:08.220  1596  1867 I ActivityTaskManager: Displayed com.android.settings/.Settings$UsbDetailsActivity for user 0: +1s431ms
10-31 18:42:08.225  1596  1867 I ActivityTaskManager: Fully drawn com.android.settings/.Settings$UsbDetailsActivity: +1s431ms
10-31 18:42:08.883 31785 31785 W AppOpsControllerImpl: Noted op: 1 with result ignore for package com.google.android.apps.messaging
10-31 18:42:08.884 31785 31785 W AppOpsControllerImpl: Noted op: 0 with result ignore for package com.google.android.apps.messaging
10-31 18:42:08.893 31785 31785 W AppOpsControllerImpl: Noted op: 1 with result allow for package com.android.phone
10-31 18:42:08.893 31785 31785 W AppOpsControllerImpl: Added item: AppOpItem(Op code=1, UID=1001, Package name=com.android.phone, Paused=false)
10-31 18:42:08.898 31785 31785 W AppOpsControllerImpl: Noted op: 1 with result allow for package com.vivo.pem
10-31 18:42:08.898 31785 31785 W AppOpsControllerImpl: Added item: AppOpItem(Op code=1, UID=1000, Package name=com.vivo.pem, Paused=false)
10-31 18:42:08.898 31785 31785 W AppOpsControllerImpl: Noted op: 1 with result allow for package android
10-31 18:42:08.898 31785 31785 W AppOpsControllerImpl: Added item: AppOpItem(Op code=1, UID=1000, Package name=android, Paused=false)
10-31 18:42:08.898 31785 31785 W AppOpsControllerImpl: Noted op: 1 with result allow for package com.android.phone
10-31 18:42:08.899 31785 31785 W AppOpsControllerImpl: Noted op: 1 with result allow for package com.android.server.telecom
10-31 18:42:08.899 31785 31785 W AppOpsControllerImpl: Added item: AppOpItem(Op code=1, UID=1000, Package name=com.android.server.telecom, Paused=false)
10-31 18:42:08.899 31785 31785 W AppOpsControllerImpl: Noted op: 1 with result allow for package com.android.phone
10-31 18:42:08.899 31785 31785 W AppOpsControllerImpl: Noted op: 1 with result allow for package com.vivo.pem
10-31 18:42:08.899 31785 31785 W AppOpsControllerImpl: Noted op: 1 with result allow for package android
10-31 18:42:08.899 31785 31785 W AppOpsControllerImpl: Noted op: 1 with result allow for package com.android.server.telecom
10-31 18:42:08.901 31785 31785 W AppOpsControllerImpl: Noted op: 1 with result allow for package com.android.phone
10-31 18:42:08.901 31785 31785 W AppOpsControllerImpl: Noted op: 1 with result allow for package com.vivo.pem
10-31 18:42:08.901 31785 31785 W AppOpsControllerImpl: Noted op: 1 with result allow for package android
10-31 18:42:08.901 31785 31785 W AppOpsControllerImpl: Noted op: 1 with result allow for package com.android.phone
10-31 18:42:08.901 31785 31785 W AppOpsControllerImpl: Noted op: 1 with result allow for package com.android.server.telecom
10-31 18:42:08.917 17580 17580 I earchbox:search: Using CollectorTypeCC GC.
10-31 18:42:08.921 17580 17580 E earchbox:search: Not starting debugger since process cannot load the jdwp agent.
10-31 18:42:08.940 17580 17580 E earchbox:search: BBinder_init Processname  <pre-initialized>  
10-31 18:42:08.987 17580 17580 W earchbox:search: Failed to find entry 'classes.dex': Entry not found
10-31 18:42:08.989 17580 17580 W earchbox:search: Failed to find entry 'classes.dex': Entry not found
10-31 18:42:09.018 17580 17580 W earchbox:search: Failed to find entry 'classes.dex': Entry not found
10-31 18:42:09.019 31785 31785 W AppOpsControllerImpl: Noted op: 1 with result ignore for package com.google.android.apps.messaging
10-31 18:42:09.026 31785 31785 W AppOpsControllerImpl: Noted op: 0 with result ignore for package com.google.android.apps.messaging
10-31 18:42:09.026 31785 31785 W AppOpsControllerImpl: Noted op: 1 with result allow for package com.android.phone
10-31 18:42:09.035 31785 31785 W AppOpsControllerImpl: Noted op: 1 with result allow for package com.vivo.pem
10-31 18:42:09.035 31785 31785 W AppOpsControllerImpl: Noted op: 1 with result allow for package android
10-31 18:42:09.035 31785 31785 W AppOpsControllerImpl: Noted op: 1 with result allow for package com.android.phone
10-31 18:42:09.035 31785 31785 W AppOpsControllerImpl: Noted op: 1 with result allow for package com.android.server.telecom
10-31 18:42:09.036 31785 31785 W AppOpsControllerImpl: Noted op: 1 with result allow for package com.android.phone
10-31 18:42:09.036 31785 31785 W AppOpsControllerImpl: Noted op: 1 with result allow for package com.vivo.pem
10-31 18:42:09.036 17580 17580 W earchbox:search: Failed to find entry 'classes.dex': Entry not found
10-31 18:42:09.037 31785 31785 W AppOpsControllerImpl: Noted op: 1 with result allow for package android
10-31 18:42:09.037 31785 31785 W AppOpsControllerImpl: Noted op: 1 with result allow for package com.android.server.telecom
10-31 18:42:09.037 31785 31785 W AppOpsControllerImpl: Noted op: 1 with result allow for package com.android.phone
10-31 18:42:09.037 31785 31785 W AppOpsControllerImpl: Noted op: 1 with result allow for package com.vivo.pem
10-31 18:42:09.037 31785 31785 W AppOpsControllerImpl: Noted op: 1 with result allow for package android
10-31 18:42:09.037 31785 31785 W AppOpsControllerImpl: Noted op: 1 with result allow for package com.android.phone
10-31 18:42:09.038 31785 31785 W AppOpsControllerImpl: Noted op: 1 with result allow for package com.android.server.telecom
10-31 18:42:09.301 17580 17580 I MultiDex: VM with version 2.1.0 has multidex support
