--------- beginning of main
10-31 18:40:56.845 31785 31842 W AppOpsControllerImpl: Removed item: AppOpItem(Op code=1, UID=1001, Package name=com.android.phone, Paused=false)false)
10-31 18:41:01.328 11935 17009 I NearbyMediums: No BLE Fast/GATT advertisements found in the latest cycle.
10-31 18:41:01.328 11935 17009 I NearbyMediums: Current Tracked Scanning Clients are : {NearbyConnections.EnvironmentMonitor, NearbySharing}
10-31 18:41:01.329 11935 16833 I NearbyConnections: Processing lost BlePeripheral BlePeripheral{advertisement=BleAdvertisement { version=2, socketVersion=2, isFast=true, serviceIdHash=null, data=[ 0x23 0x52 0x55 0x43 0x58 0x11 0x32 0xc4 0xa9 0xcd 0x81 0x7e 0x07 0x90 0x44 0xa4 0x9b 0x1a 0x4e 0x0a 0x3c 0x1a 0xe3 ], deviceToken=[ 0x93 0x35 ], rxAdvertisement=null }, dctAdvertisement=null, address=null, psm=0, deviceToken=<ByteString@3de4909 size=2 contents="\2235">, isSecondProfile=false, rxInstantConnectionAdv=null}.
10-31 18:41:01.329 11935 16833 I NearbyConnections: Lost BleEndpoint for BlePeripheral BlePeripheral{advertisement=BleAdvertisement { version=2, socketVersion=2, isFast=true, serviceIdHash=null, data=[ 0x23 0x52 0x55 0x43 0x58 0x11 0x32 0xc4 0xa9 0xcd 0x81 0x7e 0x07 0x90 0x44 0xa4 0x9b 0x1a 0x4e 0x0a 0x3c 0x1a 0xe3 ], deviceToken=[ 0x93 0x35 ], rxAdvertisement=null }, dctAdvertisement=null, address=null, psm=0, deviceToken=<ByteString@3de4909 size=2 contents="\2235">, isSecondProfile=false, rxInstantConnectionAdv=null} (with EndpointId RUCX and EndpointInfo [ 0x32 0xc4 0xa9 0xcd 0x81 0x7e 0x07 0x90 0x44 0xa4 0x9b 0x1a 0x4e 0x0a 0x3c 0x1a 0xe3 ]).
10-31 18:41:01.330 11935 16833 I NearbyConnections: ClientProxy(29819773) reporting onEndpointLost(RUCX)
10-31 18:41:01.334 11935 16833 I NearbySharing: NearbySharing Internal event EndpointLost(endpointId=RUCX)
10-31 18:41:02.411 17014 17014 I ogle.android.gm: Using CollectorTypeCC GC.
10-31 18:41:02.435 17014 17014 E ogle.android.gm: BBinder_init Processname  <pre-initialized>  
10-31 18:41:02.510 17014 17014 W ogle.android.gm: Failed to find entry 'classes.dex': Entry not found
10-31 18:41:02.511 17014 17014 W ogle.android.gm: Failed to find entry 'classes.dex': Entry not found
10-31 18:41:02.511 17014 17014 W ogle.android.gm: Failed to find entry 'classes.dex': Entry not found
10-31 18:41:02.593 17014 17014 W AndroidLoggerBackend: AndroidLoggerBackend configured with enableAndroidLogger:false; no logs will be emitted.
10-31 18:41:02.748 17014 17014 E ogle.android.gm: BBinder_init Processname  com.google.android.gm  
10-31 18:41:02.748 17014 17014 E ogle.android.gm: BBinder_init hasGetProcessName  com.google.android.gm
10-31 18:41:02.809 31785 31785 W AppOpsControllerImpl: Noted op: 24 with result default for package com.google.android.gm
10-31 18:41:02.853 17014 17070 W ogle.android.gm: ClassLoaderContext classpath size mismatch. expected=1, found=0 (DLC[];PCL[base.apk*405485710]{PCL[/system/framework/org.apache.http.legacy.jar*1230680128]#PCL[/system/framework/com.android.media.remotedisplay.jar*2042759013]#PCL[/system/framework/com.android.location.provider.jar*3414091812]#PCL[/system_ext/framework/androidx.window.extensions.jar*1047589814]#PCL[/system_ext/framework/androidx.window.sidecar.jar*3794466304]} | DLC[];PCL[])
10-31 18:41:02.930 17014 17070 W System  : ClassLoader referenced unknown path: 
10-31 18:41:03.006 17014 17108 E FilePhenotypeFlags: Config package com.google.android.gms.gmscompliance cannot use FILE backing without declarative registration. See go/phenotype-android-integration#phenotype for more information. This will lead to stale flags.
10-31 18:41:03.012 17014 17070 W ogle.android.gm: ClassLoaderContext classpath element checksum mismatch. expected=405485710, found=1635845123 (DLC[];PCL[base.apk*405485710]{PCL[/system/framework/org.apache.http.legacy.jar*1230680128]#PCL[/system/framework/com.android.media.remotedisplay.jar*2042759013]#PCL[/system/framework/com.android.location.provider.jar*3414091812]#PCL[/system_ext/framework/androidx.window.extensions.jar*1047589814]#PCL[/system_ext/framework/androidx.window.sidecar.jar*3794466304]} | DLC[];PCL[/data/app/~~LhkQor_XMBy5uq0a_a2hYg==/com.google.android.gm-YNFyo5HBHm0luSYCM-sO4Q==/base.apk*1635845123]{PCL[/system/framework/org.apache.http.legacy.jar*1230680128]#PCL[/system_ext/framework/androidx.window.extensions.jar*1047589814]#PCL[/system_ext/framework/androidx.window.sidecar.jar*3794466304]})
10-31 18:41:03.142 17014 17116 I DMABUFHEAPS: Using DMA-BUF heap named: mtk_mm
10-31 18:41:03.261 17014 17126 W DynamiteModule: Local module descriptor class for com.google.android.gms.providerinstaller.dynamite not found.
10-31 18:41:03.264 11935 11951 W ProviderHelper: Unknown dynamite feature providerinstaller.dynamite
10-31 18:41:03.266 17014 17126 W ProviderInstaller: Failed to load providerinstaller module: No acceptable module com.google.android.gms.providerinstaller.dynamite found. Local version is 0 and remote version is 0.
10-31 18:41:03.333 17014 17116 I DMABUFHEAPS: Using DMA-BUF heap named: mtk_mm
10-31 18:41:03.435 17014 17140 E GoogleApiManager: Failed to get service from broker. 
10-31 18:41:03.435 17014 17140 E GoogleApiManager: java.lang.SecurityException: Unknown calling package name 'com.google.android.gms'.
10-31 18:41:03.435 17014 17140 E GoogleApiManager: 	at android.os.Parcel.createExceptionOrNull(Parcel.java:3256)
10-31 18:41:03.435 17014 17140 E GoogleApiManager: 	at android.os.Parcel.createException(Parcel.java:3240)
10-31 18:41:03.435 17014 17140 E GoogleApiManager: 	at android.os.Parcel.readException(Parcel.java:3223)
10-31 18:41:03.435 17014 17140 E GoogleApiManager: 	at android.os.Parcel.readException(Parcel.java:3165)
10-31 18:41:03.435 17014 17140 E GoogleApiManager: 	at bcrh.a(:com.google.android.gms@254331035@25.43.31 (260400-822409010):36)
10-31 18:41:03.435 17014 17140 E GoogleApiManager: 	at bcpi.z(:com.google.android.gms@254331035@25.43.31 (260400-822409010):143)
10-31 18:41:03.435 17014 17140 E GoogleApiManager: 	at bbvw.run(:com.google.android.gms@254331035@25.43.31 (260400-822409010):42)
10-31 18:41:03.435 17014 17140 E GoogleApiManager: 	at android.os.Handler.handleCallback(Handler.java:1014)
10-31 18:41:03.435 17014 17140 E GoogleApiManager: 	at android.os.Handler.dispatchMessage(Handler.java:102)
10-31 18:41:03.435 17014 17140 E GoogleApiManager: 	at coti.mp(:com.google.android.gms@254331035@25.43.31 (260400-822409010):1)
10-31 18:41:03.435 17014 17140 E GoogleApiManager: 	at coti.dispatchMessage(:com.google.android.gms@254331035@25.43.31 (260400-822409010):5)
10-31 18:41:03.435 17014 17140 E GoogleApiManager: 	at android.os.Looper.loopOnce(Looper.java:250)
10-31 18:41:03.435 17014 17140 E GoogleApiManager: 	at android.os.Looper.loop(Looper.java:340)
10-31 18:41:03.435 17014 17140 E GoogleApiManager: 	at android.os.HandlerThread.run(HandlerThread.java:107)
10-31 18:41:03.436 17014 17140 W GoogleApiManager: Not showing notification since connectionResult is not user-facing: ConnectionResult{statusCode=DEVELOPER_ERROR, resolution=null, message=null, clientMethodKey=null}
10-31 18:41:03.440 17014 17139 W FlagRegistrar: Failed to register com.google.android.gms.providerinstaller#com.google.android.gm
10-31 18:41:03.440 17014 17139 W FlagRegistrar: ftxr: 17: 17: API: Phenotype.API is not available on this device. Connection failed with: ConnectionResult{statusCode=DEVELOPER_ERROR, resolution=null, message=null, clientMethodKey=null}
10-31 18:41:03.440 17014 17139 W FlagRegistrar: 	at ftxt.a(:com.google.android.gms@254331035@25.43.31 (260400-822409010):13)
10-31 18:41:03.440 17014 17139 W FlagRegistrar: 	at grck.d(:com.google.android.gms@254331035@25.43.31 (260400-822409010):3)
10-31 18:41:03.440 17014 17139 W FlagRegistrar: 	at grcm.run(:com.google.android.gms@254331035@25.43.31 (260400-822409010):130)
10-31 18:41:03.440 17014 17139 W FlagRegistrar: 	at gret.execute(:com.google.android.gms@254331035@25.43.31 (260400-822409010):1)
10-31 18:41:03.440 17014 17139 W FlagRegistrar: 	at grcu.f(:com.google.android.gms@254331035@25.43.31 (260400-822409010):1)
10-31 18:41:03.440 17014 17139 W FlagRegistrar: 	at grcu.m(:com.google.android.gms@254331035@25.43.31 (260400-822409010):99)
10-31 18:41:03.440 17014 17139 W FlagRegistrar: 	at grcu.r(:com.google.android.gms@254331035@25.43.31 (260400-822409010):17)
10-31 18:41:03.440 17014 17139 W FlagRegistrar: 	at fmpo.hv(:com.google.android.gms@254331035@25.43.31 (260400-822409010):35)
10-31 18:41:03.440 17014 17139 W FlagRegistrar: 	at fadw.run(:com.google.android.gms@254331035@25.43.31 (260400-822409010):12)
10-31 18:41:03.440 17014 17139 W FlagRegistrar: 	at gret.execute(:com.google.android.gms@254331035@25.43.31 (260400-822409010):1)
10-31 18:41:03.440 17014 17139 W FlagRegistrar: 	at fadx.b(:com.google.android.gms@254331035@25.43.31 (260400-822409010):18)
10-31 18:41:03.440 17014 17139 W FlagRegistrar: 	at faem.b(:com.google.android.gms@254331035@25.43.31 (260400-822409010):36)
10-31 18:41:03.440 17014 17139 W FlagRegistrar: 	at faeo.d(:com.google.android.gms@254331035@25.43.31 (260400-822409010):25)
10-31 18:41:03.440 17014 17139 W FlagRegistrar: 	at bbtf.c(:com.google.android.gms@254331035@25.43.31 (260400-822409010):9)
10-31 18:41:03.440 17014 17139 W FlagRegistrar: 	at bbvu.q(:com.google.android.gms@254331035@25.43.31 (260400-822409010):48)
10-31 18:41:03.440 17014 17139 W FlagRegistrar: 	at bbvu.d(:com.google.android.gms@254331035@25.43.31 (260400-822409010):10)
10-31 18:41:03.440 17014 17139 W FlagRegistrar: 	at bbvu.g(:com.google.android.gms@254331035@25.43.31 (260400-822409010):192)
10-31 18:41:03.440 17014 17139 W FlagRegistrar: 	at bbvu.onConnectionFailed(:com.google.android.gms@254331035@25.43.31 (260400-822409010):2)
10-31 18:41:03.440 17014 17139 W FlagRegistrar: 	at bbvw.run(:com.google.android.gms@254331035@25.43.31 (260400-822409010):70)
10-31 18:41:03.440 17014 17139 W FlagRegistrar: 	at android.os.Handler.handleCallback(Handler.java:1014)
10-31 18:41:03.440 17014 17139 W FlagRegistrar: 	at android.os.Handler.dispatchMessage(Handler.java:102)
10-31 18:41:03.440 17014 17139 W FlagRegistrar: 	at coti.mp(:com.google.android.gms@254331035@25.43.31 (260400-822409010):1)
10-31 18:41:03.440 17014 17139 W FlagRegistrar: 	at coti.dispatchMessage(:com.google.android.gms@254331035@25.43.31 (260400-822409010):5)
10-31 18:41:03.440 17014 17139 W FlagRegistrar: 	at android.os.Looper.loopOnce(Looper.java:250)
10-31 18:41:03.440 17014 17139 W FlagRegistrar: 	at android.os.Looper.loop(Looper.java:340)
10-31 18:41:03.440 17014 17139 W FlagRegistrar: 	at android.os.HandlerThread.run(HandlerThread.java:107)
10-31 18:41:03.440 17014 17139 W FlagRegistrar: Caused by: bbrm: 17: API: Phenotype.API is not available on this device. Connection failed with: ConnectionResult{statusCode=DEVELOPER_ERROR, resolution=null, message=null, clientMethodKey=null}
10-31 18:41:03.440 17014 17139 W FlagRegistrar: 	at bcou.a(:com.google.android.gms@254331035@25.43.31 (260400-822409010):15)
10-31 18:41:03.440 17014 17139 W FlagRegistrar: 	at bbti.a(:com.google.android.gms@254331035@25.43.31 (260400-822409010):1)
10-31 18:41:03.440 17014 17139 W FlagRegistrar: 	at bbtf.c(:com.google.android.gms@254331035@25.43.31 (260400-822409010):5)
10-31 18:41:03.440 17014 17139 W FlagRegistrar: 	... 12 more
10-31 18:41:03.501 17014 17126 I ProviderInstaller: Installed default security provider GmsCore_OpenSSL
10-31 18:41:03.573 17014 17142 I HttpFlagsLoader: HTTP flags log line (Impl): Using live production flag values from Google
10-31 18:41:03.583 17014 17129 I cn_CronetLibraryLoader: Cronet version: 142.0.7432.0, arch: aarch64
10-31 18:41:04.740 17014 17014 W kgs     : [Gmail] MailSyncAdapterService: MailSyncAdapterService is destroyed! [CONTEXT android_log_tag="MailSyncAdapterService" ]
--------- beginning of system
10-31 18:41:05.067  1596  2320 W BatteryStatsService: Unknown sensor handle 0 received in noteWakeupSensorEvent
10-31 18:41:08.086 17014 17031 W Binder  : Caught a RuntimeException from the binder stub implementation.
10-31 18:41:08.086 17014 17031 W Binder  : java.lang.UnsupportedOperationException
10-31 18:41:08.086 17014 17031 W Binder  : 	at uht.a(PG:3)
10-31 18:41:08.086 17014 17031 W Binder  : 	at uht.r(PG:34)
10-31 18:41:08.086 17014 17031 W Binder  : 	at kog.onTransact(PG:21)
10-31 18:41:08.086 17014 17031 W Binder  : 	at android.os.Binder.execTransactInternal(Binder.java:1566)
10-31 18:41:08.086 17014 17031 W Binder  : 	at android.os.Binder.execTransact(Binder.java:1505)
10-31 18:41:08.112 17014 17031 W Binder  : Caught a RuntimeException from the binder stub implementation.
10-31 18:41:08.112 17014 17031 W Binder  : java.lang.UnsupportedOperationException
10-31 18:41:08.112 17014 17031 W Binder  : 	at uht.a(PG:3)
10-31 18:41:08.112 17014 17031 W Binder  : 	at uht.r(PG:34)
10-31 18:41:08.112 17014 17031 W Binder  : 	at kog.onTransact(PG:21)
10-31 18:41:08.112 17014 17031 W Binder  : 	at android.os.Binder.execTransactInternal(Binder.java:1566)
10-31 18:41:08.112 17014 17031 W Binder  : 	at android.os.Binder.execTransact(Binder.java:1505)
10-31 18:41:09.866 17014 17031 W Binder  : Caught a RuntimeException from the binder stub implementation.
10-31 18:41:09.866 17014 17031 W Binder  : java.lang.UnsupportedOperationException
10-31 18:41:09.866 17014 17031 W Binder  : 	at uht.a(PG:3)
10-31 18:41:09.866 17014 17031 W Binder  : 	at uht.r(PG:34)
10-31 18:41:09.866 17014 17031 W Binder  : 	at kog.onTransact(PG:21)
10-31 18:41:09.866 17014 17031 W Binder  : 	at android.os.Binder.execTransactInternal(Binder.java:1566)
10-31 18:41:09.866 17014 17031 W Binder  : 	at android.os.Binder.execTransact(Binder.java:1505)
10-31 18:41:09.890 17014 17033 W Binder  : Caught a RuntimeException from the binder stub implementation.
10-31 18:41:09.890 17014 17033 W Binder  : java.lang.UnsupportedOperationException
10-31 18:41:09.890 17014 17033 W Binder  : 	at uht.a(PG:3)
10-31 18:41:09.890 17014 17033 W Binder  : 	at uht.r(PG:34)
10-31 18:41:09.890 17014 17033 W Binder  : 	at kog.onTransact(PG:21)
10-31 18:41:09.890 17014 17033 W Binder  : 	at android.os.Binder.execTransactInternal(Binder.java:1566)
10-31 18:41:09.890 17014 17033 W Binder  : 	at android.os.Binder.execTransact(Binder.java:1505)
10-31 18:41:10.501 17014 17031 W Binder  : Caught a RuntimeException from the binder stub implementation.
10-31 18:41:10.501 17014 17031 W Binder  : java.lang.UnsupportedOperationException
10-31 18:41:10.501 17014 17031 W Binder  : 	at uht.a(PG:3)
10-31 18:41:10.501 17014 17031 W Binder  : 	at uht.r(PG:34)
10-31 18:41:10.501 17014 17031 W Binder  : 	at kog.onTransact(PG:21)
10-31 18:41:10.501 17014 17031 W Binder  : 	at android.os.Binder.execTransactInternal(Binder.java:1566)
10-31 18:41:10.501 17014 17031 W Binder  : 	at android.os.Binder.execTransact(Binder.java:1505)
10-31 18:41:11.330 11935 16833 I NearbyMediums: No BLE Fast/GATT advertisements found in the latest cycle.
10-31 18:41:11.331 11935 16833 I NearbyMediums: Current Tracked Scanning Clients are : {NearbyConnections.EnvironmentMonitor, NearbySharing}
10-31 18:41:11.841 31785 31785 W AppOpsControllerImpl: Noted op: 1 with result allow for package com.android.phone
10-31 18:41:11.841 31785 31785 W AppOpsControllerImpl: Added item: AppOpItem(Op code=1, UID=1001, Package name=com.android.phone, Paused=false)
10-31 18:41:11.847 31785 31785 W AppOpsControllerImpl: Noted op: 1 with result allow for package com.vivo.assistant
10-31 18:41:11.847 31785 31785 W AppOpsControllerImpl: Added item: AppOpItem(Op code=1, UID=10155, Package name=com.vivo.assistant, Paused=false)
10-31 18:41:11.850 31785 31785 W AppOpsControllerImpl: Noted op: 1 with result allow for package com.android.phone
10-31 18:41:11.930 31785 31785 W AppOpsControllerImpl: Noted op: 1 with result allow for package com.vivo.assistant
10-31 18:41:15.123  1596  2320 W BatteryStatsService: Unknown sensor handle 0 received in noteWakeupSensorEvent
10-31 18:41:16.860 31785 31842 W AppOpsControllerImpl: Removed item: AppOpItem(Op code=1, UID=1001, Package name=com.android.phone, Paused=false)false)
10-31 18:41:16.939 31785 31842 W AppOpsControllerImpl: Removed item: AppOpItem(Op code=1, UID=10155, Package name=com.vivo.assistant, Paused=false)false)
10-31 18:41:21.333 11935 16833 I NearbyMediums: No BLE Fast/GATT advertisements found in the latest cycle.
10-31 18:41:21.333 11935 16833 I NearbyMediums: Current Tracked Scanning Clients are : {NearbyConnections.EnvironmentMonitor, NearbySharing}
10-31 18:41:31.336 11935 16833 I NearbyMediums: No BLE Fast/GATT advertisements found in the latest cycle.
10-31 18:41:31.336 11935 16833 I NearbyMediums: Current Tracked Scanning Clients are : {NearbyConnections.EnvironmentMonitor, NearbySharing}
10-31 18:41:31.854 31785 31785 W AppOpsControllerImpl: Noted op: 1 with result allow for package com.android.phone
10-31 18:41:31.854 31785 31785 W AppOpsControllerImpl: Added item: AppOpItem(Op code=1, UID=1001, Package name=com.android.phone, Paused=false)
10-31 18:41:36.865 31785 31842 W AppOpsControllerImpl: Removed item: AppOpItem(Op code=1, UID=1001, Package name=com.android.phone, Paused=false)false)
10-31 18:41:41.340 11935 16833 I NearbyMediums: No BLE Fast/GATT advertisements found in the latest cycle.
10-31 18:41:41.341 11935 16833 I NearbyMediums: Current Tracked Scanning Clients are : {NearbyConnections.EnvironmentMonitor, NearbySharing}
10-31 18:41:45.715 11935 12501 W ProviderHelper: Unknown dynamite feature providerinstaller.dynamite
10-31 18:41:45.832 31785 31785 W AppOpsControllerImpl: Noted op: 24 with result default for package com.google.android.apps.magazines
10-31 18:41:46.956 11935 16833 I AlarmManager: setExactAndAllowWhileIdle [name: GCM_HB_ALARM type: 2 triggerAtMillis: 1632374919]
10-31 18:41:46.977 11935 16818 I AlarmManager: setExactAndAllowWhileIdle [name: FcmRetry type: 2 triggerAtMillis: 1630744939]
10-31 18:41:46.986 11935 16749 W LogErrorOperation: onLogError callback failed.
10-31 18:41:46.994 11935 16749 W LogErrorOperation: onLogError callback failed.
10-31 18:41:46.999 11935 16833 I AlarmManager: setExactAndAllowWhileIdle [name: GCM_HB_ALARM type: 2 triggerAtMillis: 1632374962]
10-31 18:41:47.032 11935 16749 I NetworkScheduler.Stats: (REDACTED) Task %s/%s started execution. cause:%s exec_start_elapsed_seconds: %s
10-31 18:41:47.041 11935 17276 I NetworkScheduler.Stats: (REDACTED) Task %s/%s started execution. cause:%s exec_start_elapsed_seconds: %s
10-31 18:41:47.065 11935 17276 W LogErrorOperation: onLogError callback failed.
10-31 18:41:47.313 11935 17276 I NetworkScheduler.Stats: (REDACTED) Task %s/%s started execution. cause:%s exec_start_elapsed_seconds: %s
10-31 18:41:48.603 11935 17353 I NetworkScheduler.Stats: (REDACTED) Task %s/%s finished executing. cause:%s result: %s elapsed_millis: %s uptime_millis: %s exec_start_elapsed_seconds: %s
10-31 18:41:48.737 11935 16749 I NetworkScheduler.Stats: (REDACTED) Task %s/%s finished executing. cause:%s result: %s elapsed_millis: %s uptime_millis: %s exec_start_elapsed_seconds: %s
10-31 18:41:49.021 17357 17357 I .apps.messaging: Using CollectorTypeCC GC.
10-31 18:41:49.038 17357 17357 E .apps.messaging: BBinder_init Processname  <pre-initialized>  
10-31 18:41:49.109 17357 17357 W .apps.messaging: Failed to find entry 'classes.dex': Entry not found
10-31 18:41:49.110 17357 17357 W .apps.messaging: Failed to find entry 'classes.dex': Entry not found
10-31 18:41:49.111 17357 17357 W .apps.messaging: Failed to find entry 'classes.dex': Entry not found
10-31 18:41:49.228 17357 17357 I MultiDex: VM with version 2.1.0 has multidex support
10-31 18:41:49.228 17357 17357 I MultiDex: Installing application
10-31 18:41:49.228 17357 17357 I MultiDex: VM has multidex support, MultiDex support library is disabled.
10-31 18:41:49.418 17357 17357 E .apps.messaging: BBinder_init Processname  com.google.android.apps.messaging  
10-31 18:41:49.418 17357 17357 E .apps.messaging: BBinder_init hasGetProcessName  com.google.android.apps.messaging
10-31 18:41:49.434 11935 17009 I NearbySharing: Network state changed: NetworkState(isRestricted=false, isOnline=true, isCongested=false, isMetered=true, isWifiConnected=false)
10-31 18:41:49.452 17357 17357 I ejej    : SslGuard completed installation.
10-31 18:41:49.468 17357 17386 I stetho  : Listening on @stetho_com.google.android.apps.messaging_devtools_remote
10-31 18:41:49.469 17357 17357 I Bugle   : BugleApplicationBase: Bugle version: messages.android_20251009_00_rc00.phone_dynamic , Bugle version code: 291322063
10-31 18:41:49.471 17357 17357 I Bugle   : DarkModeManager: setDarkMode: -1
10-31 18:41:49.598 17357 17387 I Bugle   : DatabaseHelperBasic.doInitializationTraced
10-31 18:41:49.599 17357 17383 I Bugle   : DatabaseHelperBasic.doInitializationTraced
10-31 18:41:49.604 17357 17385 I Bugle   : Initializing EmojiCompat
10-31 18:41:49.608 17357 17385 I CarrierServices: Initializing Carrier Services Library. [CONTEXT thread_id=339667 ]
10-31 18:41:49.617 11935 11951 I FontLog : (REDACTED) Received query %s, URI %s
10-31 18:41:49.617 11935 11952 I FontLog : (REDACTED) Received query %s, URI %s
10-31 18:41:49.617 11935 11951 I FontLog : (REDACTED) Query [%s] resolved to %s
10-31 18:41:49.617 11935 11952 I FontLog : (REDACTED) Query [%s] resolved to %s
10-31 18:41:49.625 11935 11951 I FontLog : (REDACTED) Fetch %s end status %s
10-31 18:41:49.625 11935 11952 I FontLog : (REDACTED) Fetch %s end status %s
10-31 18:41:49.626 17357 17387 I Bugle   : DatabaseHelperBasic: sqlite version is 3.44.3
10-31 18:41:49.626 11935 17352 W LogErrorOperation: onLogError callback failed.
10-31 18:41:49.629 17357 17387 I Bugle   : DatabaseHelperBasic.doInitializationTraced() returned SQLiteDatabase: /data/user/0/com.google.android.apps.messaging/databases/bugle_backup_db
10-31 18:41:49.629 11935 17352 W LogErrorOperation: onLogError callback failed.
10-31 18:41:49.630 17357 17387 I Bugle   : DatabaseHelperBasic.doInitializationTraced returned SQLiteDatabase: /data/user/0/com.google.android.apps.messaging/databases/bugle_backup_db
10-31 18:41:49.630 11935 11952 I FontLog : (REDACTED) Pulling font file for id = %d, cache size = %d
10-31 18:41:49.633 11935 11952 I FontLog : (REDACTED) Pulling font file for id = %d, cache size = %d
10-31 18:41:49.641 17357 17385 I CarrierServices: Initializing Carrier Services Logging. [CONTEXT thread_id=339667 ]
10-31 18:41:49.647 11935 11952 I FontLog : (REDACTED) Pulling font file for id = %d, cache size = %d
10-31 18:41:49.648 11935 12501 I FontLog : (REDACTED) Pulling font file for id = %d, cache size = %d
10-31 18:41:49.677 17357 17385 I LogSaver: LogSaver new instance with filename: carrier_services
10-31 18:41:49.690 17357 17383 I Bugle   : DatabaseHelperBasic: sqlite version is 3.44.3
10-31 18:41:49.691 17357 17385 I BugleBackup: Registering preference change listener for "bugle".
10-31 18:41:49.703 17357 17383 I BugleDataModel: HeavyWorkQueueEmptyObserver: Starting observation of WorkQueueWorkManagerTable
10-31 18:41:49.750 17357 17387 I Bugle   : TelephonyManagerFactory: Returning per-subscription TelephonyManager (>= N) subscription{id:1}
10-31 18:41:49.776 17357 17383 I BugleJobs: Starting sync data to wearable message observer. [CONTEXT class_name="SyncDataToWearableMessageChangeObserver" ]
10-31 18:41:49.782 17357 17383 I Bugle   : DatabaseHelperBasic.doInitializationTraced() returned SQLiteDatabase: /data/user/0/com.google.android.apps.messaging/databases/bugle_db
10-31 18:41:49.783 17357 17383 I Bugle   : DatabaseHelperBasic.doInitializationTraced returned SQLiteDatabase: /data/user/0/com.google.android.apps.messaging/databases/bugle_db
10-31 18:41:49.788 11935 16833 E IPCThreadState: Process seems to be sending too many oneway calls.
10-31 18:41:49.843 17357 17383 I BugleRcsProvisioning: BugleSystemBindingManager: onBuglePhenotypeFlagChanged
10-31 18:41:49.845 17357 17383 I BugleTransport: Not kicking off update transport registration because RCS provisioning change has not been received.
10-31 18:41:49.846 17357 17382 I BugleRcsEngine: SystemBinding enabled: true [CONTEXT log_prefix="SystemBindingManager" thread_id=339664 ]
10-31 18:41:49.846 17357 17387 I BugleRcsEngine: getConfigServerUrl without simId [CONTEXT log_prefix="ProvisioningServerUtil" thread_id=339669 ]
10-31 18:41:49.847 17357 17382 I BugleRcsEngine: System Binding updated [CONTEXT thread_id=339664 ]
10-31 18:41:49.847 17357 17385 I BugleRcsEngine: getConfigServerUrl without simId [CONTEXT log_prefix="ProvisioningServerUtil" thread_id=339667 ]
10-31 18:41:49.892 17357 17385 I BugleRcsEngine: Using MCC based URL [CONTEXT log_prefix="ProvisioningServerUtil" thread_id=339667 ]
10-31 18:41:49.894 17357 17387 I BugleRcsEngine: Using MCC based URL [CONTEXT log_prefix="ProvisioningServerUtil" thread_id=339669 ]
10-31 18:41:49.900 17357 17385 I ProvisioningServerUtil: ProvisioningServerUtil: Getting mccmnc from SimPreferences.
10-31 18:41:49.900 17357 17387 I ProvisioningServerUtil: ProvisioningServerUtil: Getting mccmnc from SimPreferences.
10-31 18:41:49.924 17357 17396 I BugleDataModel: 2 not running because already up to date, upgradeCommand: EXECUTE_UPGRADE, version: 2
10-31 18:41:49.924 11935 16833 E oneway spamming:   #00 pc 0000000000063c88  /system/lib64/libbinder.so (android::BpBinder::transact(unsigned int, android::Parcel const&, android::Parcel*, unsigned int)+168) (BuildId: 5f57e1993803b2fdc20a467156c59ec1)
10-31 18:41:49.924 11935 16833 E oneway spamming:   #01 pc 00000000001a5768  /system/lib64/libandroid_runtime.so (android_os_BinderProxy_transact(_JNIEnv*, _jobject*, int, _jobject*, _jobject*, int)+152) (BuildId: b6f72dd3c5f7af09ed4154bd5df09446)
10-31 18:41:49.924 11935 16833 E oneway spamming:   #02 pc 0000000001997cfc  /data/misc/apexdata/com.android.art/dalvik-cache/arm64/boot.oat (art_jni_trampoline+140)
10-31 18:41:49.924 11935 16833 E oneway spamming:   #03 pc 0000000000ef0d4c  /data/misc/apexdata/com.android.art/dalvik-cache/arm64/boot.oat (android.os.BinderProxy.transact+1260)
10-31 18:41:49.924 11935 16833 E oneway spamming:   #04 pc 00000000022ba378  /data/app/~~YB6SQgbPHwXTonz1uiJkvw==/com.google.android.gms-lTe0xNIQQkKHRkvrVwKEHg==/oat/arm64/base.odex (emwi.g+472)
10-31 18:41:49.924 11935 16833 E oneway spamming:   #05 pc 0000000002d41380  /data/app/~~YB6SQgbPHwXTonz1uiJkvw==/com.google.android.gms-lTe0xNIQQkKHRkvrVwKEHg==/oat/arm64/base.odex (emxo.i+176)
10-31 18:41:49.924 11935 16833 E oneway spamming:   #06 pc 0000000000fb2c0c  /data/app/~~YB6SQgbPHwXTonz1uiJkvw==/com.google.android.gms-lTe0xNIQQkKHRkvrVwKEHg==/oat/arm64/base.odex (emwx.h+444)
10-31 18:41:49.924 11935 16833 E oneway spamming:   #07 pc 0000000000fb294c  /data/app/~~YB6SQgbPHwXTonz1uiJkvw==/com.google.android.gms-lTe0xNIQQkKHRkvrVwKEHg==/oat/arm64/base.odex (emwx.f+316)
10-31 18:41:49.924 11935 16833 E oneway spamming:   #08 pc 0000000000c0dd34  /data/app/~~YB6SQgbPHwXTonz1uiJkvw==/com.google.android.gms-lTe0xNIQQkKHRkvrVwKEHg==/oat/arm64/base.odex (cnfk.fx+52)
10-31 18:41:49.924 11935 16833 E oneway spamming:   #09 pc 0000000000da8a60  /data/app/~~YB6SQgbPHwXTonz1uiJkvw==/com.google.android.gms-lTe0xNIQQkKHRkvrVwKEHg==/oat/arm64/base.odex (cnfo.run+1968)
10-31 18:41:49.924 11935 16833 E oneway spamming:   #10 pc 00000000010c3034  /data/app/~~YB6SQgbPHwXTonz1uiJkvw==/com.google.android.gms-lTe0xNIQQkKHRkvrVwKEHg==/oat/arm64/base.odex (gits.run+1156)
10-31 18:41:49.924 11935 16833 E oneway spamming:   #11 pc 0000000000ce300c  /data/app/~~YB6SQgbPHwXTonz1uiJkvw==/com.google.android.gms-lTe0xNIQQkKHRkvrVwKEHg==/oat/arm64/base.odex (bdkw.c+300)
10-31 18:41:49.924 11935 16833 E oneway spamming:   #12 pc 0000000000ce3bf8  /data/app/~~YB6SQgbPHwXTonz1uiJkvw==/com.google.android.gms-lTe0xNIQQkKHRkvrVwKEHg==/oat/arm64/base.odex (bdkw.run+2120)
10-31 18:41:49.924 11935 16833 E oneway spamming:   #13 pc 00000000006d9e3c  /data/misc/apexdata/com.android.art/dalvik-cache/arm64/boot.oat (java.util.concurrent.ThreadPoolExecutor.runWorker+748)
10-31 18:41:49.924 11935 16833 E oneway spamming:   #14 pc 00000000006de3b0  /data/misc/apexdata/com.android.art/dalvik-cache/arm64/boot.oat (java.util.concurrent.ThreadPoolExecutor$Worker.run+64)
10-31 18:41:49.924 11935 16833 E oneway spamming:   #15 pc 0000000000cefda8  /data/app/~~YB6SQgbPHwXTonz1uiJkvw==/com.google.android.gms-lTe0xNIQQkKHRkvrVwKEHg==/oat/arm64/base.odex (bdqn.run+88)
10-31 18:41:49.924 11935 16833 E oneway spamming:   #16 pc 0000000000555ed8  /data/misc/apexdata/com.android.art/dalvik-cache/arm64/boot.oat (java.lang.Thread.run+72)
10-31 18:41:49.924 11935 16833 E oneway spamming:   #17 pc 0000000000317194  /apex/com.android.art/lib64/libart.so (art_quick_invoke_stub+612) (BuildId: eb4ec0f1d1c7267591d83fa87cb36390)
10-31 18:41:49.924 11935 16833 E oneway spamming:   #18 pc 0000000000302838  /apex/com.android.art/lib64/libart.so (art::ArtMethod::Invoke(art::Thread*, unsigned int*, unsigned int, art::JValue*, char const*)+216) (BuildId: eb4ec0f1d1c7267591d83fa87cb36390)
10-31 18:41:49.924 11935 16833 E oneway spamming:   #19 pc 00000000004c8298  /apex/com.android.art/lib64/libart.so (art::Thread::CreateCallback(void*)+932) (BuildId: eb4ec0f1d1c7267591d83fa87cb36390)
10-31 18:41:49.924 11935 16833 E oneway spamming:   #20 pc 00000000000bb37c  /apex/com.android.runtime/lib64/bionic/libc.so (__pthread_start(void*)+220) (BuildId: 630ff389959e135cd9916adf654830dd)
10-31 18:41:49.924 11935 16833 E oneway spamming:   #21 pc 00000000000ac600  /apex/com.android.runtime/lib64/bionic/libc.so (__start_thread+64) (BuildId: 630ff389959e135cd9916adf654830dd)
10-31 18:41:49.924 11935 16833 W BpBinder: Large outgoing transaction of 454972 bytes, interface descriptor , code 4
10-31 18:41:49.926 17357 17399 I BugleDataModel: 4 not running because already up to date, upgradeCommand: EXECUTE_UPGRADE, version: 1
10-31 18:41:49.928 17357 17396 I BugleDataModel: 3 not running because already up to date, upgradeCommand: EXECUTE_UPGRADE, version: 2
10-31 18:41:49.940 17357 17383 I BugleRcsEngine: Cannot use CS.apk as it's battery optimized [CONTEXT thread_id=339665 ]
10-31 18:41:49.942 17357 17383 I BugleSatellite: Processing Phenotype flag changes.
10-31 18:41:49.943 17357 17397 I BugleSatellite: Reporting to Telephony: SMS supported = true
10-31 18:41:49.952 17357 17373 W Binder  : Caught a RuntimeException from the binder stub implementation.
10-31 18:41:49.952 17357 17373 W Binder  : java.lang.UnsupportedOperationException
10-31 18:41:49.952 17357 17373 W Binder  : 	at com.google.android.gms.clearcut.internal.DefaultClearcutLoggerCallbacks.onLogError(PG:3)
10-31 18:41:49.952 17357 17373 W Binder  : 	at com.google.android.gms.clearcut.internal.IClearcutLoggerCallbacks$Stub.dispatchTransaction(PG:33)
10-31 18:41:49.952 17357 17373 W Binder  : 	at com.google.android.aidl.BaseStub.onTransact(PG:13)
10-31 18:41:49.952 17357 17373 W Binder  : 	at android.os.Binder.execTransactInternal(Binder.java:1566)
10-31 18:41:49.952 17357 17373 W Binder  : 	at android.os.Binder.execTransact(Binder.java:1505)
10-31 18:41:49.956 17357 17372 W Binder  : Caught a RuntimeException from the binder stub implementation.
10-31 18:41:49.956 17357 17372 W Binder  : java.lang.UnsupportedOperationException
10-31 18:41:49.956 17357 17372 W Binder  : 	at com.google.android.gms.clearcut.internal.DefaultClearcutLoggerCallbacks.onLogError(PG:3)
10-31 18:41:49.956 17357 17372 W Binder  : 	at com.google.android.gms.clearcut.internal.IClearcutLoggerCallbacks$Stub.dispatchTransaction(PG:33)
10-31 18:41:49.956 17357 17372 W Binder  : 	at com.google.android.aidl.BaseStub.onTransact(PG:13)
10-31 18:41:49.956 17357 17372 W Binder  : 	at android.os.Binder.execTransactInternal(Binder.java:1566)
10-31 18:41:49.956 17357 17372 W Binder  : 	at android.os.Binder.execTransact(Binder.java:1505)
10-31 18:41:50.862 17357 17372 W Binder  : Caught a RuntimeException from the binder stub implementation.
10-31 18:41:50.862 17357 17372 W Binder  : java.lang.UnsupportedOperationException
10-31 18:41:50.862 17357 17372 W Binder  : 	at com.google.android.gms.clearcut.internal.DefaultClearcutLoggerCallbacks.onLogError(PG:3)
10-31 18:41:50.862 17357 17372 W Binder  : 	at com.google.android.gms.clearcut.internal.IClearcutLoggerCallbacks$Stub.dispatchTransaction(PG:33)
10-31 18:41:50.862 17357 17372 W Binder  : 	at com.google.android.aidl.BaseStub.onTransact(PG:13)
10-31 18:41:50.862 17357 17372 W Binder  : 	at android.os.Binder.execTransactInternal(Binder.java:1566)
10-31 18:41:50.862 17357 17372 W Binder  : 	at android.os.Binder.execTransact(Binder.java:1505)
10-31 18:41:51.342 11935 16833 I NearbyMediums: No BLE Fast/GATT advertisements found in the latest cycle.
10-31 18:41:51.342 11935 16833 I NearbyMediums: Current Tracked Scanning Clients are : {NearbyConnections.EnvironmentMonitor, NearbySharing}
10-31 18:41:51.847 31785 31785 W AppOpsControllerImpl: Noted op: 1 with result allow for package com.android.phone
10-31 18:41:51.847 31785 31785 W AppOpsControllerImpl: Added item: AppOpItem(Op code=1, UID=1001, Package name=com.android.phone, Paused=false)
10-31 18:41:52.270 17357 17372 W Binder  : Caught a RuntimeException from the binder stub implementation.
10-31 18:41:52.270 17357 17372 W Binder  : java.lang.UnsupportedOperationException
10-31 18:41:52.270 17357 17372 W Binder  : 	at com.google.android.gms.clearcut.internal.DefaultClearcutLoggerCallbacks.onLogError(PG:3)
10-31 18:41:52.270 17357 17372 W Binder  : 	at com.google.android.gms.clearcut.internal.IClearcutLoggerCallbacks$Stub.dispatchTransaction(PG:33)
10-31 18:41:52.270 17357 17372 W Binder  : 	at com.google.android.aidl.BaseStub.onTransact(PG:13)
10-31 18:41:52.270 17357 17372 W Binder  : 	at android.os.Binder.execTransactInternal(Binder.java:1566)
10-31 18:41:52.270 17357 17372 W Binder  : 	at android.os.Binder.execTransact(Binder.java:1505)
10-31 18:41:52.941 17357 17400 I WM-WorkerWrapper: Worker result SUCCESS for Work [ id=f8c528d1-d757-4460-b2f2-cc76f693375d, tags={ com.google.android.apps.messaging.shared.datamodel.workqueue.WorkQueueWorkerShim,data_upgrade- } ]
10-31 18:41:53.884 17357 17372 W Binder  : Caught a RuntimeException from the binder stub implementation.
10-31 18:41:53.884 17357 17372 W Binder  : java.lang.UnsupportedOperationException
10-31 18:41:53.884 17357 17372 W Binder  : 	at com.google.android.gms.clearcut.internal.DefaultClearcutLoggerCallbacks.onLogError(PG:3)
10-31 18:41:53.884 17357 17372 W Binder  : 	at com.google.android.gms.clearcut.internal.IClearcutLoggerCallbacks$Stub.dispatchTransaction(PG:33)
10-31 18:41:53.884 17357 17372 W Binder  : 	at com.google.android.aidl.BaseStub.onTransact(PG:13)
10-31 18:41:53.884 17357 17372 W Binder  : 	at android.os.Binder.execTransactInternal(Binder.java:1566)
10-31 18:41:53.884 17357 17372 W Binder  : 	at android.os.Binder.execTransact(Binder.java:1505)
10-31 18:41:55.219 12162 12242 W dhlt    : Retrying :search process anchoring grpc connection after error.
10-31 18:41:55.219 12162 12242 W dhlt    : io.grpc.StatusException: UNAVAILABLE: Peer process crashed, exited or was killed (binderDied)
10-31 18:41:55.219 12162 12242 W dhlt    : 	at feaj.a(PG:17)
10-31 18:41:55.219 12162 12242 W dhlt    : 	at egry.a(PG:9)
10-31 18:41:55.219 12162 12242 W dhlt    : 	at fdrh.h(PG:1)
10-31 18:41:55.219 12162 12242 W dhlt    : 	at fdre.a(PG:28)
10-31 18:41:55.219 12162 12242 W dhlt    : 	at fdrx.run(PG:7)
10-31 18:41:55.219 12162 12242 W dhlt    : 	at fdyj.run(PG:12)
10-31 18:41:55.219 12162 12242 W dhlt    : 	at cljo.run(PG:5)
10-31 18:41:55.219 12162 12242 W dhlt    : 	at eoaw.run(PG:44)
10-31 18:41:55.219 12162 12242 W dhlt    : 	at clja.run(PG:83)
10-31 18:41:55.219 12162 12242 W dhlt    : 	at java.lang.Thread.run(Thread.java:1119)
10-31 18:41:55.219 12162 12242 W dhlt    : 	at clks.run(PG:62)
10-31 18:41:55.223 12162 12241 I dhkq    : (REDACTED) Search process anchoring outcome changed: %s.
10-31 18:41:55.487 11935 16529 I NetworkScheduler.Stats: (REDACTED) Task %s/%s finished executing. cause:%s result: %s elapsed_millis: %s uptime_millis: %s exec_start_elapsed_seconds: %s
10-31 18:41:56.465 17357 17377 I RcsAvailabilityCache: Cached availability not found for simId: redacted-pii:sim_id[chars:20,last3:300]
10-31 18:41:56.488 17357 17406 W Binder  : Caught a RuntimeException from the binder stub implementation.
10-31 18:41:56.488 17357 17406 W Binder  : java.lang.UnsupportedOperationException
10-31 18:41:56.488 17357 17406 W Binder  : 	at com.google.android.gms.clearcut.internal.DefaultClearcutLoggerCallbacks.onLogError(PG:3)
10-31 18:41:56.488 17357 17406 W Binder  : 	at com.google.android.gms.clearcut.internal.IClearcutLoggerCallbacks$Stub.dispatchTransaction(PG:33)
10-31 18:41:56.488 17357 17406 W Binder  : 	at com.google.android.aidl.BaseStub.onTransact(PG:13)
10-31 18:41:56.488 17357 17406 W Binder  : 	at android.os.Binder.execTransactInternal(Binder.java:1566)
10-31 18:41:56.488 17357 17406 W Binder  : 	at android.os.Binder.execTransact(Binder.java:1505)
10-31 18:41:56.854 31785 31842 W AppOpsControllerImpl: Removed item: AppOpItem(Op code=1, UID=1001, Package name=com.android.phone, Paused=false)false)
10-31 18:41:57.027 17357 17406 W Binder  : Caught a RuntimeException from the binder stub implementation.
10-31 18:41:57.027 17357 17406 W Binder  : java.lang.UnsupportedOperationException
10-31 18:41:57.027 17357 17406 W Binder  : 	at com.google.android.gms.clearcut.internal.DefaultClearcutLoggerCallbacks.onLogError(PG:3)
10-31 18:41:57.027 17357 17406 W Binder  : 	at com.google.android.gms.clearcut.internal.IClearcutLoggerCallbacks$Stub.dispatchTransaction(PG:33)
10-31 18:41:57.027 17357 17406 W Binder  : 	at com.google.android.aidl.BaseStub.onTransact(PG:13)
10-31 18:41:57.027 17357 17406 W Binder  : 	at android.os.Binder.execTransactInternal(Binder.java:1566)
10-31 18:41:57.027 17357 17406 W Binder  : 	at android.os.Binder.execTransact(Binder.java:1505)
10-31 18:41:58.105 17414 17414 I ivo.share:proxy: Using CollectorTypeCC GC.
10-31 18:41:58.109 17414 17414 E ivo.share:proxy: Not starting debugger since process cannot load the jdwp agent.
10-31 18:41:58.123 17414 17414 E ivo.share:proxy: BBinder_init Processname  <pre-initialized>  
10-31 18:41:58.157 17414 17414 E linker  : library "/system/dyn/priv-app/VivoShare/oat/arm64/VivoShare.odex" ("/system/dyn/priv-app/VivoShare/oat/arm64/VivoShare.odex") needed or dlopened by "/apex/com.android.art/lib64/libart.so" is not accessible for the namespace: [name="(default)", ld_library_paths="", default_library_paths="/system/lib64:/system_ext/lib64", permitted_paths="/system/lib64/drm:/system/lib64/extractors:/system/lib64/hw:/system_ext/lib64:/system/framework:/system/app:/system/priv-app:/system/custom/app:/system/custom/priv-app:/system_ext/framework:/system_ext/app:/system_ext/priv-app:/vendor/framework:/vendor/app:/vendor/priv-app:/system/vendor/framework:/system/vendor/app:/system/vendor/priv-app:/odm/framework:/odm/app:/odm/priv-app:/oem/app:/product/framework:/product/app:/product/priv-app:/data:/mnt/expand:/apex/com.android.runtime/lib64/bionic:/system/lib64/bootstrap"]
10-31 18:41:58.299 17414 17414 E ivo.share:proxy: BBinder_init Processname  com.vivo.share:proxy  
10-31 18:41:58.300 17414 17414 E ivo.share:proxy: BBinder_init hasGetProcessName  com.vivo.share:proxy
10-31 18:41:59.282 11935 16818 I NearbyConnections: Found BleAdvertisement [ 0x23 0x46 0x38 0x42 0x45 0x11 0x32 0x33 0xad 0x3b 0xb5 0x7c 0xe0 0x7b 0x16 0xf4 0x4e 0x80 0xf7 0x81 0x34 0x3f 0xd8 ] (with EndpointId F8BE and EndpointInfo [ 0x32 0x33 0xad 0x3b 0xb5 0x7c 0xe0 0x7b 0x16 0xf4 0x4e 0x80 0xf7 0x81 0x34 0x3f 0xd8 ])
10-31 18:41:59.284 11935 16818 I NearbyConnections: ClientProxy(29819773 0p:com.google.android.gms.nearby.sharing) reporting onEndpointFound(F8BE)
10-31 18:41:59.285 11935 16818 I NearbyConnections: ClientProxy(29819773) reporting onEndpointDistanceChanged(F8BE, UNKNOWN)
10-31 18:41:59.288 11935 17009 I NearbySharing: NearbySharing Internal event EndpointDiscovered(endpointId=F8BE)
10-31 18:42:00.124 17443 17443 I com.vivo.share: Using CollectorTypeCC GC.
10-31 18:42:00.129 17443 17443 E com.vivo.share: Not starting debugger since process cannot load the jdwp agent.
10-31 18:42:00.142 17443 17443 E com.vivo.share: BBinder_init Processname  <pre-initialized>  
10-31 18:42:00.173 17443 17443 E linker  : library "/system/dyn/priv-app/VivoShare/oat/arm64/VivoShare.odex" ("/system/dyn/priv-app/VivoShare/oat/arm64/VivoShare.odex") needed or dlopened by "/apex/com.android.art/lib64/libart.so" is not accessible for the namespace: [name="(default)", ld_library_paths="", default_library_paths="/system/lib64:/system_ext/lib64", permitted_paths="/system/lib64/drm:/system/lib64/extractors:/system/lib64/hw:/system_ext/lib64:/system/framework:/system/app:/system/priv-app:/system/custom/app:/system/custom/priv-app:/system_ext/framework:/system_ext/app:/system_ext/priv-app:/vendor/framework:/vendor/app:/vendor/priv-app:/system/vendor/framework:/system/vendor/app:/system/vendor/priv-app:/odm/framework:/odm/app:/odm/priv-app:/oem/app:/product/framework:/product/app:/product/priv-app:/data:/mnt/expand:/apex/com.android.runtime/lib64/bionic:/system/lib64/bootstrap"]
10-31 18:42:00.259 17443 17443 E com.vivo.share: BBinder_init Processname  com.vivo.share  
10-31 18:42:00.259 17443 17443 E com.vivo.share: BBinder_init hasGetProcessName  com.vivo.share
10-31 18:42:01.344 11935 17009 I NearbyMediums: Found Fast Ble Advertisements :
10-31 18:42:01.344 11935 17009 I NearbyMediums: BleAdvertisement { version=2, socketVersion=2, isFast=true, serviceIdHash=null, data=[ 0x23 0x46 0x38 0x42 0x45 0x11 0x32 0x33 0xad 0x3b 0xb5 0x7c 0xe0 0x7b 0x16 0xf4 0x4e 0x80 0xf7 0x81 0x34 0x3f 0xd8 ], deviceToken=[ 0xc6 0x79 ], rxAdvertisement=null } : 1 times.
10-31 18:42:01.344 11935 17009 I NearbyMediums: Total 1 fast advertisements from 1 unique advertisers.
10-31 18:42:01.345 11935 17009 I NearbyMediums: Current Tracked Scanning Clients are : {NearbyConnections.EnvironmentMonitor, NearbySharing}
10-31 18:42:02.212 11935 17352 W LogErrorOperation: onLogError callback failed.
10-31 18:42:02.223 11935 11946 W .gms.persistent: Missing inline cache for void btfx.c(java.util.List)
10-31 18:42:03.462 31785 31785 W WindowOnBackDispatcher: OnBackInvokedCallback is not enabled for the application.
10-31 18:42:03.462 31785 31785 W WindowOnBackDispatcher: Set 'android:enableOnBackInvokedCallback="true"' in the application manifest.
10-31 18:42:03.555 31785 31891 E BlurRenderer: test gpu blur GpuTextureRenderer doBlurByRenderScript <--
10-31 18:42:03.609 31785 31785 E QSAnimator: tile is panel tile 
10-31 18:42:03.609 31785 31785 E QSAnimator: tile is panel tile 
10-31 18:42:03.662 31785 31785 E QSAnimator: tile is panel tile 
10-31 18:42:03.662 31785 31785 E QSAnimator: tile is panel tile 
10-31 18:42:04.492 17357 17400 I Bugle   : BugleStartup: Registering SIM change receiver...
10-31 18:42:04.496 17357 17400 I Bugle   : BugleStartup: Updating app config...
10-31 18:42:04.503 17357 17400 I Bugle   : BugleStartup: Done with SIM change receiver & app config.
10-31 18:42:04.504 17357 17400 I Bugle   : BugleStartup: Handling shared prefs upgrade & Load MMS Configuration...
10-31 18:42:04.532 17357 17400 I BugleDataModel: Scheduling country code detector action, because a subscription changed its state.
10-31 18:42:04.534 17357 17384 I BugleRcsEngine: Unexpected action: android.intent.action.SIM_STATE_CHANGED [CONTEXT log_prefix="(Sim)" thread_id=339666 ]
10-31 18:42:04.535 17357 17496 I BugleRcsEngine: do not delay first event [CONTEXT thread_id=339687 ]
10-31 18:42:04.536 17357 17385 I RcsProvisioningFlow: Received intent action: android.intent.action.SIM_STATE_CHANGED with extra SIM_STATE: ABSENT
10-31 18:42:04.537 17357 17385 I RcsProvisioningFlow: Sending sim removal verification work request to scheduler due to ABSENT.
10-31 18:42:04.538 17357 17395 I Bugle   : BugleStartup: Initializing RCS availability...
10-31 18:42:04.540 17357 17395 I Bugle   : BugleStartup: Done with RCS availability.
10-31 18:42:04.540 17357 17395 I Bugle   : BugleStartup: Done initializing with enabled individual init failures.
10-31 18:42:04.543 17357 17397 I RcsProvisioningFlow: Beginning update task for phone SIMs state scheduledAt: 2025-10-31T13:12:04.536Z
10-31 18:42:04.543 17357 17385 I RcsProvisioningFlow: Scheduling 2 using PWQ with updateTrigger: 7, scheduledAt: 2025-10-31T13:12:04.537Z, initialDelaySeconds: 90.
10-31 18:42:04.547 17357 17387 I BugleDataModel: ExecuteActionRunnable: running action CountryCodeDetectorAction
10-31 18:42:04.549 17357 17496 I BugleRcsEngine: Processing an intent [CONTEXT log_prefix="(Sim)" thread_id=339687 ]
10-31 18:42:04.550 17357 17387 I BugleDataModel: ActionExecutorImpl: ACTION_BACKGROUND_QUEUED_CountryCodeDetectorAction
10-31 18:42:04.553 17357 17383 I BugleDataModel: ActionExecutorImpl: ACTION_EXECUTE_QUEUED_CountryCodeDetectorAction
10-31 18:42:04.553 17357 17397 I RcsProvisioningFlow: Lock acquired for updatng phone SIMs state with update trigger: 1.
10-31 18:42:04.555 17357 17496 I BugleRcsEngine: SIM state LOADED [CONTEXT log_prefix="(Sim)" thread_id=339687 ]
10-31 18:42:04.557 17357 17385 I Bugle   : BroadcastReceiverAsyncWorkTracker: Acknowledging broadcast of csdb@e09076a
10-31 18:42:04.558 17357 17377 I BugleRcsEngine: Cannot use CS.apk as it's battery optimized [CONTEXT thread_id=339659 ]
10-31 18:42:04.560 17357 17397 I BugleSimStateTracker: Looking up Fi through package names.
10-31 18:42:04.561 17357 17400 I BugleDataModel: Scheduling self participants refresh action, because a subscription changed its state.
10-31 18:42:04.567 17357 17395 I Bugle   : CountryCodeDetector: updateSmsNetworkCountry from default subscription network country. detected country: in
10-31 18:42:04.568 17357 17395 I BugleDataModel: ActionExecutorImpl: ACTION_RESPONSE_QUEUED_CountryCodeDetectorAction
10-31 18:42:04.582 17357 17496 I BugleRcsEngine: SIM changed: false. current id: redacted-pii:sim_id[chars:20,last3:300]; stored id: redacted-pii:sim_id[chars:20,last3:300]; isFiDevice: false; subId: 1; slotIndex: 0 [CONTEXT log_prefix="(Sim)" thread_id=339687 ]
10-31 18:42:04.594 17357 17397 I BugleSimStateTracker: default call SIM: redacted-pii:sim_id[chars:20,last3:300], default sms SIM redacted-pii:sim_id[chars:20,last3:300]. default data SIM redacted-pii:sim_id[chars:20,last3:300].
10-31 18:42:04.611 17357 17397 I BugleSimStateTracker: Is carrier config for identified carrier: true
10-31 18:42:04.621 17357 17401 W Bugle   : BuglePhoneNumberUtils: canonicalizeMccMnc: invalid mccmnc. mcc: null, mnc: null
10-31 18:42:04.626 17357 17496 I BugleRcsEngine: Skipping writing subId because this is main bugle process. [CONTEXT log_prefix="(Sim)" thread_id=339687 ]
10-31 18:42:04.630 17357 17496 I BugleRcsEngine: Updated SIM info: currentSimId: redacted-pii:sim_id[chars:20,last3:300]; imsi: redacted-pii:imsi[chars:15]; rawMsisdn: redacted-pii:phone_number[chars:12,last2:51]; formattedMsisdn: redacted-pii:phone_number[chars:13,last2:51]; mccmnc: redacted-pii:sim_operator[chars:6]; gid1: redacted-pii:sim_gid[chars:20]; isFiDevice: false; subId: 1; slotIndex: 0 [CONTEXT log_prefix="(Sim)" thread_id=339687 ]
10-31 18:42:04.634 17357 17496 I BugleRcsEngine: Handling SIM_LOADED in PhoneSimsStateUpdater. [CONTEXT log_prefix="(Sim)" thread_id=339687 ]
10-31 18:42:04.642 17357 17397 I BugleSimStateTracker: Looking up Fi through package names.
10-31 18:42:04.647 17357 17406 W Binder  : Caught a RuntimeException from the binder stub implementation.
10-31 18:42:04.647 17357 17406 W Binder  : java.lang.UnsupportedOperationException
10-31 18:42:04.647 17357 17406 W Binder  : 	at com.google.android.gms.clearcut.internal.DefaultClearcutLoggerCallbacks.onLogError(PG:3)
10-31 18:42:04.647 17357 17406 W Binder  : 	at com.google.android.gms.clearcut.internal.IClearcutLoggerCallbacks$Stub.dispatchTransaction(PG:33)
10-31 18:42:04.647 17357 17406 W Binder  : 	at com.google.android.aidl.BaseStub.onTransact(PG:13)
10-31 18:42:04.647 17357 17406 W Binder  : 	at android.os.Binder.execTransactInternal(Binder.java:1566)
10-31 18:42:04.647 17357 17406 W Binder  : 	at android.os.Binder.execTransact(Binder.java:1505)
10-31 18:42:04.652 17357 17397 I Bugle   : CountryCodeDetector: updateSmsNetworkCountry from default subscription network country. detected country: in
10-31 18:42:04.672 17357 17397 I RcsProvisioningFlow: All newly built SimSubscriptionInfos: [(simId: redacted-pii:sim_id[chars:20,last3:300],
10-31 18:42:04.672 17357 17397 I RcsProvisioningFlow: subId: 1,
10-31 18:42:04.672 17357 17397 I RcsProvisioningFlow: simSlot: 0,
10-31 18:42:04.672 17357 17397 I RcsProvisioningFlow: imsi: redacted-pii:imsi[chars:15],
10-31 18:42:04.672 17357 17397 I RcsProvisioningFlow: phoneNumber: redacted-pii:phone_number[chars:12,last2:51],
10-31 18:42:04.672 17357 17397 I RcsProvisioningFlow: countryCode: IN,
10-31 18:42:04.672 17357 17397 I RcsProvisioningFlow: networkOperatorName: ,
10-31 18:42:04.672 17357 17397 I RcsProvisioningFlow: subscriptionGroupUuid: ,
10-31 18:42:04.672 17357 17397 I RcsProvisioningFlow: mcc: 405,
10-31 18:42:04.672 17357 17397 I RcsProvisioningFlow: mnc: 854,
10-31 18:42:04.672 17357 17397 I RcsProvisioningFlow: simCarrierId: 2018,
10-31 18:42:04.672 17357 17397 I RcsProvisioningFlow: iccid: redacted-pii:sim_iccid[chars:20],
10-31 18:42:04.672 17357 17397 I RcsProvisioningFlow: isFi: false,
10-31 18:42:04.672 17357 17397 I RcsProvisioningFlow: loggableGuid: 9f724bff-3f9f-4454-9428-4fdceffc2a28,
10-31 18:42:04.672 17357 17397 I RcsProvisioningFlow: formattedMsisdn: redacted-pii:phone_number[chars:13,last2:51],
10-31 18:42:04.672 17357 17397 I RcsProvisioningFlow: simOperatorName: Jio,
10-31 18:42:04.672 17357 17397 I RcsProvisioningFlow: simOperator: 405854,
10-31 18:42:04.672 17357 17397 I RcsProvisioningFlow: groupIdLevel1: FFFFFFFFFFFFFFFFFFFF,
10-31 18:42:04.672 17357 17397 I RcsProvisioningFlow: preferredSubscriptionName: Indla)]
